
Memory Configuration

Name             Origin             Length             Attributes
Mem              0x00000000         0x04000000         xrw
*default*        0x00000000         0xffffffff

Linker script and memory map

                0x00010000                . = 0x10000

.startup        0x00010000       0x10
 startup.o(.text)
 .text          0x00010000       0x10 startup.o
                0x00010000                reset

.text           0x00010010       0x70
 *(.text)
 .text          0x00010010       0x1c app.o
                0x00010010                main
 .text          0x0001002c       0x54 uart.o
                0x0001002c                UART_Send_String
 *(.rodata)

.glue_7         0x00010080        0x0
 .glue_7        0x00010080        0x0 linker stubs

.glue_7t        0x00010080        0x0
 .glue_7t       0x00010080        0x0 linker stubs

.vfp11_veneer   0x00010080        0x0
 .vfp11_veneer  0x00010080        0x0 linker stubs

.v4_bx          0x00010080        0x0
 .v4_bx         0x00010080        0x0 linker stubs

.iplt           0x00010080        0x0
 .iplt          0x00010080        0x0 startup.o

.rel.dyn        0x00010080        0x0
 .rel.iplt      0x00010080        0x0 startup.o

.data           0x00010080       0x64
 *(.data)
 .data          0x00010080        0x0 startup.o
 .data          0x00010080       0x64 app.o
                0x00010080                string_buffer
 .data          0x000100e4        0x0 uart.o

.igot.plt       0x000100e4        0x0
 .igot.plt      0x000100e4        0x0 startup.o

.bss            0x000100e4        0x0
 *(.bss)
 .bss           0x000100e4        0x0 startup.o
 .bss           0x000100e4        0x0 app.o
 .bss           0x000100e4        0x0 uart.o
 *(COMMAN)
                0x000110e4                . = (. + 0x1000)
                0x000110e4                STACK_TOP = .
LOAD app.o
LOAD uart.o
OUTPUT(Karem.elf elf32-littlearm)

.ARM.attributes
                0x00000000       0x2e
 .ARM.attributes
                0x00000000       0x22 startup.o
 .ARM.attributes
                0x00000022       0x32 app.o
 .ARM.attributes
                0x00000054       0x32 uart.o

.comment        0x00000000       0x7e
 .comment       0x00000000       0x7e app.o
                                 0x7f (size before relaxing)
 .comment       0x0000007e       0x7f uart.o

.debug_line     0x00000000      0x266
 .debug_line    0x00000000       0x3a startup.o
 .debug_line    0x0000003a      0x10a app.o
 .debug_line    0x00000144      0x122 uart.o

.debug_info     0x00000000      0x1ec
 .debug_info    0x00000000       0x26 startup.o
 .debug_info    0x00000026       0xc9 app.o
 .debug_info    0x000000ef       0xfd uart.o

.debug_abbrev   0x00000000       0xf6
 .debug_abbrev  0x00000000       0x14 startup.o
 .debug_abbrev  0x00000014       0x72 app.o
 .debug_abbrev  0x00000086       0x70 uart.o

.debug_aranges  0x00000000       0x60
 .debug_aranges
                0x00000000       0x20 startup.o
 .debug_aranges
                0x00000020       0x20 app.o
 .debug_aranges
                0x00000040       0x20 uart.o

.debug_str      0x00000000      0x1c7
 .debug_str     0x00000000       0xa4 startup.o
 .debug_str     0x000000a4       0xdd app.o
                                0x1a9 (size before relaxing)
 .debug_str     0x00000181       0x46 uart.o
                                0x1df (size before relaxing)

.debug_frame    0x00000000       0x5c
 .debug_frame   0x00000000       0x2c app.o
 .debug_frame   0x0000002c       0x30 uart.o
