stm32f103x8_EXTI_driver.c:43:6:Enable_NVIC	16	static
stm32f103x8_EXTI_driver.c:82:6:Disable_NVIC	16	static
stm32f103x8_EXTI_driver.c:125:6:Update_EXTI	24	static
stm32f103x8_EXTI_driver.c:199:6:MCAL_EXTI_GPIO_DeInit	4	static
stm32f103x8_EXTI_driver.c:233:6:MCAL_EXTI_GPIO_Init	16	static
stm32f103x8_EXTI_driver.c:247:6:MCAL_EXTI_GPIO_Update	16	static
stm32f103x8_EXTI_driver.c:262:6:EXTI0_IRQHandler	8	static
stm32f103x8_EXTI_driver.c:270:6:EXTI1_IRQHandler	8	static
stm32f103x8_EXTI_driver.c:276:6:EXTI2_IRQHandler	8	static
stm32f103x8_EXTI_driver.c:282:6:EXTI3_IRQHandler	8	static
stm32f103x8_EXTI_driver.c:288:6:EXTI4_IRQHandler	8	static
stm32f103x8_EXTI_driver.c:293:6:EXTI9_5_IRQHandler	8	static
stm32f103x8_EXTI_driver.c:302:6:EXTI15_10_IRQHandler	8	static
