stm32f103x8_USART_driver.c:43:6:MCAL_UART_Init	24	static
stm32f103x8_USART_driver.c:127:6:MCAL_UART_DeInit	16	static
stm32f103x8_USART_driver.c:178:6:MCAL_UART_SendData	24	static
stm32f103x8_USART_driver.c:212:6:MCAL_UART_WAIT_TC	16	static
stm32f103x8_USART_driver.c:220:6:MCAL_UART_ReceiveData	24	static
stm32f103x8_USART_driver.c:273:6:MCAL_UART_GPIO_Set_Pins	24	static
stm32f103x8_USART_driver.c:400:6:USART1_IRQHandler	8	static
stm32f103x8_USART_driver.c:407:6:USART2_IRQHandler	8	static
stm32f103x8_USART_driver.c:412:6:USART3_IRQHandler	8	static
