Archive member included to satisfy reference by file (symbol)

d:/learn_in_depth/work space/2_embedded_c/stm32cubeide/plugins/com.st.stm32cube.ide.mcu.externaltools.gnu-tools-for-stm32.7-2018-q2-update.win32_1.4.0.202007081208/tools/bin/../lib/gcc/arm-none-eabi/7.3.1/../../../../arm-none-eabi/lib/thumb/v7-m\libc_nano.a(lib_a-errno.o)
                              Src/syscalls.o (__errno)
d:/learn_in_depth/work space/2_embedded_c/stm32cubeide/plugins/com.st.stm32cube.ide.mcu.externaltools.gnu-tools-for-stm32.7-2018-q2-update.win32_1.4.0.202007081208/tools/bin/../lib/gcc/arm-none-eabi/7.3.1/../../../../arm-none-eabi/lib/thumb/v7-m\libc_nano.a(lib_a-exit.o)
                              d:/learn_in_depth/work space/2_embedded_c/stm32cubeide/plugins/com.st.stm32cube.ide.mcu.externaltools.gnu-tools-for-stm32.7-2018-q2-update.win32_1.4.0.202007081208/tools/bin/../lib/gcc/arm-none-eabi/7.3.1/../../../../arm-none-eabi/lib/thumb/v7-m/crt0.o (exit)
d:/learn_in_depth/work space/2_embedded_c/stm32cubeide/plugins/com.st.stm32cube.ide.mcu.externaltools.gnu-tools-for-stm32.7-2018-q2-update.win32_1.4.0.202007081208/tools/bin/../lib/gcc/arm-none-eabi/7.3.1/../../../../arm-none-eabi/lib/thumb/v7-m\libc_nano.a(lib_a-impure.o)
                              d:/learn_in_depth/work space/2_embedded_c/stm32cubeide/plugins/com.st.stm32cube.ide.mcu.externaltools.gnu-tools-for-stm32.7-2018-q2-update.win32_1.4.0.202007081208/tools/bin/../lib/gcc/arm-none-eabi/7.3.1/../../../../arm-none-eabi/lib/thumb/v7-m\libc_nano.a(lib_a-exit.o) (_global_impure_ptr)
d:/learn_in_depth/work space/2_embedded_c/stm32cubeide/plugins/com.st.stm32cube.ide.mcu.externaltools.gnu-tools-for-stm32.7-2018-q2-update.win32_1.4.0.202007081208/tools/bin/../lib/gcc/arm-none-eabi/7.3.1/../../../../arm-none-eabi/lib/thumb/v7-m\libc_nano.a(lib_a-init.o)
                              d:/learn_in_depth/work space/2_embedded_c/stm32cubeide/plugins/com.st.stm32cube.ide.mcu.externaltools.gnu-tools-for-stm32.7-2018-q2-update.win32_1.4.0.202007081208/tools/bin/../lib/gcc/arm-none-eabi/7.3.1/../../../../arm-none-eabi/lib/thumb/v7-m/crt0.o (__libc_init_array)
d:/learn_in_depth/work space/2_embedded_c/stm32cubeide/plugins/com.st.stm32cube.ide.mcu.externaltools.gnu-tools-for-stm32.7-2018-q2-update.win32_1.4.0.202007081208/tools/bin/../lib/gcc/arm-none-eabi/7.3.1/../../../../arm-none-eabi/lib/thumb/v7-m\libc_nano.a(lib_a-memset.o)
                              d:/learn_in_depth/work space/2_embedded_c/stm32cubeide/plugins/com.st.stm32cube.ide.mcu.externaltools.gnu-tools-for-stm32.7-2018-q2-update.win32_1.4.0.202007081208/tools/bin/../lib/gcc/arm-none-eabi/7.3.1/../../../../arm-none-eabi/lib/thumb/v7-m/crt0.o (memset)

Allocating common symbols
Common symbol       size              file

PinCfg              0x4               HAL/lcd.o
ch                  0x4               Src/main.o
GP_IRQ_CallBack     0x3c              Stm32_F103C6_Drivers/stm32f103x8_EXTI_driver.o

Discarded input sections

 .text          0x0000000000000000        0x0 d:/learn_in_depth/work space/2_embedded_c/stm32cubeide/plugins/com.st.stm32cube.ide.mcu.externaltools.gnu-tools-for-stm32.7-2018-q2-update.win32_1.4.0.202007081208/tools/bin/../lib/gcc/arm-none-eabi/7.3.1/thumb/v7-m/crti.o
 .data          0x0000000000000000        0x0 d:/learn_in_depth/work space/2_embedded_c/stm32cubeide/plugins/com.st.stm32cube.ide.mcu.externaltools.gnu-tools-for-stm32.7-2018-q2-update.win32_1.4.0.202007081208/tools/bin/../lib/gcc/arm-none-eabi/7.3.1/thumb/v7-m/crti.o
 .bss           0x0000000000000000        0x0 d:/learn_in_depth/work space/2_embedded_c/stm32cubeide/plugins/com.st.stm32cube.ide.mcu.externaltools.gnu-tools-for-stm32.7-2018-q2-update.win32_1.4.0.202007081208/tools/bin/../lib/gcc/arm-none-eabi/7.3.1/thumb/v7-m/crti.o
 .data          0x0000000000000000        0x4 d:/learn_in_depth/work space/2_embedded_c/stm32cubeide/plugins/com.st.stm32cube.ide.mcu.externaltools.gnu-tools-for-stm32.7-2018-q2-update.win32_1.4.0.202007081208/tools/bin/../lib/gcc/arm-none-eabi/7.3.1/thumb/v7-m/crtbegin.o
 .text          0x0000000000000000       0x74 d:/learn_in_depth/work space/2_embedded_c/stm32cubeide/plugins/com.st.stm32cube.ide.mcu.externaltools.gnu-tools-for-stm32.7-2018-q2-update.win32_1.4.0.202007081208/tools/bin/../lib/gcc/arm-none-eabi/7.3.1/../../../../arm-none-eabi/lib/thumb/v7-m/crt0.o
 .data          0x0000000000000000        0x0 d:/learn_in_depth/work space/2_embedded_c/stm32cubeide/plugins/com.st.stm32cube.ide.mcu.externaltools.gnu-tools-for-stm32.7-2018-q2-update.win32_1.4.0.202007081208/tools/bin/../lib/gcc/arm-none-eabi/7.3.1/../../../../arm-none-eabi/lib/thumb/v7-m/crt0.o
 .bss           0x0000000000000000        0x0 d:/learn_in_depth/work space/2_embedded_c/stm32cubeide/plugins/com.st.stm32cube.ide.mcu.externaltools.gnu-tools-for-stm32.7-2018-q2-update.win32_1.4.0.202007081208/tools/bin/../lib/gcc/arm-none-eabi/7.3.1/../../../../arm-none-eabi/lib/thumb/v7-m/crt0.o
 .ARM.extab     0x0000000000000000        0x0 d:/learn_in_depth/work space/2_embedded_c/stm32cubeide/plugins/com.st.stm32cube.ide.mcu.externaltools.gnu-tools-for-stm32.7-2018-q2-update.win32_1.4.0.202007081208/tools/bin/../lib/gcc/arm-none-eabi/7.3.1/../../../../arm-none-eabi/lib/thumb/v7-m/crt0.o
 .ARM.exidx     0x0000000000000000        0x8 d:/learn_in_depth/work space/2_embedded_c/stm32cubeide/plugins/com.st.stm32cube.ide.mcu.externaltools.gnu-tools-for-stm32.7-2018-q2-update.win32_1.4.0.202007081208/tools/bin/../lib/gcc/arm-none-eabi/7.3.1/../../../../arm-none-eabi/lib/thumb/v7-m/crt0.o
 .ARM.attributes
                0x0000000000000000       0x1b d:/learn_in_depth/work space/2_embedded_c/stm32cubeide/plugins/com.st.stm32cube.ide.mcu.externaltools.gnu-tools-for-stm32.7-2018-q2-update.win32_1.4.0.202007081208/tools/bin/../lib/gcc/arm-none-eabi/7.3.1/../../../../arm-none-eabi/lib/thumb/v7-m/crt0.o
 .group         0x0000000000000000        0xc HAL/keypad.o
 .group         0x0000000000000000        0xc HAL/keypad.o
 .group         0x0000000000000000        0xc HAL/keypad.o
 .group         0x0000000000000000        0xc HAL/keypad.o
 .group         0x0000000000000000        0xc HAL/keypad.o
 .group         0x0000000000000000        0xc HAL/keypad.o
 .group         0x0000000000000000        0xc HAL/keypad.o
 .group         0x0000000000000000        0xc HAL/keypad.o
 .group         0x0000000000000000        0xc HAL/keypad.o
 .group         0x0000000000000000        0xc HAL/keypad.o
 .group         0x0000000000000000        0xc HAL/keypad.o
 .group         0x0000000000000000        0xc HAL/keypad.o
 .group         0x0000000000000000        0xc HAL/keypad.o
 .group         0x0000000000000000        0xc HAL/keypad.o
 .group         0x0000000000000000        0xc HAL/keypad.o
 .group         0x0000000000000000        0xc HAL/keypad.o
 .group         0x0000000000000000        0xc HAL/keypad.o
 .group         0x0000000000000000        0xc HAL/keypad.o
 .group         0x0000000000000000        0xc HAL/keypad.o
 .group         0x0000000000000000        0xc HAL/keypad.o
 .group         0x0000000000000000        0xc HAL/keypad.o
 .group         0x0000000000000000        0xc HAL/keypad.o
 .group         0x0000000000000000        0xc HAL/keypad.o
 .group         0x0000000000000000        0xc HAL/keypad.o
 .group         0x0000000000000000        0xc HAL/keypad.o
 .text          0x0000000000000000        0x0 HAL/keypad.o
 .data          0x0000000000000000        0x0 HAL/keypad.o
 .bss           0x0000000000000000        0x0 HAL/keypad.o
 .data.Key_padRow
                0x0000000000000000       0x10 HAL/keypad.o
 .data.Key_padCol
                0x0000000000000000       0x10 HAL/keypad.o
 .text.delay_mss
                0x0000000000000000       0x38 HAL/keypad.o
 .text.Keypad_init
                0x0000000000000000       0xcc HAL/keypad.o
 .text.Keypad_getkey
                0x0000000000000000      0x194 HAL/keypad.o
 .debug_info    0x0000000000000000      0xb48 HAL/keypad.o
 .debug_abbrev  0x0000000000000000      0x1de HAL/keypad.o
 .debug_loc     0x0000000000000000       0xfc HAL/keypad.o
 .debug_aranges
                0x0000000000000000       0x30 HAL/keypad.o
 .debug_ranges  0x0000000000000000       0x20 HAL/keypad.o
 .debug_macro   0x0000000000000000      0x152 HAL/keypad.o
 .debug_macro   0x0000000000000000      0xa60 HAL/keypad.o
 .debug_macro   0x0000000000000000       0x18 HAL/keypad.o
 .debug_macro   0x0000000000000000       0x22 HAL/keypad.o
 .debug_macro   0x0000000000000000       0x40 HAL/keypad.o
 .debug_macro   0x0000000000000000       0x94 HAL/keypad.o
 .debug_macro   0x0000000000000000       0x3c HAL/keypad.o
 .debug_macro   0x0000000000000000       0x34 HAL/keypad.o
 .debug_macro   0x0000000000000000       0x16 HAL/keypad.o
 .debug_macro   0x0000000000000000      0x10e HAL/keypad.o
 .debug_macro   0x0000000000000000       0x8d HAL/keypad.o
 .debug_macro   0x0000000000000000       0x57 HAL/keypad.o
 .debug_macro   0x0000000000000000       0x52 HAL/keypad.o
 .debug_macro   0x0000000000000000       0x1f HAL/keypad.o
 .debug_macro   0x0000000000000000       0x43 HAL/keypad.o
 .debug_macro   0x0000000000000000       0x20 HAL/keypad.o
 .debug_macro   0x0000000000000000      0x1a3 HAL/keypad.o
 .debug_macro   0x0000000000000000      0x330 HAL/keypad.o
 .debug_macro   0x0000000000000000       0x16 HAL/keypad.o
 .debug_macro   0x0000000000000000       0x29 HAL/keypad.o
 .debug_macro   0x0000000000000000       0xef HAL/keypad.o
 .debug_macro   0x0000000000000000       0x6a HAL/keypad.o
 .debug_macro   0x0000000000000000      0x1df HAL/keypad.o
 .debug_macro   0x0000000000000000      0x240 HAL/keypad.o
 .debug_macro   0x0000000000000000       0xd0 HAL/keypad.o
 .debug_macro   0x0000000000000000       0x3a HAL/keypad.o
 .debug_line    0x0000000000000000      0x793 HAL/keypad.o
 .debug_str     0x0000000000000000     0x80f4 HAL/keypad.o
 .comment       0x0000000000000000       0x7c HAL/keypad.o
 .debug_frame   0x0000000000000000       0x80 HAL/keypad.o
 .ARM.attributes
                0x0000000000000000       0x33 HAL/keypad.o
 .group         0x0000000000000000        0xc HAL/lcd.o
 .group         0x0000000000000000        0xc HAL/lcd.o
 .group         0x0000000000000000        0xc HAL/lcd.o
 .group         0x0000000000000000        0xc HAL/lcd.o
 .group         0x0000000000000000        0xc HAL/lcd.o
 .group         0x0000000000000000        0xc HAL/lcd.o
 .group         0x0000000000000000        0xc HAL/lcd.o
 .group         0x0000000000000000        0xc HAL/lcd.o
 .group         0x0000000000000000        0xc HAL/lcd.o
 .group         0x0000000000000000        0xc HAL/lcd.o
 .group         0x0000000000000000        0xc HAL/lcd.o
 .group         0x0000000000000000        0xc HAL/lcd.o
 .group         0x0000000000000000        0xc HAL/lcd.o
 .group         0x0000000000000000        0xc HAL/lcd.o
 .group         0x0000000000000000        0xc HAL/lcd.o
 .group         0x0000000000000000        0xc HAL/lcd.o
 .group         0x0000000000000000        0xc HAL/lcd.o
 .group         0x0000000000000000        0xc HAL/lcd.o
 .group         0x0000000000000000        0xc HAL/lcd.o
 .group         0x0000000000000000        0xc HAL/lcd.o
 .group         0x0000000000000000        0xc HAL/lcd.o
 .group         0x0000000000000000        0xc HAL/lcd.o
 .group         0x0000000000000000        0xc HAL/lcd.o
 .group         0x0000000000000000        0xc HAL/lcd.o
 .group         0x0000000000000000        0xc HAL/lcd.o
 .group         0x0000000000000000        0xc HAL/lcd.o
 .text          0x0000000000000000        0x0 HAL/lcd.o
 .data          0x0000000000000000        0x0 HAL/lcd.o
 .bss           0x0000000000000000        0x0 HAL/lcd.o
 .text.delay_ms
                0x0000000000000000       0x38 HAL/lcd.o
 .text.LCD_GPIO_init
                0x0000000000000000      0x158 HAL/lcd.o
 .text.LCD_clear_screen
                0x0000000000000000        0xe HAL/lcd.o
 .text.LCD_lcd_kick
                0x0000000000000000       0x2c HAL/lcd.o
 .text.LCD_GOTO_XY
                0x0000000000000000       0x48 HAL/lcd.o
 .text.LCD_INIT
                0x0000000000000000       0x34 HAL/lcd.o
 .text.LCD_check_lcd_isbusy
                0x0000000000000000       0xd8 HAL/lcd.o
 .text.LCD_WRITE_COMMAND
                0x0000000000000000       0x44 HAL/lcd.o
 .text.LCD_WRITE_CHAR
                0x0000000000000000       0x44 HAL/lcd.o
 .text.LCD_WRITE_STRING
                0x0000000000000000       0x58 HAL/lcd.o
 .debug_info    0x0000000000000000      0xbf3 HAL/lcd.o
 .debug_abbrev  0x0000000000000000      0x1f4 HAL/lcd.o
 .debug_loc     0x0000000000000000      0x278 HAL/lcd.o
 .debug_aranges
                0x0000000000000000       0x68 HAL/lcd.o
 .debug_ranges  0x0000000000000000       0x58 HAL/lcd.o
 .debug_macro   0x0000000000000000      0x151 HAL/lcd.o
 .debug_macro   0x0000000000000000      0xa60 HAL/lcd.o
 .debug_macro   0x0000000000000000       0x10 HAL/lcd.o
 .debug_macro   0x0000000000000000       0x18 HAL/lcd.o
 .debug_macro   0x0000000000000000       0x22 HAL/lcd.o
 .debug_macro   0x0000000000000000       0x40 HAL/lcd.o
 .debug_macro   0x0000000000000000       0x94 HAL/lcd.o
 .debug_macro   0x0000000000000000       0x3c HAL/lcd.o
 .debug_macro   0x0000000000000000       0x34 HAL/lcd.o
 .debug_macro   0x0000000000000000       0x16 HAL/lcd.o
 .debug_macro   0x0000000000000000      0x10e HAL/lcd.o
 .debug_macro   0x0000000000000000       0x8d HAL/lcd.o
 .debug_macro   0x0000000000000000       0x57 HAL/lcd.o
 .debug_macro   0x0000000000000000       0x52 HAL/lcd.o
 .debug_macro   0x0000000000000000       0x1f HAL/lcd.o
 .debug_macro   0x0000000000000000       0x43 HAL/lcd.o
 .debug_macro   0x0000000000000000       0x20 HAL/lcd.o
 .debug_macro   0x0000000000000000      0x1a3 HAL/lcd.o
 .debug_macro   0x0000000000000000      0x330 HAL/lcd.o
 .debug_macro   0x0000000000000000       0x16 HAL/lcd.o
 .debug_macro   0x0000000000000000       0x29 HAL/lcd.o
 .debug_macro   0x0000000000000000       0xef HAL/lcd.o
 .debug_macro   0x0000000000000000       0x6a HAL/lcd.o
 .debug_macro   0x0000000000000000      0x1df HAL/lcd.o
 .debug_macro   0x0000000000000000      0x240 HAL/lcd.o
 .debug_macro   0x0000000000000000       0xd0 HAL/lcd.o
 .debug_macro   0x0000000000000000       0x94 HAL/lcd.o
 .debug_line    0x0000000000000000      0x7fd HAL/lcd.o
 .debug_str     0x0000000000000000     0x8350 HAL/lcd.o
 .comment       0x0000000000000000       0x7c HAL/lcd.o
 .debug_frame   0x0000000000000000      0x154 HAL/lcd.o
 .ARM.attributes
                0x0000000000000000       0x33 HAL/lcd.o
 COMMON         0x0000000000000000        0x4 HAL/lcd.o
 .group         0x0000000000000000        0xc Src/main.o
 .group         0x0000000000000000        0xc Src/main.o
 .group         0x0000000000000000        0xc Src/main.o
 .group         0x0000000000000000        0xc Src/main.o
 .group         0x0000000000000000        0xc Src/main.o
 .group         0x0000000000000000        0xc Src/main.o
 .group         0x0000000000000000        0xc Src/main.o
 .group         0x0000000000000000        0xc Src/main.o
 .group         0x0000000000000000        0xc Src/main.o
 .group         0x0000000000000000        0xc Src/main.o
 .group         0x0000000000000000        0xc Src/main.o
 .group         0x0000000000000000        0xc Src/main.o
 .group         0x0000000000000000        0xc Src/main.o
 .group         0x0000000000000000        0xc Src/main.o
 .group         0x0000000000000000        0xc Src/main.o
 .group         0x0000000000000000        0xc Src/main.o
 .group         0x0000000000000000        0xc Src/main.o
 .group         0x0000000000000000        0xc Src/main.o
 .group         0x0000000000000000        0xc Src/main.o
 .group         0x0000000000000000        0xc Src/main.o
 .group         0x0000000000000000        0xc Src/main.o
 .group         0x0000000000000000        0xc Src/main.o
 .group         0x0000000000000000        0xc Src/main.o
 .group         0x0000000000000000        0xc Src/main.o
 .group         0x0000000000000000        0xc Src/main.o
 .group         0x0000000000000000        0xc Src/main.o
 .group         0x0000000000000000        0xc Src/main.o
 .group         0x0000000000000000        0xc Src/main.o
 .group         0x0000000000000000        0xc Src/main.o
 .group         0x0000000000000000        0xc Src/main.o
 .group         0x0000000000000000        0xc Src/main.o
 .group         0x0000000000000000        0xc Src/main.o
 .group         0x0000000000000000        0xc Src/main.o
 .group         0x0000000000000000        0xc Src/main.o
 .group         0x0000000000000000        0xc Src/main.o
 .group         0x0000000000000000        0xc Src/main.o
 .group         0x0000000000000000        0xc Src/main.o
 .group         0x0000000000000000        0xc Src/main.o
 .group         0x0000000000000000        0xc Src/main.o
 .group         0x0000000000000000        0xc Src/main.o
 .group         0x0000000000000000        0xc Src/main.o
 .group         0x0000000000000000        0xc Src/main.o
 .group         0x0000000000000000        0xc Src/main.o
 .text          0x0000000000000000        0x0 Src/main.o
 .data          0x0000000000000000        0x0 Src/main.o
 .bss           0x0000000000000000        0x0 Src/main.o
 .bss.IRQ_Flag  0x0000000000000000        0x4 Src/main.o
 .debug_macro   0x0000000000000000      0xa60 Src/main.o
 .debug_macro   0x0000000000000000       0x22 Src/main.o
 .debug_macro   0x0000000000000000       0xef Src/main.o
 .debug_macro   0x0000000000000000       0x6a Src/main.o
 .debug_macro   0x0000000000000000      0x1df Src/main.o
 .debug_macro   0x0000000000000000       0x18 Src/main.o
 .debug_macro   0x0000000000000000       0x3c Src/main.o
 .debug_macro   0x0000000000000000       0x34 Src/main.o
 .debug_macro   0x0000000000000000       0x16 Src/main.o
 .debug_macro   0x0000000000000000      0x10e Src/main.o
 .debug_macro   0x0000000000000000       0x8d Src/main.o
 .debug_macro   0x0000000000000000       0x52 Src/main.o
 .debug_macro   0x0000000000000000       0x1f Src/main.o
 .debug_macro   0x0000000000000000       0x43 Src/main.o
 .debug_macro   0x0000000000000000       0x20 Src/main.o
 .debug_macro   0x0000000000000000      0x1a3 Src/main.o
 .debug_macro   0x0000000000000000      0x330 Src/main.o
 .debug_macro   0x0000000000000000       0x16 Src/main.o
 .debug_macro   0x0000000000000000       0x29 Src/main.o
 .debug_macro   0x0000000000000000       0xd0 Src/main.o
 .group         0x0000000000000000        0xc Src/syscalls.o
 .group         0x0000000000000000        0xc Src/syscalls.o
 .group         0x0000000000000000        0xc Src/syscalls.o
 .group         0x0000000000000000        0xc Src/syscalls.o
 .group         0x0000000000000000        0xc Src/syscalls.o
 .group         0x0000000000000000        0xc Src/syscalls.o
 .group         0x0000000000000000        0xc Src/syscalls.o
 .group         0x0000000000000000        0xc Src/syscalls.o
 .group         0x0000000000000000        0xc Src/syscalls.o
 .group         0x0000000000000000        0xc Src/syscalls.o
 .group         0x0000000000000000        0xc Src/syscalls.o
 .group         0x0000000000000000        0xc Src/syscalls.o
 .group         0x0000000000000000        0xc Src/syscalls.o
 .group         0x0000000000000000        0xc Src/syscalls.o
 .group         0x0000000000000000        0xc Src/syscalls.o
 .group         0x0000000000000000        0xc Src/syscalls.o
 .group         0x0000000000000000        0xc Src/syscalls.o
 .group         0x0000000000000000        0xc Src/syscalls.o
 .group         0x0000000000000000        0xc Src/syscalls.o
 .group         0x0000000000000000        0xc Src/syscalls.o
 .group         0x0000000000000000        0xc Src/syscalls.o
 .group         0x0000000000000000        0xc Src/syscalls.o
 .group         0x0000000000000000        0xc Src/syscalls.o
 .group         0x0000000000000000        0xc Src/syscalls.o
 .group         0x0000000000000000        0xc Src/syscalls.o
 .group         0x0000000000000000        0xc Src/syscalls.o
 .group         0x0000000000000000        0xc Src/syscalls.o
 .group         0x0000000000000000        0xc Src/syscalls.o
 .group         0x0000000000000000        0xc Src/syscalls.o
 .group         0x0000000000000000        0xc Src/syscalls.o
 .group         0x0000000000000000        0xc Src/syscalls.o
 .group         0x0000000000000000        0xc Src/syscalls.o
 .group         0x0000000000000000        0xc Src/syscalls.o
 .group         0x0000000000000000        0xc Src/syscalls.o
 .group         0x0000000000000000        0xc Src/syscalls.o
 .group         0x0000000000000000        0xc Src/syscalls.o
 .group         0x0000000000000000        0xc Src/syscalls.o
 .group         0x0000000000000000        0xc Src/syscalls.o
 .group         0x0000000000000000        0xc Src/syscalls.o
 .group         0x0000000000000000        0xc Src/syscalls.o
 .group         0x0000000000000000        0xc Src/syscalls.o
 .group         0x0000000000000000        0xc Src/syscalls.o
 .group         0x0000000000000000        0xc Src/syscalls.o
 .group         0x0000000000000000        0xc Src/syscalls.o
 .text          0x0000000000000000        0x0 Src/syscalls.o
 .data          0x0000000000000000        0x0 Src/syscalls.o
 .bss           0x0000000000000000        0x0 Src/syscalls.o
 .bss.__env     0x0000000000000000        0x4 Src/syscalls.o
 .data.environ  0x0000000000000000        0x4 Src/syscalls.o
 .text.initialise_monitor_handles
                0x0000000000000000        0xc Src/syscalls.o
 .text._getpid  0x0000000000000000        0xe Src/syscalls.o
 .text._kill    0x0000000000000000       0x20 Src/syscalls.o
 .text._exit    0x0000000000000000       0x14 Src/syscalls.o
 .text._read    0x0000000000000000       0x3a Src/syscalls.o
 .text._write   0x0000000000000000       0x38 Src/syscalls.o
 .text._close   0x0000000000000000       0x16 Src/syscalls.o
 .text._fstat   0x0000000000000000       0x1e Src/syscalls.o
 .text._isatty  0x0000000000000000       0x14 Src/syscalls.o
 .text._lseek   0x0000000000000000       0x18 Src/syscalls.o
 .text._open    0x0000000000000000       0x1a Src/syscalls.o
 .text._wait    0x0000000000000000       0x1e Src/syscalls.o
 .text._unlink  0x0000000000000000       0x1e Src/syscalls.o
 .text._times   0x0000000000000000       0x16 Src/syscalls.o
 .text._stat    0x0000000000000000       0x1e Src/syscalls.o
 .text._link    0x0000000000000000       0x20 Src/syscalls.o
 .text._fork    0x0000000000000000       0x16 Src/syscalls.o
 .text._execve  0x0000000000000000       0x22 Src/syscalls.o
 .debug_info    0x0000000000000000     0x1038 Src/syscalls.o
 .debug_abbrev  0x0000000000000000      0x254 Src/syscalls.o
 .debug_loc     0x0000000000000000      0x5b8 Src/syscalls.o
 .debug_aranges
                0x0000000000000000       0xa8 Src/syscalls.o
 .debug_ranges  0x0000000000000000       0x98 Src/syscalls.o
 .debug_macro   0x0000000000000000      0x243 Src/syscalls.o
 .debug_macro   0x0000000000000000      0xa60 Src/syscalls.o
 .debug_macro   0x0000000000000000       0x22 Src/syscalls.o
 .debug_macro   0x0000000000000000       0x40 Src/syscalls.o
 .debug_macro   0x0000000000000000       0x18 Src/syscalls.o
 .debug_macro   0x0000000000000000       0x94 Src/syscalls.o
 .debug_macro   0x0000000000000000       0x3c Src/syscalls.o
 .debug_macro   0x0000000000000000       0x34 Src/syscalls.o
 .debug_macro   0x0000000000000000       0x57 Src/syscalls.o
 .debug_macro   0x0000000000000000      0x174 Src/syscalls.o
 .debug_macro   0x0000000000000000      0x330 Src/syscalls.o
 .debug_macro   0x0000000000000000       0x52 Src/syscalls.o
 .debug_macro   0x0000000000000000       0x1f Src/syscalls.o
 .debug_macro   0x0000000000000000       0x43 Src/syscalls.o
 .debug_macro   0x0000000000000000       0x20 Src/syscalls.o
 .debug_macro   0x0000000000000000      0x1a3 Src/syscalls.o
 .debug_macro   0x0000000000000000       0x10 Src/syscalls.o
 .debug_macro   0x0000000000000000       0x35 Src/syscalls.o
 .debug_macro   0x0000000000000000       0x10 Src/syscalls.o
 .debug_macro   0x0000000000000000       0x10 Src/syscalls.o
 .debug_macro   0x0000000000000000       0x10 Src/syscalls.o
 .debug_macro   0x0000000000000000       0x6a Src/syscalls.o
 .debug_macro   0x0000000000000000       0x1c Src/syscalls.o
 .debug_macro   0x0000000000000000       0x52 Src/syscalls.o
 .debug_macro   0x0000000000000000       0x40 Src/syscalls.o
 .debug_macro   0x0000000000000000       0x10 Src/syscalls.o
 .debug_macro   0x0000000000000000       0x40 Src/syscalls.o
 .debug_macro   0x0000000000000000       0xd7 Src/syscalls.o
 .debug_macro   0x0000000000000000       0x1c Src/syscalls.o
 .debug_macro   0x0000000000000000       0x3d Src/syscalls.o
 .debug_macro   0x0000000000000000       0x35 Src/syscalls.o
 .debug_macro   0x0000000000000000      0x122 Src/syscalls.o
 .debug_macro   0x0000000000000000       0x16 Src/syscalls.o
 .debug_macro   0x0000000000000000       0x16 Src/syscalls.o
 .debug_macro   0x0000000000000000       0x29 Src/syscalls.o
 .debug_macro   0x0000000000000000       0x10 Src/syscalls.o
 .debug_macro   0x0000000000000000      0x241 Src/syscalls.o
 .debug_macro   0x0000000000000000       0x1c Src/syscalls.o
 .debug_macro   0x0000000000000000       0x10 Src/syscalls.o
 .debug_macro   0x0000000000000000       0x10 Src/syscalls.o
 .debug_macro   0x0000000000000000       0x16 Src/syscalls.o
 .debug_macro   0x0000000000000000      0x145 Src/syscalls.o
 .debug_macro   0x0000000000000000      0x189 Src/syscalls.o
 .debug_macro   0x0000000000000000       0x16 Src/syscalls.o
 .debug_macro   0x0000000000000000       0x88 Src/syscalls.o
 .debug_line    0x0000000000000000      0x885 Src/syscalls.o
 .debug_str     0x0000000000000000     0x8875 Src/syscalls.o
 .comment       0x0000000000000000       0x7c Src/syscalls.o
 .debug_frame   0x0000000000000000      0x2ac Src/syscalls.o
 .ARM.attributes
                0x0000000000000000       0x33 Src/syscalls.o
 .group         0x0000000000000000        0xc Src/sysmem.o
 .group         0x0000000000000000        0xc Src/sysmem.o
 .group         0x0000000000000000        0xc Src/sysmem.o
 .group         0x0000000000000000        0xc Src/sysmem.o
 .group         0x0000000000000000        0xc Src/sysmem.o
 .group         0x0000000000000000        0xc Src/sysmem.o
 .group         0x0000000000000000        0xc Src/sysmem.o
 .group         0x0000000000000000        0xc Src/sysmem.o
 .group         0x0000000000000000        0xc Src/sysmem.o
 .group         0x0000000000000000        0xc Src/sysmem.o
 .group         0x0000000000000000        0xc Src/sysmem.o
 .group         0x0000000000000000        0xc Src/sysmem.o
 .group         0x0000000000000000        0xc Src/sysmem.o
 .group         0x0000000000000000        0xc Src/sysmem.o
 .group         0x0000000000000000        0xc Src/sysmem.o
 .group         0x0000000000000000        0xc Src/sysmem.o
 .group         0x0000000000000000        0xc Src/sysmem.o
 .group         0x0000000000000000        0xc Src/sysmem.o
 .group         0x0000000000000000        0xc Src/sysmem.o
 .text          0x0000000000000000        0x0 Src/sysmem.o
 .data          0x0000000000000000        0x0 Src/sysmem.o
 .bss           0x0000000000000000        0x0 Src/sysmem.o
 .bss.__sbrk_heap_end
                0x0000000000000000        0x4 Src/sysmem.o
 .text._sbrk    0x0000000000000000       0x6c Src/sysmem.o
 .debug_info    0x0000000000000000      0xa7c Src/sysmem.o
 .debug_abbrev  0x0000000000000000      0x18e Src/sysmem.o
 .debug_loc     0x0000000000000000       0x50 Src/sysmem.o
 .debug_aranges
                0x0000000000000000       0x20 Src/sysmem.o
 .debug_ranges  0x0000000000000000       0x10 Src/sysmem.o
 .debug_macro   0x0000000000000000       0xee Src/sysmem.o
 .debug_macro   0x0000000000000000      0xa60 Src/sysmem.o
 .debug_macro   0x0000000000000000       0x10 Src/sysmem.o
 .debug_macro   0x0000000000000000       0x22 Src/sysmem.o
 .debug_macro   0x0000000000000000       0x40 Src/sysmem.o
 .debug_macro   0x0000000000000000       0x18 Src/sysmem.o
 .debug_macro   0x0000000000000000       0x94 Src/sysmem.o
 .debug_macro   0x0000000000000000       0x3c Src/sysmem.o
 .debug_macro   0x0000000000000000       0x34 Src/sysmem.o
 .debug_macro   0x0000000000000000      0x174 Src/sysmem.o
 .debug_macro   0x0000000000000000       0x57 Src/sysmem.o
 .debug_macro   0x0000000000000000       0x52 Src/sysmem.o
 .debug_macro   0x0000000000000000       0x1f Src/sysmem.o
 .debug_macro   0x0000000000000000       0x43 Src/sysmem.o
 .debug_macro   0x0000000000000000       0x20 Src/sysmem.o
 .debug_macro   0x0000000000000000      0x1a3 Src/sysmem.o
 .debug_macro   0x0000000000000000      0x23b Src/sysmem.o
 .debug_macro   0x0000000000000000       0xef Src/sysmem.o
 .debug_macro   0x0000000000000000       0x6a Src/sysmem.o
 .debug_macro   0x0000000000000000      0x1df Src/sysmem.o
 .debug_line    0x0000000000000000      0x60e Src/sysmem.o
 .debug_str     0x0000000000000000     0x5f43 Src/sysmem.o
 .comment       0x0000000000000000       0x7c Src/sysmem.o
 .debug_frame   0x0000000000000000       0x34 Src/sysmem.o
 .ARM.attributes
                0x0000000000000000       0x33 Src/sysmem.o
 .text          0x0000000000000000       0x14 Startup/startup_stm32f103c6tx.o
 .data          0x0000000000000000        0x0 Startup/startup_stm32f103c6tx.o
 .bss           0x0000000000000000        0x0 Startup/startup_stm32f103c6tx.o
 .group         0x0000000000000000        0xc Stm32_F103C6_Drivers/GPIO/stm32f103x8_gpio_driver.o
 .group         0x0000000000000000        0xc Stm32_F103C6_Drivers/GPIO/stm32f103x8_gpio_driver.o
 .group         0x0000000000000000        0xc Stm32_F103C6_Drivers/GPIO/stm32f103x8_gpio_driver.o
 .group         0x0000000000000000        0xc Stm32_F103C6_Drivers/GPIO/stm32f103x8_gpio_driver.o
 .group         0x0000000000000000        0xc Stm32_F103C6_Drivers/GPIO/stm32f103x8_gpio_driver.o
 .group         0x0000000000000000        0xc Stm32_F103C6_Drivers/GPIO/stm32f103x8_gpio_driver.o
 .group         0x0000000000000000        0xc Stm32_F103C6_Drivers/GPIO/stm32f103x8_gpio_driver.o
 .group         0x0000000000000000        0xc Stm32_F103C6_Drivers/GPIO/stm32f103x8_gpio_driver.o
 .group         0x0000000000000000        0xc Stm32_F103C6_Drivers/GPIO/stm32f103x8_gpio_driver.o
 .group         0x0000000000000000        0xc Stm32_F103C6_Drivers/GPIO/stm32f103x8_gpio_driver.o
 .group         0x0000000000000000        0xc Stm32_F103C6_Drivers/GPIO/stm32f103x8_gpio_driver.o
 .group         0x0000000000000000        0xc Stm32_F103C6_Drivers/GPIO/stm32f103x8_gpio_driver.o
 .group         0x0000000000000000        0xc Stm32_F103C6_Drivers/GPIO/stm32f103x8_gpio_driver.o
 .group         0x0000000000000000        0xc Stm32_F103C6_Drivers/GPIO/stm32f103x8_gpio_driver.o
 .group         0x0000000000000000        0xc Stm32_F103C6_Drivers/GPIO/stm32f103x8_gpio_driver.o
 .group         0x0000000000000000        0xc Stm32_F103C6_Drivers/GPIO/stm32f103x8_gpio_driver.o
 .group         0x0000000000000000        0xc Stm32_F103C6_Drivers/GPIO/stm32f103x8_gpio_driver.o
 .group         0x0000000000000000        0xc Stm32_F103C6_Drivers/GPIO/stm32f103x8_gpio_driver.o
 .group         0x0000000000000000        0xc Stm32_F103C6_Drivers/GPIO/stm32f103x8_gpio_driver.o
 .group         0x0000000000000000        0xc Stm32_F103C6_Drivers/GPIO/stm32f103x8_gpio_driver.o
 .group         0x0000000000000000        0xc Stm32_F103C6_Drivers/GPIO/stm32f103x8_gpio_driver.o
 .group         0x0000000000000000        0xc Stm32_F103C6_Drivers/GPIO/stm32f103x8_gpio_driver.o
 .group         0x0000000000000000        0xc Stm32_F103C6_Drivers/GPIO/stm32f103x8_gpio_driver.o
 .group         0x0000000000000000        0xc Stm32_F103C6_Drivers/GPIO/stm32f103x8_gpio_driver.o
 .text          0x0000000000000000        0x0 Stm32_F103C6_Drivers/GPIO/stm32f103x8_gpio_driver.o
 .data          0x0000000000000000        0x0 Stm32_F103C6_Drivers/GPIO/stm32f103x8_gpio_driver.o
 .bss           0x0000000000000000        0x0 Stm32_F103C6_Drivers/GPIO/stm32f103x8_gpio_driver.o
 .text.MCAL_GPIO_DeInit
                0x0000000000000000       0xd4 Stm32_F103C6_Drivers/GPIO/stm32f103x8_gpio_driver.o
 .text.MCAL_GPIO_ReadPin
                0x0000000000000000       0x2e Stm32_F103C6_Drivers/GPIO/stm32f103x8_gpio_driver.o
 .text.MCAL_GPIO_ReadPort
                0x0000000000000000       0x1a Stm32_F103C6_Drivers/GPIO/stm32f103x8_gpio_driver.o
 .text.MCAL_GPIO_WritePort
                0x0000000000000000       0x1c Stm32_F103C6_Drivers/GPIO/stm32f103x8_gpio_driver.o
 .text.MCAL_GPIO_WritePin
                0x0000000000000000       0x2e Stm32_F103C6_Drivers/GPIO/stm32f103x8_gpio_driver.o
 .text.MCAL_GPIO_TogglePin
                0x0000000000000000       0x22 Stm32_F103C6_Drivers/GPIO/stm32f103x8_gpio_driver.o
 .text.MCAL_GPIO_LockPin
                0x0000000000000000       0x4e Stm32_F103C6_Drivers/GPIO/stm32f103x8_gpio_driver.o
 .debug_macro   0x0000000000000000      0xa60 Stm32_F103C6_Drivers/GPIO/stm32f103x8_gpio_driver.o
 .debug_macro   0x0000000000000000       0x18 Stm32_F103C6_Drivers/GPIO/stm32f103x8_gpio_driver.o
 .debug_macro   0x0000000000000000       0x22 Stm32_F103C6_Drivers/GPIO/stm32f103x8_gpio_driver.o
 .debug_macro   0x0000000000000000       0x40 Stm32_F103C6_Drivers/GPIO/stm32f103x8_gpio_driver.o
 .debug_macro   0x0000000000000000       0x94 Stm32_F103C6_Drivers/GPIO/stm32f103x8_gpio_driver.o
 .debug_macro   0x0000000000000000       0x3c Stm32_F103C6_Drivers/GPIO/stm32f103x8_gpio_driver.o
 .debug_macro   0x0000000000000000       0x34 Stm32_F103C6_Drivers/GPIO/stm32f103x8_gpio_driver.o
 .debug_macro   0x0000000000000000       0x16 Stm32_F103C6_Drivers/GPIO/stm32f103x8_gpio_driver.o
 .debug_macro   0x0000000000000000      0x10e Stm32_F103C6_Drivers/GPIO/stm32f103x8_gpio_driver.o
 .debug_macro   0x0000000000000000       0x8d Stm32_F103C6_Drivers/GPIO/stm32f103x8_gpio_driver.o
 .debug_macro   0x0000000000000000       0x57 Stm32_F103C6_Drivers/GPIO/stm32f103x8_gpio_driver.o
 .debug_macro   0x0000000000000000       0x52 Stm32_F103C6_Drivers/GPIO/stm32f103x8_gpio_driver.o
 .debug_macro   0x0000000000000000       0x1f Stm32_F103C6_Drivers/GPIO/stm32f103x8_gpio_driver.o
 .debug_macro   0x0000000000000000       0x43 Stm32_F103C6_Drivers/GPIO/stm32f103x8_gpio_driver.o
 .debug_macro   0x0000000000000000       0x20 Stm32_F103C6_Drivers/GPIO/stm32f103x8_gpio_driver.o
 .debug_macro   0x0000000000000000      0x1a3 Stm32_F103C6_Drivers/GPIO/stm32f103x8_gpio_driver.o
 .debug_macro   0x0000000000000000      0x330 Stm32_F103C6_Drivers/GPIO/stm32f103x8_gpio_driver.o
 .debug_macro   0x0000000000000000       0x16 Stm32_F103C6_Drivers/GPIO/stm32f103x8_gpio_driver.o
 .debug_macro   0x0000000000000000       0x29 Stm32_F103C6_Drivers/GPIO/stm32f103x8_gpio_driver.o
 .debug_macro   0x0000000000000000       0xef Stm32_F103C6_Drivers/GPIO/stm32f103x8_gpio_driver.o
 .debug_macro   0x0000000000000000       0x6a Stm32_F103C6_Drivers/GPIO/stm32f103x8_gpio_driver.o
 .debug_macro   0x0000000000000000      0x1df Stm32_F103C6_Drivers/GPIO/stm32f103x8_gpio_driver.o
 .debug_macro   0x0000000000000000      0x240 Stm32_F103C6_Drivers/GPIO/stm32f103x8_gpio_driver.o
 .debug_macro   0x0000000000000000       0xd0 Stm32_F103C6_Drivers/GPIO/stm32f103x8_gpio_driver.o
 .group         0x0000000000000000        0xc Stm32_F103C6_Drivers/stm32f103x8_EXTI_driver.o
 .group         0x0000000000000000        0xc Stm32_F103C6_Drivers/stm32f103x8_EXTI_driver.o
 .group         0x0000000000000000        0xc Stm32_F103C6_Drivers/stm32f103x8_EXTI_driver.o
 .group         0x0000000000000000        0xc Stm32_F103C6_Drivers/stm32f103x8_EXTI_driver.o
 .group         0x0000000000000000        0xc Stm32_F103C6_Drivers/stm32f103x8_EXTI_driver.o
 .group         0x0000000000000000        0xc Stm32_F103C6_Drivers/stm32f103x8_EXTI_driver.o
 .group         0x0000000000000000        0xc Stm32_F103C6_Drivers/stm32f103x8_EXTI_driver.o
 .group         0x0000000000000000        0xc Stm32_F103C6_Drivers/stm32f103x8_EXTI_driver.o
 .group         0x0000000000000000        0xc Stm32_F103C6_Drivers/stm32f103x8_EXTI_driver.o
 .group         0x0000000000000000        0xc Stm32_F103C6_Drivers/stm32f103x8_EXTI_driver.o
 .group         0x0000000000000000        0xc Stm32_F103C6_Drivers/stm32f103x8_EXTI_driver.o
 .group         0x0000000000000000        0xc Stm32_F103C6_Drivers/stm32f103x8_EXTI_driver.o
 .group         0x0000000000000000        0xc Stm32_F103C6_Drivers/stm32f103x8_EXTI_driver.o
 .group         0x0000000000000000        0xc Stm32_F103C6_Drivers/stm32f103x8_EXTI_driver.o
 .group         0x0000000000000000        0xc Stm32_F103C6_Drivers/stm32f103x8_EXTI_driver.o
 .group         0x0000000000000000        0xc Stm32_F103C6_Drivers/stm32f103x8_EXTI_driver.o
 .group         0x0000000000000000        0xc Stm32_F103C6_Drivers/stm32f103x8_EXTI_driver.o
 .group         0x0000000000000000        0xc Stm32_F103C6_Drivers/stm32f103x8_EXTI_driver.o
 .group         0x0000000000000000        0xc Stm32_F103C6_Drivers/stm32f103x8_EXTI_driver.o
 .group         0x0000000000000000        0xc Stm32_F103C6_Drivers/stm32f103x8_EXTI_driver.o
 .group         0x0000000000000000        0xc Stm32_F103C6_Drivers/stm32f103x8_EXTI_driver.o
 .group         0x0000000000000000        0xc Stm32_F103C6_Drivers/stm32f103x8_EXTI_driver.o
 .group         0x0000000000000000        0xc Stm32_F103C6_Drivers/stm32f103x8_EXTI_driver.o
 .group         0x0000000000000000        0xc Stm32_F103C6_Drivers/stm32f103x8_EXTI_driver.o
 .group         0x0000000000000000        0xc Stm32_F103C6_Drivers/stm32f103x8_EXTI_driver.o
 .text          0x0000000000000000        0x0 Stm32_F103C6_Drivers/stm32f103x8_EXTI_driver.o
 .data          0x0000000000000000        0x0 Stm32_F103C6_Drivers/stm32f103x8_EXTI_driver.o
 .bss           0x0000000000000000        0x0 Stm32_F103C6_Drivers/stm32f103x8_EXTI_driver.o
 .text.Enable_NVIC
                0x0000000000000000       0xcc Stm32_F103C6_Drivers/stm32f103x8_EXTI_driver.o
 .text.Disable_NVIC
                0x0000000000000000       0xcc Stm32_F103C6_Drivers/stm32f103x8_EXTI_driver.o
 .text.Update_EXTI
                0x0000000000000000      0x1d8 Stm32_F103C6_Drivers/stm32f103x8_EXTI_driver.o
 .text.MCAL_EXTI_GPIO_DeInit
                0x0000000000000000       0x94 Stm32_F103C6_Drivers/stm32f103x8_EXTI_driver.o
 .text.MCAL_EXTI_GPIO_Init
                0x0000000000000000       0x16 Stm32_F103C6_Drivers/stm32f103x8_EXTI_driver.o
 .text.MCAL_EXTI_GPIO_Update
                0x0000000000000000       0x16 Stm32_F103C6_Drivers/stm32f103x8_EXTI_driver.o
 .debug_macro   0x0000000000000000      0xa60 Stm32_F103C6_Drivers/stm32f103x8_EXTI_driver.o
 .debug_macro   0x0000000000000000       0x18 Stm32_F103C6_Drivers/stm32f103x8_EXTI_driver.o
 .debug_macro   0x0000000000000000       0x22 Stm32_F103C6_Drivers/stm32f103x8_EXTI_driver.o
 .debug_macro   0x0000000000000000       0x40 Stm32_F103C6_Drivers/stm32f103x8_EXTI_driver.o
 .debug_macro   0x0000000000000000       0x94 Stm32_F103C6_Drivers/stm32f103x8_EXTI_driver.o
 .debug_macro   0x0000000000000000       0x3c Stm32_F103C6_Drivers/stm32f103x8_EXTI_driver.o
 .debug_macro   0x0000000000000000       0x34 Stm32_F103C6_Drivers/stm32f103x8_EXTI_driver.o
 .debug_macro   0x0000000000000000       0x16 Stm32_F103C6_Drivers/stm32f103x8_EXTI_driver.o
 .debug_macro   0x0000000000000000      0x10e Stm32_F103C6_Drivers/stm32f103x8_EXTI_driver.o
 .debug_macro   0x0000000000000000       0x8d Stm32_F103C6_Drivers/stm32f103x8_EXTI_driver.o
 .debug_macro   0x0000000000000000       0x57 Stm32_F103C6_Drivers/stm32f103x8_EXTI_driver.o
 .debug_macro   0x0000000000000000       0x52 Stm32_F103C6_Drivers/stm32f103x8_EXTI_driver.o
 .debug_macro   0x0000000000000000       0x1f Stm32_F103C6_Drivers/stm32f103x8_EXTI_driver.o
 .debug_macro   0x0000000000000000       0x43 Stm32_F103C6_Drivers/stm32f103x8_EXTI_driver.o
 .debug_macro   0x0000000000000000       0x20 Stm32_F103C6_Drivers/stm32f103x8_EXTI_driver.o
 .debug_macro   0x0000000000000000      0x1a3 Stm32_F103C6_Drivers/stm32f103x8_EXTI_driver.o
 .debug_macro   0x0000000000000000      0x330 Stm32_F103C6_Drivers/stm32f103x8_EXTI_driver.o
 .debug_macro   0x0000000000000000       0x16 Stm32_F103C6_Drivers/stm32f103x8_EXTI_driver.o
 .debug_macro   0x0000000000000000       0x29 Stm32_F103C6_Drivers/stm32f103x8_EXTI_driver.o
 .debug_macro   0x0000000000000000       0xef Stm32_F103C6_Drivers/stm32f103x8_EXTI_driver.o
 .debug_macro   0x0000000000000000       0x6a Stm32_F103C6_Drivers/stm32f103x8_EXTI_driver.o
 .debug_macro   0x0000000000000000      0x1df Stm32_F103C6_Drivers/stm32f103x8_EXTI_driver.o
 .debug_macro   0x0000000000000000      0x240 Stm32_F103C6_Drivers/stm32f103x8_EXTI_driver.o
 .debug_macro   0x0000000000000000      0x228 Stm32_F103C6_Drivers/stm32f103x8_EXTI_driver.o
 .group         0x0000000000000000        0xc Stm32_F103C6_Drivers/stm32f103x8_RCC_driver.o
 .group         0x0000000000000000        0xc Stm32_F103C6_Drivers/stm32f103x8_RCC_driver.o
 .group         0x0000000000000000        0xc Stm32_F103C6_Drivers/stm32f103x8_RCC_driver.o
 .group         0x0000000000000000        0xc Stm32_F103C6_Drivers/stm32f103x8_RCC_driver.o
 .group         0x0000000000000000        0xc Stm32_F103C6_Drivers/stm32f103x8_RCC_driver.o
 .group         0x0000000000000000        0xc Stm32_F103C6_Drivers/stm32f103x8_RCC_driver.o
 .group         0x0000000000000000        0xc Stm32_F103C6_Drivers/stm32f103x8_RCC_driver.o
 .group         0x0000000000000000        0xc Stm32_F103C6_Drivers/stm32f103x8_RCC_driver.o
 .group         0x0000000000000000        0xc Stm32_F103C6_Drivers/stm32f103x8_RCC_driver.o
 .group         0x0000000000000000        0xc Stm32_F103C6_Drivers/stm32f103x8_RCC_driver.o
 .group         0x0000000000000000        0xc Stm32_F103C6_Drivers/stm32f103x8_RCC_driver.o
 .group         0x0000000000000000        0xc Stm32_F103C6_Drivers/stm32f103x8_RCC_driver.o
 .group         0x0000000000000000        0xc Stm32_F103C6_Drivers/stm32f103x8_RCC_driver.o
 .group         0x0000000000000000        0xc Stm32_F103C6_Drivers/stm32f103x8_RCC_driver.o
 .group         0x0000000000000000        0xc Stm32_F103C6_Drivers/stm32f103x8_RCC_driver.o
 .group         0x0000000000000000        0xc Stm32_F103C6_Drivers/stm32f103x8_RCC_driver.o
 .group         0x0000000000000000        0xc Stm32_F103C6_Drivers/stm32f103x8_RCC_driver.o
 .group         0x0000000000000000        0xc Stm32_F103C6_Drivers/stm32f103x8_RCC_driver.o
 .group         0x0000000000000000        0xc Stm32_F103C6_Drivers/stm32f103x8_RCC_driver.o
 .group         0x0000000000000000        0xc Stm32_F103C6_Drivers/stm32f103x8_RCC_driver.o
 .group         0x0000000000000000        0xc Stm32_F103C6_Drivers/stm32f103x8_RCC_driver.o
 .group         0x0000000000000000        0xc Stm32_F103C6_Drivers/stm32f103x8_RCC_driver.o
 .group         0x0000000000000000        0xc Stm32_F103C6_Drivers/stm32f103x8_RCC_driver.o
 .group         0x0000000000000000        0xc Stm32_F103C6_Drivers/stm32f103x8_RCC_driver.o
 .text          0x0000000000000000        0x0 Stm32_F103C6_Drivers/stm32f103x8_RCC_driver.o
 .data          0x0000000000000000        0x0 Stm32_F103C6_Drivers/stm32f103x8_RCC_driver.o
 .bss           0x0000000000000000        0x0 Stm32_F103C6_Drivers/stm32f103x8_RCC_driver.o
 .debug_macro   0x0000000000000000      0xa60 Stm32_F103C6_Drivers/stm32f103x8_RCC_driver.o
 .debug_macro   0x0000000000000000       0x18 Stm32_F103C6_Drivers/stm32f103x8_RCC_driver.o
 .debug_macro   0x0000000000000000       0x22 Stm32_F103C6_Drivers/stm32f103x8_RCC_driver.o
 .debug_macro   0x0000000000000000       0x40 Stm32_F103C6_Drivers/stm32f103x8_RCC_driver.o
 .debug_macro   0x0000000000000000       0x94 Stm32_F103C6_Drivers/stm32f103x8_RCC_driver.o
 .debug_macro   0x0000000000000000       0x3c Stm32_F103C6_Drivers/stm32f103x8_RCC_driver.o
 .debug_macro   0x0000000000000000       0x34 Stm32_F103C6_Drivers/stm32f103x8_RCC_driver.o
 .debug_macro   0x0000000000000000       0x16 Stm32_F103C6_Drivers/stm32f103x8_RCC_driver.o
 .debug_macro   0x0000000000000000      0x10e Stm32_F103C6_Drivers/stm32f103x8_RCC_driver.o
 .debug_macro   0x0000000000000000       0x8d Stm32_F103C6_Drivers/stm32f103x8_RCC_driver.o
 .debug_macro   0x0000000000000000       0x57 Stm32_F103C6_Drivers/stm32f103x8_RCC_driver.o
 .debug_macro   0x0000000000000000       0x52 Stm32_F103C6_Drivers/stm32f103x8_RCC_driver.o
 .debug_macro   0x0000000000000000       0x1f Stm32_F103C6_Drivers/stm32f103x8_RCC_driver.o
 .debug_macro   0x0000000000000000       0x43 Stm32_F103C6_Drivers/stm32f103x8_RCC_driver.o
 .debug_macro   0x0000000000000000       0x20 Stm32_F103C6_Drivers/stm32f103x8_RCC_driver.o
 .debug_macro   0x0000000000000000      0x1a3 Stm32_F103C6_Drivers/stm32f103x8_RCC_driver.o
 .debug_macro   0x0000000000000000      0x330 Stm32_F103C6_Drivers/stm32f103x8_RCC_driver.o
 .debug_macro   0x0000000000000000       0x16 Stm32_F103C6_Drivers/stm32f103x8_RCC_driver.o
 .debug_macro   0x0000000000000000       0x29 Stm32_F103C6_Drivers/stm32f103x8_RCC_driver.o
 .debug_macro   0x0000000000000000       0xef Stm32_F103C6_Drivers/stm32f103x8_RCC_driver.o
 .debug_macro   0x0000000000000000       0x6a Stm32_F103C6_Drivers/stm32f103x8_RCC_driver.o
 .debug_macro   0x0000000000000000      0x1df Stm32_F103C6_Drivers/stm32f103x8_RCC_driver.o
 .debug_macro   0x0000000000000000      0x240 Stm32_F103C6_Drivers/stm32f103x8_RCC_driver.o
 .group         0x0000000000000000        0xc Stm32_F103C6_Drivers/stm32f103x8_USART_driver.o
 .group         0x0000000000000000        0xc Stm32_F103C6_Drivers/stm32f103x8_USART_driver.o
 .group         0x0000000000000000        0xc Stm32_F103C6_Drivers/stm32f103x8_USART_driver.o
 .group         0x0000000000000000        0xc Stm32_F103C6_Drivers/stm32f103x8_USART_driver.o
 .group         0x0000000000000000        0xc Stm32_F103C6_Drivers/stm32f103x8_USART_driver.o
 .group         0x0000000000000000        0xc Stm32_F103C6_Drivers/stm32f103x8_USART_driver.o
 .group         0x0000000000000000        0xc Stm32_F103C6_Drivers/stm32f103x8_USART_driver.o
 .group         0x0000000000000000        0xc Stm32_F103C6_Drivers/stm32f103x8_USART_driver.o
 .group         0x0000000000000000        0xc Stm32_F103C6_Drivers/stm32f103x8_USART_driver.o
 .group         0x0000000000000000        0xc Stm32_F103C6_Drivers/stm32f103x8_USART_driver.o
 .group         0x0000000000000000        0xc Stm32_F103C6_Drivers/stm32f103x8_USART_driver.o
 .group         0x0000000000000000        0xc Stm32_F103C6_Drivers/stm32f103x8_USART_driver.o
 .group         0x0000000000000000        0xc Stm32_F103C6_Drivers/stm32f103x8_USART_driver.o
 .group         0x0000000000000000        0xc Stm32_F103C6_Drivers/stm32f103x8_USART_driver.o
 .group         0x0000000000000000        0xc Stm32_F103C6_Drivers/stm32f103x8_USART_driver.o
 .group         0x0000000000000000        0xc Stm32_F103C6_Drivers/stm32f103x8_USART_driver.o
 .group         0x0000000000000000        0xc Stm32_F103C6_Drivers/stm32f103x8_USART_driver.o
 .group         0x0000000000000000        0xc Stm32_F103C6_Drivers/stm32f103x8_USART_driver.o
 .group         0x0000000000000000        0xc Stm32_F103C6_Drivers/stm32f103x8_USART_driver.o
 .group         0x0000000000000000        0xc Stm32_F103C6_Drivers/stm32f103x8_USART_driver.o
 .group         0x0000000000000000        0xc Stm32_F103C6_Drivers/stm32f103x8_USART_driver.o
 .group         0x0000000000000000        0xc Stm32_F103C6_Drivers/stm32f103x8_USART_driver.o
 .group         0x0000000000000000        0xc Stm32_F103C6_Drivers/stm32f103x8_USART_driver.o
 .group         0x0000000000000000        0xc Stm32_F103C6_Drivers/stm32f103x8_USART_driver.o
 .group         0x0000000000000000        0xc Stm32_F103C6_Drivers/stm32f103x8_USART_driver.o
 .group         0x0000000000000000        0xc Stm32_F103C6_Drivers/stm32f103x8_USART_driver.o
 .text          0x0000000000000000        0x0 Stm32_F103C6_Drivers/stm32f103x8_USART_driver.o
 .data          0x0000000000000000        0x0 Stm32_F103C6_Drivers/stm32f103x8_USART_driver.o
 .bss           0x0000000000000000        0x0 Stm32_F103C6_Drivers/stm32f103x8_USART_driver.o
 .text.MCAL_UART_DeInit
                0x0000000000000000       0x8c Stm32_F103C6_Drivers/stm32f103x8_USART_driver.o
 .text.MCAL_UART_WAIT_TC
                0x0000000000000000       0x20 Stm32_F103C6_Drivers/stm32f103x8_USART_driver.o
 .debug_macro   0x0000000000000000      0xa60 Stm32_F103C6_Drivers/stm32f103x8_USART_driver.o
 .debug_macro   0x0000000000000000       0x18 Stm32_F103C6_Drivers/stm32f103x8_USART_driver.o
 .debug_macro   0x0000000000000000       0x22 Stm32_F103C6_Drivers/stm32f103x8_USART_driver.o
 .debug_macro   0x0000000000000000       0x40 Stm32_F103C6_Drivers/stm32f103x8_USART_driver.o
 .debug_macro   0x0000000000000000       0x94 Stm32_F103C6_Drivers/stm32f103x8_USART_driver.o
 .debug_macro   0x0000000000000000       0x3c Stm32_F103C6_Drivers/stm32f103x8_USART_driver.o
 .debug_macro   0x0000000000000000       0x34 Stm32_F103C6_Drivers/stm32f103x8_USART_driver.o
 .debug_macro   0x0000000000000000       0x16 Stm32_F103C6_Drivers/stm32f103x8_USART_driver.o
 .debug_macro   0x0000000000000000      0x10e Stm32_F103C6_Drivers/stm32f103x8_USART_driver.o
 .debug_macro   0x0000000000000000       0x8d Stm32_F103C6_Drivers/stm32f103x8_USART_driver.o
 .debug_macro   0x0000000000000000       0x57 Stm32_F103C6_Drivers/stm32f103x8_USART_driver.o
 .debug_macro   0x0000000000000000       0x52 Stm32_F103C6_Drivers/stm32f103x8_USART_driver.o
 .debug_macro   0x0000000000000000       0x1f Stm32_F103C6_Drivers/stm32f103x8_USART_driver.o
 .debug_macro   0x0000000000000000       0x43 Stm32_F103C6_Drivers/stm32f103x8_USART_driver.o
 .debug_macro   0x0000000000000000       0x20 Stm32_F103C6_Drivers/stm32f103x8_USART_driver.o
 .debug_macro   0x0000000000000000      0x1a3 Stm32_F103C6_Drivers/stm32f103x8_USART_driver.o
 .debug_macro   0x0000000000000000      0x330 Stm32_F103C6_Drivers/stm32f103x8_USART_driver.o
 .debug_macro   0x0000000000000000       0x16 Stm32_F103C6_Drivers/stm32f103x8_USART_driver.o
 .debug_macro   0x0000000000000000       0x29 Stm32_F103C6_Drivers/stm32f103x8_USART_driver.o
 .debug_macro   0x0000000000000000       0xef Stm32_F103C6_Drivers/stm32f103x8_USART_driver.o
 .debug_macro   0x0000000000000000       0x6a Stm32_F103C6_Drivers/stm32f103x8_USART_driver.o
 .debug_macro   0x0000000000000000      0x1df Stm32_F103C6_Drivers/stm32f103x8_USART_driver.o
 .debug_macro   0x0000000000000000      0x240 Stm32_F103C6_Drivers/stm32f103x8_USART_driver.o
 .debug_macro   0x0000000000000000       0xd6 Stm32_F103C6_Drivers/stm32f103x8_USART_driver.o
 .debug_macro   0x0000000000000000       0x16 Stm32_F103C6_Drivers/stm32f103x8_USART_driver.o
 .debug_macro   0x0000000000000000       0xe8 Stm32_F103C6_Drivers/stm32f103x8_USART_driver.o
 .text          0x0000000000000000        0x0 d:/learn_in_depth/work space/2_embedded_c/stm32cubeide/plugins/com.st.stm32cube.ide.mcu.externaltools.gnu-tools-for-stm32.7-2018-q2-update.win32_1.4.0.202007081208/tools/bin/../lib/gcc/arm-none-eabi/7.3.1/../../../../arm-none-eabi/lib/thumb/v7-m\libc_nano.a(lib_a-errno.o)
 .data          0x0000000000000000        0x0 d:/learn_in_depth/work space/2_embedded_c/stm32cubeide/plugins/com.st.stm32cube.ide.mcu.externaltools.gnu-tools-for-stm32.7-2018-q2-update.win32_1.4.0.202007081208/tools/bin/../lib/gcc/arm-none-eabi/7.3.1/../../../../arm-none-eabi/lib/thumb/v7-m\libc_nano.a(lib_a-errno.o)
 .bss           0x0000000000000000        0x0 d:/learn_in_depth/work space/2_embedded_c/stm32cubeide/plugins/com.st.stm32cube.ide.mcu.externaltools.gnu-tools-for-stm32.7-2018-q2-update.win32_1.4.0.202007081208/tools/bin/../lib/gcc/arm-none-eabi/7.3.1/../../../../arm-none-eabi/lib/thumb/v7-m\libc_nano.a(lib_a-errno.o)
 .text.__errno  0x0000000000000000        0xc d:/learn_in_depth/work space/2_embedded_c/stm32cubeide/plugins/com.st.stm32cube.ide.mcu.externaltools.gnu-tools-for-stm32.7-2018-q2-update.win32_1.4.0.202007081208/tools/bin/../lib/gcc/arm-none-eabi/7.3.1/../../../../arm-none-eabi/lib/thumb/v7-m\libc_nano.a(lib_a-errno.o)
 .debug_frame   0x0000000000000000       0x20 d:/learn_in_depth/work space/2_embedded_c/stm32cubeide/plugins/com.st.stm32cube.ide.mcu.externaltools.gnu-tools-for-stm32.7-2018-q2-update.win32_1.4.0.202007081208/tools/bin/../lib/gcc/arm-none-eabi/7.3.1/../../../../arm-none-eabi/lib/thumb/v7-m\libc_nano.a(lib_a-errno.o)
 .ARM.attributes
                0x0000000000000000       0x2d d:/learn_in_depth/work space/2_embedded_c/stm32cubeide/plugins/com.st.stm32cube.ide.mcu.externaltools.gnu-tools-for-stm32.7-2018-q2-update.win32_1.4.0.202007081208/tools/bin/../lib/gcc/arm-none-eabi/7.3.1/../../../../arm-none-eabi/lib/thumb/v7-m\libc_nano.a(lib_a-errno.o)
 .text          0x0000000000000000        0x0 d:/learn_in_depth/work space/2_embedded_c/stm32cubeide/plugins/com.st.stm32cube.ide.mcu.externaltools.gnu-tools-for-stm32.7-2018-q2-update.win32_1.4.0.202007081208/tools/bin/../lib/gcc/arm-none-eabi/7.3.1/../../../../arm-none-eabi/lib/thumb/v7-m\libc_nano.a(lib_a-exit.o)
 .data          0x0000000000000000        0x0 d:/learn_in_depth/work space/2_embedded_c/stm32cubeide/plugins/com.st.stm32cube.ide.mcu.externaltools.gnu-tools-for-stm32.7-2018-q2-update.win32_1.4.0.202007081208/tools/bin/../lib/gcc/arm-none-eabi/7.3.1/../../../../arm-none-eabi/lib/thumb/v7-m\libc_nano.a(lib_a-exit.o)
 .bss           0x0000000000000000        0x0 d:/learn_in_depth/work space/2_embedded_c/stm32cubeide/plugins/com.st.stm32cube.ide.mcu.externaltools.gnu-tools-for-stm32.7-2018-q2-update.win32_1.4.0.202007081208/tools/bin/../lib/gcc/arm-none-eabi/7.3.1/../../../../arm-none-eabi/lib/thumb/v7-m\libc_nano.a(lib_a-exit.o)
 .text.exit     0x0000000000000000       0x28 d:/learn_in_depth/work space/2_embedded_c/stm32cubeide/plugins/com.st.stm32cube.ide.mcu.externaltools.gnu-tools-for-stm32.7-2018-q2-update.win32_1.4.0.202007081208/tools/bin/../lib/gcc/arm-none-eabi/7.3.1/../../../../arm-none-eabi/lib/thumb/v7-m\libc_nano.a(lib_a-exit.o)
 .debug_frame   0x0000000000000000       0x28 d:/learn_in_depth/work space/2_embedded_c/stm32cubeide/plugins/com.st.stm32cube.ide.mcu.externaltools.gnu-tools-for-stm32.7-2018-q2-update.win32_1.4.0.202007081208/tools/bin/../lib/gcc/arm-none-eabi/7.3.1/../../../../arm-none-eabi/lib/thumb/v7-m\libc_nano.a(lib_a-exit.o)
 .ARM.attributes
                0x0000000000000000       0x2d d:/learn_in_depth/work space/2_embedded_c/stm32cubeide/plugins/com.st.stm32cube.ide.mcu.externaltools.gnu-tools-for-stm32.7-2018-q2-update.win32_1.4.0.202007081208/tools/bin/../lib/gcc/arm-none-eabi/7.3.1/../../../../arm-none-eabi/lib/thumb/v7-m\libc_nano.a(lib_a-exit.o)
 .text          0x0000000000000000        0x0 d:/learn_in_depth/work space/2_embedded_c/stm32cubeide/plugins/com.st.stm32cube.ide.mcu.externaltools.gnu-tools-for-stm32.7-2018-q2-update.win32_1.4.0.202007081208/tools/bin/../lib/gcc/arm-none-eabi/7.3.1/../../../../arm-none-eabi/lib/thumb/v7-m\libc_nano.a(lib_a-impure.o)
 .data          0x0000000000000000        0x0 d:/learn_in_depth/work space/2_embedded_c/stm32cubeide/plugins/com.st.stm32cube.ide.mcu.externaltools.gnu-tools-for-stm32.7-2018-q2-update.win32_1.4.0.202007081208/tools/bin/../lib/gcc/arm-none-eabi/7.3.1/../../../../arm-none-eabi/lib/thumb/v7-m\libc_nano.a(lib_a-impure.o)
 .bss           0x0000000000000000        0x0 d:/learn_in_depth/work space/2_embedded_c/stm32cubeide/plugins/com.st.stm32cube.ide.mcu.externaltools.gnu-tools-for-stm32.7-2018-q2-update.win32_1.4.0.202007081208/tools/bin/../lib/gcc/arm-none-eabi/7.3.1/../../../../arm-none-eabi/lib/thumb/v7-m\libc_nano.a(lib_a-impure.o)
 .data._impure_ptr
                0x0000000000000000        0x4 d:/learn_in_depth/work space/2_embedded_c/stm32cubeide/plugins/com.st.stm32cube.ide.mcu.externaltools.gnu-tools-for-stm32.7-2018-q2-update.win32_1.4.0.202007081208/tools/bin/../lib/gcc/arm-none-eabi/7.3.1/../../../../arm-none-eabi/lib/thumb/v7-m\libc_nano.a(lib_a-impure.o)
 .data.impure_data
                0x0000000000000000       0x60 d:/learn_in_depth/work space/2_embedded_c/stm32cubeide/plugins/com.st.stm32cube.ide.mcu.externaltools.gnu-tools-for-stm32.7-2018-q2-update.win32_1.4.0.202007081208/tools/bin/../lib/gcc/arm-none-eabi/7.3.1/../../../../arm-none-eabi/lib/thumb/v7-m\libc_nano.a(lib_a-impure.o)
 .rodata._global_impure_ptr
                0x0000000000000000        0x4 d:/learn_in_depth/work space/2_embedded_c/stm32cubeide/plugins/com.st.stm32cube.ide.mcu.externaltools.gnu-tools-for-stm32.7-2018-q2-update.win32_1.4.0.202007081208/tools/bin/../lib/gcc/arm-none-eabi/7.3.1/../../../../arm-none-eabi/lib/thumb/v7-m\libc_nano.a(lib_a-impure.o)
 .ARM.attributes
                0x0000000000000000       0x2d d:/learn_in_depth/work space/2_embedded_c/stm32cubeide/plugins/com.st.stm32cube.ide.mcu.externaltools.gnu-tools-for-stm32.7-2018-q2-update.win32_1.4.0.202007081208/tools/bin/../lib/gcc/arm-none-eabi/7.3.1/../../../../arm-none-eabi/lib/thumb/v7-m\libc_nano.a(lib_a-impure.o)
 .text          0x0000000000000000        0x0 d:/learn_in_depth/work space/2_embedded_c/stm32cubeide/plugins/com.st.stm32cube.ide.mcu.externaltools.gnu-tools-for-stm32.7-2018-q2-update.win32_1.4.0.202007081208/tools/bin/../lib/gcc/arm-none-eabi/7.3.1/../../../../arm-none-eabi/lib/thumb/v7-m\libc_nano.a(lib_a-init.o)
 .data          0x0000000000000000        0x0 d:/learn_in_depth/work space/2_embedded_c/stm32cubeide/plugins/com.st.stm32cube.ide.mcu.externaltools.gnu-tools-for-stm32.7-2018-q2-update.win32_1.4.0.202007081208/tools/bin/../lib/gcc/arm-none-eabi/7.3.1/../../../../arm-none-eabi/lib/thumb/v7-m\libc_nano.a(lib_a-init.o)
 .bss           0x0000000000000000        0x0 d:/learn_in_depth/work space/2_embedded_c/stm32cubeide/plugins/com.st.stm32cube.ide.mcu.externaltools.gnu-tools-for-stm32.7-2018-q2-update.win32_1.4.0.202007081208/tools/bin/../lib/gcc/arm-none-eabi/7.3.1/../../../../arm-none-eabi/lib/thumb/v7-m\libc_nano.a(lib_a-init.o)
 .text          0x0000000000000000        0x0 d:/learn_in_depth/work space/2_embedded_c/stm32cubeide/plugins/com.st.stm32cube.ide.mcu.externaltools.gnu-tools-for-stm32.7-2018-q2-update.win32_1.4.0.202007081208/tools/bin/../lib/gcc/arm-none-eabi/7.3.1/../../../../arm-none-eabi/lib/thumb/v7-m\libc_nano.a(lib_a-memset.o)
 .data          0x0000000000000000        0x0 d:/learn_in_depth/work space/2_embedded_c/stm32cubeide/plugins/com.st.stm32cube.ide.mcu.externaltools.gnu-tools-for-stm32.7-2018-q2-update.win32_1.4.0.202007081208/tools/bin/../lib/gcc/arm-none-eabi/7.3.1/../../../../arm-none-eabi/lib/thumb/v7-m\libc_nano.a(lib_a-memset.o)
 .bss           0x0000000000000000        0x0 d:/learn_in_depth/work space/2_embedded_c/stm32cubeide/plugins/com.st.stm32cube.ide.mcu.externaltools.gnu-tools-for-stm32.7-2018-q2-update.win32_1.4.0.202007081208/tools/bin/../lib/gcc/arm-none-eabi/7.3.1/../../../../arm-none-eabi/lib/thumb/v7-m\libc_nano.a(lib_a-memset.o)
 .text.memset   0x0000000000000000       0x10 d:/learn_in_depth/work space/2_embedded_c/stm32cubeide/plugins/com.st.stm32cube.ide.mcu.externaltools.gnu-tools-for-stm32.7-2018-q2-update.win32_1.4.0.202007081208/tools/bin/../lib/gcc/arm-none-eabi/7.3.1/../../../../arm-none-eabi/lib/thumb/v7-m\libc_nano.a(lib_a-memset.o)
 .debug_frame   0x0000000000000000       0x20 d:/learn_in_depth/work space/2_embedded_c/stm32cubeide/plugins/com.st.stm32cube.ide.mcu.externaltools.gnu-tools-for-stm32.7-2018-q2-update.win32_1.4.0.202007081208/tools/bin/../lib/gcc/arm-none-eabi/7.3.1/../../../../arm-none-eabi/lib/thumb/v7-m\libc_nano.a(lib_a-memset.o)
 .ARM.attributes
                0x0000000000000000       0x2d d:/learn_in_depth/work space/2_embedded_c/stm32cubeide/plugins/com.st.stm32cube.ide.mcu.externaltools.gnu-tools-for-stm32.7-2018-q2-update.win32_1.4.0.202007081208/tools/bin/../lib/gcc/arm-none-eabi/7.3.1/../../../../arm-none-eabi/lib/thumb/v7-m\libc_nano.a(lib_a-memset.o)
 .text          0x0000000000000000        0x0 d:/learn_in_depth/work space/2_embedded_c/stm32cubeide/plugins/com.st.stm32cube.ide.mcu.externaltools.gnu-tools-for-stm32.7-2018-q2-update.win32_1.4.0.202007081208/tools/bin/../lib/gcc/arm-none-eabi/7.3.1/thumb/v7-m/crtend.o
 .data          0x0000000000000000        0x0 d:/learn_in_depth/work space/2_embedded_c/stm32cubeide/plugins/com.st.stm32cube.ide.mcu.externaltools.gnu-tools-for-stm32.7-2018-q2-update.win32_1.4.0.202007081208/tools/bin/../lib/gcc/arm-none-eabi/7.3.1/thumb/v7-m/crtend.o
 .bss           0x0000000000000000        0x0 d:/learn_in_depth/work space/2_embedded_c/stm32cubeide/plugins/com.st.stm32cube.ide.mcu.externaltools.gnu-tools-for-stm32.7-2018-q2-update.win32_1.4.0.202007081208/tools/bin/../lib/gcc/arm-none-eabi/7.3.1/thumb/v7-m/crtend.o
 .eh_frame      0x0000000000000000        0x4 d:/learn_in_depth/work space/2_embedded_c/stm32cubeide/plugins/com.st.stm32cube.ide.mcu.externaltools.gnu-tools-for-stm32.7-2018-q2-update.win32_1.4.0.202007081208/tools/bin/../lib/gcc/arm-none-eabi/7.3.1/thumb/v7-m/crtend.o
 .ARM.attributes
                0x0000000000000000       0x2d d:/learn_in_depth/work space/2_embedded_c/stm32cubeide/plugins/com.st.stm32cube.ide.mcu.externaltools.gnu-tools-for-stm32.7-2018-q2-update.win32_1.4.0.202007081208/tools/bin/../lib/gcc/arm-none-eabi/7.3.1/thumb/v7-m/crtend.o
 .text          0x0000000000000000        0x0 d:/learn_in_depth/work space/2_embedded_c/stm32cubeide/plugins/com.st.stm32cube.ide.mcu.externaltools.gnu-tools-for-stm32.7-2018-q2-update.win32_1.4.0.202007081208/tools/bin/../lib/gcc/arm-none-eabi/7.3.1/thumb/v7-m/crtn.o
 .data          0x0000000000000000        0x0 d:/learn_in_depth/work space/2_embedded_c/stm32cubeide/plugins/com.st.stm32cube.ide.mcu.externaltools.gnu-tools-for-stm32.7-2018-q2-update.win32_1.4.0.202007081208/tools/bin/../lib/gcc/arm-none-eabi/7.3.1/thumb/v7-m/crtn.o
 .bss           0x0000000000000000        0x0 d:/learn_in_depth/work space/2_embedded_c/stm32cubeide/plugins/com.st.stm32cube.ide.mcu.externaltools.gnu-tools-for-stm32.7-2018-q2-update.win32_1.4.0.202007081208/tools/bin/../lib/gcc/arm-none-eabi/7.3.1/thumb/v7-m/crtn.o

Memory Configuration

Name             Origin             Length             Attributes
RAM              0x0000000020000000 0x0000000000002800 xrw
ROM              0x0000000008000000 0x0000000000008000 xr
*default*        0x0000000000000000 0xffffffffffffffff

Linker script and memory map

LOAD d:/learn_in_depth/work space/2_embedded_c/stm32cubeide/plugins/com.st.stm32cube.ide.mcu.externaltools.gnu-tools-for-stm32.7-2018-q2-update.win32_1.4.0.202007081208/tools/bin/../lib/gcc/arm-none-eabi/7.3.1/thumb/v7-m/crti.o
LOAD d:/learn_in_depth/work space/2_embedded_c/stm32cubeide/plugins/com.st.stm32cube.ide.mcu.externaltools.gnu-tools-for-stm32.7-2018-q2-update.win32_1.4.0.202007081208/tools/bin/../lib/gcc/arm-none-eabi/7.3.1/thumb/v7-m/crtbegin.o
LOAD d:/learn_in_depth/work space/2_embedded_c/stm32cubeide/plugins/com.st.stm32cube.ide.mcu.externaltools.gnu-tools-for-stm32.7-2018-q2-update.win32_1.4.0.202007081208/tools/bin/../lib/gcc/arm-none-eabi/7.3.1/../../../../arm-none-eabi/lib/thumb/v7-m/crt0.o
LOAD HAL/keypad.o
LOAD HAL/lcd.o
LOAD Src/main.o
LOAD Src/syscalls.o
LOAD Src/sysmem.o
LOAD Startup/startup_stm32f103c6tx.o
LOAD Stm32_F103C6_Drivers/GPIO/stm32f103x8_gpio_driver.o
LOAD Stm32_F103C6_Drivers/stm32f103x8_EXTI_driver.o
LOAD Stm32_F103C6_Drivers/stm32f103x8_RCC_driver.o
LOAD Stm32_F103C6_Drivers/stm32f103x8_USART_driver.o
START GROUP
LOAD d:/learn_in_depth/work space/2_embedded_c/stm32cubeide/plugins/com.st.stm32cube.ide.mcu.externaltools.gnu-tools-for-stm32.7-2018-q2-update.win32_1.4.0.202007081208/tools/bin/../lib/gcc/arm-none-eabi/7.3.1/../../../../arm-none-eabi/lib/thumb/v7-m\libc_nano.a
LOAD d:/learn_in_depth/work space/2_embedded_c/stm32cubeide/plugins/com.st.stm32cube.ide.mcu.externaltools.gnu-tools-for-stm32.7-2018-q2-update.win32_1.4.0.202007081208/tools/bin/../lib/gcc/arm-none-eabi/7.3.1/../../../../arm-none-eabi/lib/thumb/v7-m\libm.a
END GROUP
START GROUP
LOAD d:/learn_in_depth/work space/2_embedded_c/stm32cubeide/plugins/com.st.stm32cube.ide.mcu.externaltools.gnu-tools-for-stm32.7-2018-q2-update.win32_1.4.0.202007081208/tools/bin/../lib/gcc/arm-none-eabi/7.3.1/thumb/v7-m\libgcc.a
LOAD d:/learn_in_depth/work space/2_embedded_c/stm32cubeide/plugins/com.st.stm32cube.ide.mcu.externaltools.gnu-tools-for-stm32.7-2018-q2-update.win32_1.4.0.202007081208/tools/bin/../lib/gcc/arm-none-eabi/7.3.1/../../../../arm-none-eabi/lib/thumb/v7-m\libg_nano.a
LOAD d:/learn_in_depth/work space/2_embedded_c/stm32cubeide/plugins/com.st.stm32cube.ide.mcu.externaltools.gnu-tools-for-stm32.7-2018-q2-update.win32_1.4.0.202007081208/tools/bin/../lib/gcc/arm-none-eabi/7.3.1/../../../../arm-none-eabi/lib/thumb/v7-m\libc_nano.a
END GROUP
START GROUP
LOAD d:/learn_in_depth/work space/2_embedded_c/stm32cubeide/plugins/com.st.stm32cube.ide.mcu.externaltools.gnu-tools-for-stm32.7-2018-q2-update.win32_1.4.0.202007081208/tools/bin/../lib/gcc/arm-none-eabi/7.3.1/thumb/v7-m\libgcc.a
LOAD d:/learn_in_depth/work space/2_embedded_c/stm32cubeide/plugins/com.st.stm32cube.ide.mcu.externaltools.gnu-tools-for-stm32.7-2018-q2-update.win32_1.4.0.202007081208/tools/bin/../lib/gcc/arm-none-eabi/7.3.1/../../../../arm-none-eabi/lib/thumb/v7-m\libc_nano.a
LOAD d:/learn_in_depth/work space/2_embedded_c/stm32cubeide/plugins/com.st.stm32cube.ide.mcu.externaltools.gnu-tools-for-stm32.7-2018-q2-update.win32_1.4.0.202007081208/tools/bin/../lib/gcc/arm-none-eabi/7.3.1/../../../../arm-none-eabi/lib/thumb/v7-m\libnosys.a
END GROUP
START GROUP
LOAD d:/learn_in_depth/work space/2_embedded_c/stm32cubeide/plugins/com.st.stm32cube.ide.mcu.externaltools.gnu-tools-for-stm32.7-2018-q2-update.win32_1.4.0.202007081208/tools/bin/../lib/gcc/arm-none-eabi/7.3.1/thumb/v7-m\libgcc.a
LOAD d:/learn_in_depth/work space/2_embedded_c/stm32cubeide/plugins/com.st.stm32cube.ide.mcu.externaltools.gnu-tools-for-stm32.7-2018-q2-update.win32_1.4.0.202007081208/tools/bin/../lib/gcc/arm-none-eabi/7.3.1/../../../../arm-none-eabi/lib/thumb/v7-m\libc_nano.a
LOAD d:/learn_in_depth/work space/2_embedded_c/stm32cubeide/plugins/com.st.stm32cube.ide.mcu.externaltools.gnu-tools-for-stm32.7-2018-q2-update.win32_1.4.0.202007081208/tools/bin/../lib/gcc/arm-none-eabi/7.3.1/../../../../arm-none-eabi/lib/thumb/v7-m\libnosys.a
END GROUP
LOAD d:/learn_in_depth/work space/2_embedded_c/stm32cubeide/plugins/com.st.stm32cube.ide.mcu.externaltools.gnu-tools-for-stm32.7-2018-q2-update.win32_1.4.0.202007081208/tools/bin/../lib/gcc/arm-none-eabi/7.3.1/thumb/v7-m/crtend.o
LOAD d:/learn_in_depth/work space/2_embedded_c/stm32cubeide/plugins/com.st.stm32cube.ide.mcu.externaltools.gnu-tools-for-stm32.7-2018-q2-update.win32_1.4.0.202007081208/tools/bin/../lib/gcc/arm-none-eabi/7.3.1/thumb/v7-m/crtn.o
                0x0000000020002800                _estack = (ORIGIN (RAM) + LENGTH (RAM))
                0x0000000000000200                _Min_Heap_Size = 0x200
                0x0000000000000400                _Min_Stack_Size = 0x400

.isr_vector     0x0000000008000000      0x130
                0x0000000008000000                . = ALIGN (0x4)
 *(.isr_vector)
 .isr_vector    0x0000000008000000      0x130 Startup/startup_stm32f103c6tx.o
                0x0000000008000000                g_pfnVectors
                0x0000000008000130                . = ALIGN (0x4)

.text           0x0000000008000130      0x998
                0x0000000008000130                . = ALIGN (0x4)
 *(.text)
 .text          0x0000000008000130       0x40 d:/learn_in_depth/work space/2_embedded_c/stm32cubeide/plugins/com.st.stm32cube.ide.mcu.externaltools.gnu-tools-for-stm32.7-2018-q2-update.win32_1.4.0.202007081208/tools/bin/../lib/gcc/arm-none-eabi/7.3.1/thumb/v7-m/crtbegin.o
 *(.text*)
 .text.UART_IRQ_Callback
                0x0000000008000170       0x2c Src/main.o
                0x0000000008000170                UART_IRQ_Callback
 .text.main     0x000000000800019c       0x6c Src/main.o
                0x000000000800019c                main
 .text.Reset_Handler
                0x0000000008000208       0x50 Startup/startup_stm32f103c6tx.o
                0x0000000008000208                Reset_Handler
 .text.Default_Handler
                0x0000000008000258        0x2 Startup/startup_stm32f103c6tx.o
                0x0000000008000258                TIM8_TRG_COM_IRQHandler
                0x0000000008000258                TIM8_CC_IRQHandler
                0x0000000008000258                DebugMon_Handler
                0x0000000008000258                TIM1_CC_IRQHandler
                0x0000000008000258                HardFault_Handler
                0x0000000008000258                TIM6_IRQHandler
                0x0000000008000258                SysTick_Handler
                0x0000000008000258                PVD_IRQHandler
                0x0000000008000258                SDIO_IRQHandler
                0x0000000008000258                PendSV_Handler
                0x0000000008000258                NMI_Handler
                0x0000000008000258                USB_HP_CAN_TX_IRQHandler
                0x0000000008000258                I2C2_EV_IRQHandler
                0x0000000008000258                UsageFault_Handler
                0x0000000008000258                ADC1_2_IRQHandler
                0x0000000008000258                SPI1_IRQHandler
                0x0000000008000258                CAN_SCE_IRQHandler
                0x0000000008000258                TAMPER_IRQHandler
                0x0000000008000258                TIM8_UP_IRQHandler
                0x0000000008000258                DMA2_Channel2_IRQHandler
                0x0000000008000258                DMA1_Channel4_IRQHandler
                0x0000000008000258                RTC_IRQHandler
                0x0000000008000258                DMA1_Channel7_IRQHandler
                0x0000000008000258                UART5_IRQHandler
                0x0000000008000258                ADC3_IRQHandler
                0x0000000008000258                TIM4_IRQHandler
                0x0000000008000258                CAN_RX1_IRQHandler
                0x0000000008000258                DMA2_Channel1_IRQHandler
                0x0000000008000258                I2C1_EV_IRQHandler
                0x0000000008000258                DMA1_Channel6_IRQHandler
                0x0000000008000258                UART4_IRQHandler
                0x0000000008000258                TIM3_IRQHandler
                0x0000000008000258                RCC_IRQHandler
                0x0000000008000258                TIM1_TRG_COM_IRQHandler
                0x0000000008000258                DMA1_Channel1_IRQHandler
                0x0000000008000258                Default_Handler
                0x0000000008000258                TIM7_IRQHandler
                0x0000000008000258                TIM5_IRQHandler
                0x0000000008000258                SPI2_IRQHandler
                0x0000000008000258                USB_LP_CAN_RX0_IRQHandler
                0x0000000008000258                MemManage_Handler
                0x0000000008000258                SVC_Handler
                0x0000000008000258                DMA1_Channel5_IRQHandler
                0x0000000008000258                DMA1_Channel3_IRQHandler
                0x0000000008000258                FSMC_IRQHandler
                0x0000000008000258                TIM1_UP_IRQHandler
                0x0000000008000258                WWDG_IRQHandler
                0x0000000008000258                TIM2_IRQHandler
                0x0000000008000258                TIM1_BRK_IRQHandler
                0x0000000008000258                RTCAlarm_IRQHandler
                0x0000000008000258                DMA2_Channel4_5_IRQHandler
                0x0000000008000258                I2C2_ER_IRQHandler
                0x0000000008000258                DMA1_Channel2_IRQHandler
                0x0000000008000258                TIM8_BRK_IRQHandler
                0x0000000008000258                FLASH_IRQHandler
                0x0000000008000258                BusFault_Handler
                0x0000000008000258                SPI3_IRQHandler
                0x0000000008000258                I2C1_ER_IRQHandler
                0x0000000008000258                DMA2_Channel3_IRQHandler
 .text.Get_CRLH_Position
                0x000000000800025a       0xc6 Stm32_F103C6_Drivers/GPIO/stm32f103x8_gpio_driver.o
                0x000000000800025a                Get_CRLH_Position
 .text.MCAL_GPIO_Init
                0x0000000008000320      0x154 Stm32_F103C6_Drivers/GPIO/stm32f103x8_gpio_driver.o
                0x0000000008000320                MCAL_GPIO_Init
 .text.EXTI0_IRQHandler
                0x0000000008000474       0x24 Stm32_F103C6_Drivers/stm32f103x8_EXTI_driver.o
                0x0000000008000474                EXTI0_IRQHandler
 .text.EXTI1_IRQHandler
                0x0000000008000498       0x24 Stm32_F103C6_Drivers/stm32f103x8_EXTI_driver.o
                0x0000000008000498                EXTI1_IRQHandler
 .text.EXTI2_IRQHandler
                0x00000000080004bc       0x24 Stm32_F103C6_Drivers/stm32f103x8_EXTI_driver.o
                0x00000000080004bc                EXTI2_IRQHandler
 .text.EXTI3_IRQHandler
                0x00000000080004e0       0x24 Stm32_F103C6_Drivers/stm32f103x8_EXTI_driver.o
                0x00000000080004e0                EXTI3_IRQHandler
 .text.EXTI4_IRQHandler
                0x0000000008000504       0x24 Stm32_F103C6_Drivers/stm32f103x8_EXTI_driver.o
                0x0000000008000504                EXTI4_IRQHandler
 .text.EXTI9_5_IRQHandler
                0x0000000008000528       0xa8 Stm32_F103C6_Drivers/stm32f103x8_EXTI_driver.o
                0x0000000008000528                EXTI9_5_IRQHandler
 .text.EXTI15_10_IRQHandler
                0x00000000080005d0       0xc4 Stm32_F103C6_Drivers/stm32f103x8_EXTI_driver.o
                0x00000000080005d0                EXTI15_10_IRQHandler
 .text.MCAL_RCC_GetSYS_CLCKFreq
                0x0000000008000694       0x3c Stm32_F103C6_Drivers/stm32f103x8_RCC_driver.o
                0x0000000008000694                MCAL_RCC_GetSYS_CLCKFreq
 .text.MCAL_RCC_GetHCLKFreq
                0x00000000080006d0       0x28 Stm32_F103C6_Drivers/stm32f103x8_RCC_driver.o
                0x00000000080006d0                MCAL_RCC_GetHCLKFreq
 .text.MCAL_RCC_GetPCLK1Freq
                0x00000000080006f8       0x28 Stm32_F103C6_Drivers/stm32f103x8_RCC_driver.o
                0x00000000080006f8                MCAL_RCC_GetPCLK1Freq
 .text.MCAL_RCC_GetPCLK2Freq
                0x0000000008000720       0x28 Stm32_F103C6_Drivers/stm32f103x8_RCC_driver.o
                0x0000000008000720                MCAL_RCC_GetPCLK2Freq
 .text.MCAL_UART_Init
                0x0000000008000748      0x184 Stm32_F103C6_Drivers/stm32f103x8_USART_driver.o
                0x0000000008000748                MCAL_UART_Init
 .text.MCAL_UART_SendData
                0x00000000080008cc       0x36 Stm32_F103C6_Drivers/stm32f103x8_USART_driver.o
                0x00000000080008cc                MCAL_UART_SendData
 *fill*         0x0000000008000902        0x2 
 .text.MCAL_UART_ReceiveData
                0x0000000008000904       0x5c Stm32_F103C6_Drivers/stm32f103x8_USART_driver.o
                0x0000000008000904                MCAL_UART_ReceiveData
 .text.MCAL_UART_GPIO_Set_Pins
                0x0000000008000960       0xcc Stm32_F103C6_Drivers/stm32f103x8_USART_driver.o
                0x0000000008000960                MCAL_UART_GPIO_Set_Pins
 .text.USART1_IRQHandler
                0x0000000008000a2c       0x14 Stm32_F103C6_Drivers/stm32f103x8_USART_driver.o
                0x0000000008000a2c                USART1_IRQHandler
 .text.USART2_IRQHandler
                0x0000000008000a40       0x14 Stm32_F103C6_Drivers/stm32f103x8_USART_driver.o
                0x0000000008000a40                USART2_IRQHandler
 .text.USART3_IRQHandler
                0x0000000008000a54       0x14 Stm32_F103C6_Drivers/stm32f103x8_USART_driver.o
                0x0000000008000a54                USART3_IRQHandler
 .text.__libc_init_array
                0x0000000008000a68       0x48 d:/learn_in_depth/work space/2_embedded_c/stm32cubeide/plugins/com.st.stm32cube.ide.mcu.externaltools.gnu-tools-for-stm32.7-2018-q2-update.win32_1.4.0.202007081208/tools/bin/../lib/gcc/arm-none-eabi/7.3.1/../../../../arm-none-eabi/lib/thumb/v7-m\libc_nano.a(lib_a-init.o)
                0x0000000008000a68                __libc_init_array
 *(.glue_7)
 .glue_7        0x0000000008000ab0        0x0 linker stubs
 *(.glue_7t)
 .glue_7t       0x0000000008000ab0        0x0 linker stubs
 *(.eh_frame)
 .eh_frame      0x0000000008000ab0        0x0 d:/learn_in_depth/work space/2_embedded_c/stm32cubeide/plugins/com.st.stm32cube.ide.mcu.externaltools.gnu-tools-for-stm32.7-2018-q2-update.win32_1.4.0.202007081208/tools/bin/../lib/gcc/arm-none-eabi/7.3.1/thumb/v7-m/crtbegin.o
 *(.init)
 .init          0x0000000008000ab0        0x4 d:/learn_in_depth/work space/2_embedded_c/stm32cubeide/plugins/com.st.stm32cube.ide.mcu.externaltools.gnu-tools-for-stm32.7-2018-q2-update.win32_1.4.0.202007081208/tools/bin/../lib/gcc/arm-none-eabi/7.3.1/thumb/v7-m/crti.o
                0x0000000008000ab0                _init
 .init          0x0000000008000ab4        0x8 d:/learn_in_depth/work space/2_embedded_c/stm32cubeide/plugins/com.st.stm32cube.ide.mcu.externaltools.gnu-tools-for-stm32.7-2018-q2-update.win32_1.4.0.202007081208/tools/bin/../lib/gcc/arm-none-eabi/7.3.1/thumb/v7-m/crtn.o
 *(.fini)
 .fini          0x0000000008000abc        0x4 d:/learn_in_depth/work space/2_embedded_c/stm32cubeide/plugins/com.st.stm32cube.ide.mcu.externaltools.gnu-tools-for-stm32.7-2018-q2-update.win32_1.4.0.202007081208/tools/bin/../lib/gcc/arm-none-eabi/7.3.1/thumb/v7-m/crti.o
                0x0000000008000abc                _fini
 .fini          0x0000000008000ac0        0x8 d:/learn_in_depth/work space/2_embedded_c/stm32cubeide/plugins/com.st.stm32cube.ide.mcu.externaltools.gnu-tools-for-stm32.7-2018-q2-update.win32_1.4.0.202007081208/tools/bin/../lib/gcc/arm-none-eabi/7.3.1/thumb/v7-m/crtn.o
                0x0000000008000ac8                . = ALIGN (0x4)
                0x0000000008000ac8                _etext = .

.vfp11_veneer   0x0000000008000ac8        0x0
 .vfp11_veneer  0x0000000008000ac8        0x0 linker stubs

.v4_bx          0x0000000008000ac8        0x0
 .v4_bx         0x0000000008000ac8        0x0 linker stubs

.iplt           0x0000000008000ac8        0x0
 .iplt          0x0000000008000ac8        0x0 d:/learn_in_depth/work space/2_embedded_c/stm32cubeide/plugins/com.st.stm32cube.ide.mcu.externaltools.gnu-tools-for-stm32.7-2018-q2-update.win32_1.4.0.202007081208/tools/bin/../lib/gcc/arm-none-eabi/7.3.1/thumb/v7-m/crtbegin.o

.rodata         0x0000000008000ac8       0x18
                0x0000000008000ac8                . = ALIGN (0x4)
 *(.rodata)
 *(.rodata*)
 .rodata.APBPrescTable
                0x0000000008000ac8        0x8 Stm32_F103C6_Drivers/stm32f103x8_RCC_driver.o
                0x0000000008000ac8                APBPrescTable
 .rodata.AHBPrescTable
                0x0000000008000ad0       0x10 Stm32_F103C6_Drivers/stm32f103x8_RCC_driver.o
                0x0000000008000ad0                AHBPrescTable
                0x0000000008000ae0                . = ALIGN (0x4)

.rel.dyn        0x0000000008000ae0        0x0
 .rel.iplt      0x0000000008000ae0        0x0 d:/learn_in_depth/work space/2_embedded_c/stm32cubeide/plugins/com.st.stm32cube.ide.mcu.externaltools.gnu-tools-for-stm32.7-2018-q2-update.win32_1.4.0.202007081208/tools/bin/../lib/gcc/arm-none-eabi/7.3.1/thumb/v7-m/crtbegin.o

.ARM.extab      0x0000000008000ae0        0x0
                0x0000000008000ae0                . = ALIGN (0x4)
 *(.ARM.extab* .gnu.linkonce.armextab.*)
                0x0000000008000ae0                . = ALIGN (0x4)

.ARM            0x0000000008000ae0        0x0
                0x0000000008000ae0                . = ALIGN (0x4)
                0x0000000008000ae0                __exidx_start = .
 *(.ARM.exidx*)
                0x0000000008000ae0                __exidx_end = .
                0x0000000008000ae0                . = ALIGN (0x4)

.preinit_array  0x0000000008000ae0        0x0
                0x0000000008000ae0                . = ALIGN (0x4)
                0x0000000008000ae0                PROVIDE (__preinit_array_start = .)
 *(.preinit_array*)
                0x0000000008000ae0                PROVIDE (__preinit_array_end = .)
                0x0000000008000ae0                . = ALIGN (0x4)

.init_array     0x0000000008000ae0        0x4
                0x0000000008000ae0                . = ALIGN (0x4)
                0x0000000008000ae0                PROVIDE (__init_array_start = .)
 *(SORT_BY_NAME(.init_array.*))
 *(.init_array*)
 .init_array    0x0000000008000ae0        0x4 d:/learn_in_depth/work space/2_embedded_c/stm32cubeide/plugins/com.st.stm32cube.ide.mcu.externaltools.gnu-tools-for-stm32.7-2018-q2-update.win32_1.4.0.202007081208/tools/bin/../lib/gcc/arm-none-eabi/7.3.1/thumb/v7-m/crtbegin.o
                0x0000000008000ae4                PROVIDE (__init_array_end = .)
                0x0000000008000ae4                . = ALIGN (0x4)

.fini_array     0x0000000008000ae4        0x4
                0x0000000008000ae4                . = ALIGN (0x4)
                [!provide]                        PROVIDE (__fini_array_start = .)
 *(SORT_BY_NAME(.fini_array.*))
 *(.fini_array*)
 .fini_array    0x0000000008000ae4        0x4 d:/learn_in_depth/work space/2_embedded_c/stm32cubeide/plugins/com.st.stm32cube.ide.mcu.externaltools.gnu-tools-for-stm32.7-2018-q2-update.win32_1.4.0.202007081208/tools/bin/../lib/gcc/arm-none-eabi/7.3.1/thumb/v7-m/crtbegin.o
                [!provide]                        PROVIDE (__fini_array_end = .)
                0x0000000008000ae8                . = ALIGN (0x4)
                0x0000000008000ae8                _sidata = LOADADDR (.data)

.data           0x0000000020000000        0x0 load address 0x0000000008000ae8
                0x0000000020000000                . = ALIGN (0x4)
                0x0000000020000000                _sdata = .
 *(.data)
 *(.data*)
                0x0000000020000000                . = ALIGN (0x4)
                0x0000000020000000                _edata = .

.igot.plt       0x0000000020000000        0x0 load address 0x0000000008000ae8
 .igot.plt      0x0000000020000000        0x0 d:/learn_in_depth/work space/2_embedded_c/stm32cubeide/plugins/com.st.stm32cube.ide.mcu.externaltools.gnu-tools-for-stm32.7-2018-q2-update.win32_1.4.0.202007081208/tools/bin/../lib/gcc/arm-none-eabi/7.3.1/thumb/v7-m/crtbegin.o
                0x0000000020000000                . = ALIGN (0x4)

.bss            0x0000000020000000       0x60 load address 0x0000000008000ae8
                0x0000000020000000                _sbss = .
                0x0000000020000000                __bss_start__ = _sbss
 *(.bss)
 .bss           0x0000000020000000       0x1c d:/learn_in_depth/work space/2_embedded_c/stm32cubeide/plugins/com.st.stm32cube.ide.mcu.externaltools.gnu-tools-for-stm32.7-2018-q2-update.win32_1.4.0.202007081208/tools/bin/../lib/gcc/arm-none-eabi/7.3.1/thumb/v7-m/crtbegin.o
 *(.bss*)
 .bss.Global_UART_Config
                0x000000002000001c        0x4 Stm32_F103C6_Drivers/stm32f103x8_USART_driver.o
                0x000000002000001c                Global_UART_Config
 *(COMMON)
 COMMON         0x0000000020000020        0x4 Src/main.o
                0x0000000020000020                ch
 COMMON         0x0000000020000024       0x3c Stm32_F103C6_Drivers/stm32f103x8_EXTI_driver.o
                0x0000000020000024                GP_IRQ_CallBack
                0x0000000020000060                . = ALIGN (0x4)
                0x0000000020000060                _ebss = .
                0x0000000020000060                __bss_end__ = _ebss

._user_heap_stack
                0x0000000020000060      0x600 load address 0x0000000008000ae8
                0x0000000020000060                . = ALIGN (0x8)
                [!provide]                        PROVIDE (end = .)
                0x0000000020000060                PROVIDE (_end = .)
                0x0000000020000260                . = (. + _Min_Heap_Size)
 *fill*         0x0000000020000060      0x200 
                0x0000000020000660                . = (. + _Min_Stack_Size)
 *fill*         0x0000000020000260      0x400 
                0x0000000020000660                . = ALIGN (0x8)

/DISCARD/
 libc.a(*)
 libm.a(*)
 libgcc.a(*)

.ARM.attributes
                0x0000000000000000       0x29
 *(.ARM.attributes)
 .ARM.attributes
                0x0000000000000000       0x1d d:/learn_in_depth/work space/2_embedded_c/stm32cubeide/plugins/com.st.stm32cube.ide.mcu.externaltools.gnu-tools-for-stm32.7-2018-q2-update.win32_1.4.0.202007081208/tools/bin/../lib/gcc/arm-none-eabi/7.3.1/thumb/v7-m/crti.o
 .ARM.attributes
                0x000000000000001d       0x2d d:/learn_in_depth/work space/2_embedded_c/stm32cubeide/plugins/com.st.stm32cube.ide.mcu.externaltools.gnu-tools-for-stm32.7-2018-q2-update.win32_1.4.0.202007081208/tools/bin/../lib/gcc/arm-none-eabi/7.3.1/thumb/v7-m/crtbegin.o
 .ARM.attributes
                0x000000000000004a       0x33 Src/main.o
 .ARM.attributes
                0x000000000000007d       0x21 Startup/startup_stm32f103c6tx.o
 .ARM.attributes
                0x000000000000009e       0x33 Stm32_F103C6_Drivers/GPIO/stm32f103x8_gpio_driver.o
 .ARM.attributes
                0x00000000000000d1       0x33 Stm32_F103C6_Drivers/stm32f103x8_EXTI_driver.o
 .ARM.attributes
                0x0000000000000104       0x33 Stm32_F103C6_Drivers/stm32f103x8_RCC_driver.o
 .ARM.attributes
                0x0000000000000137       0x33 Stm32_F103C6_Drivers/stm32f103x8_USART_driver.o
 .ARM.attributes
                0x000000000000016a       0x2d d:/learn_in_depth/work space/2_embedded_c/stm32cubeide/plugins/com.st.stm32cube.ide.mcu.externaltools.gnu-tools-for-stm32.7-2018-q2-update.win32_1.4.0.202007081208/tools/bin/../lib/gcc/arm-none-eabi/7.3.1/../../../../arm-none-eabi/lib/thumb/v7-m\libc_nano.a(lib_a-init.o)
 .ARM.attributes
                0x0000000000000197       0x1d d:/learn_in_depth/work space/2_embedded_c/stm32cubeide/plugins/com.st.stm32cube.ide.mcu.externaltools.gnu-tools-for-stm32.7-2018-q2-update.win32_1.4.0.202007081208/tools/bin/../lib/gcc/arm-none-eabi/7.3.1/thumb/v7-m/crtn.o
OUTPUT(Drivers.elf elf32-littlearm)

.debug_info     0x0000000000000000     0x410d
 .debug_info    0x0000000000000000      0xc6b Src/main.o
 .debug_info    0x0000000000000c6b       0x22 Startup/startup_stm32f103c6tx.o
 .debug_info    0x0000000000000c8d      0xd79 Stm32_F103C6_Drivers/GPIO/stm32f103x8_gpio_driver.o
 .debug_info    0x0000000000001a06      0xdbf Stm32_F103C6_Drivers/stm32f103x8_EXTI_driver.o
 .debug_info    0x00000000000027c5      0xb25 Stm32_F103C6_Drivers/stm32f103x8_RCC_driver.o
 .debug_info    0x00000000000032ea      0xe23 Stm32_F103C6_Drivers/stm32f103x8_USART_driver.o

.debug_abbrev   0x0000000000000000      0xa16
 .debug_abbrev  0x0000000000000000      0x1e8 Src/main.o
 .debug_abbrev  0x00000000000001e8       0x12 Startup/startup_stm32f103c6tx.o
 .debug_abbrev  0x00000000000001fa      0x232 Stm32_F103C6_Drivers/GPIO/stm32f103x8_gpio_driver.o
 .debug_abbrev  0x000000000000042c      0x210 Stm32_F103C6_Drivers/stm32f103x8_EXTI_driver.o
 .debug_abbrev  0x000000000000063c      0x19b Stm32_F103C6_Drivers/stm32f103x8_RCC_driver.o
 .debug_abbrev  0x00000000000007d7      0x23f Stm32_F103C6_Drivers/stm32f103x8_USART_driver.o

.debug_loc      0x0000000000000000      0xa34
 .debug_loc     0x0000000000000000       0x88 Src/main.o
 .debug_loc     0x0000000000000088      0x330 Stm32_F103C6_Drivers/GPIO/stm32f103x8_gpio_driver.o
 .debug_loc     0x00000000000003b8      0x320 Stm32_F103C6_Drivers/stm32f103x8_EXTI_driver.o
 .debug_loc     0x00000000000006d8       0xc8 Stm32_F103C6_Drivers/stm32f103x8_RCC_driver.o
 .debug_loc     0x00000000000007a0      0x294 Stm32_F103C6_Drivers/stm32f103x8_USART_driver.o

.debug_aranges  0x0000000000000000      0x1c8
 .debug_aranges
                0x0000000000000000       0x28 Src/main.o
 .debug_aranges
                0x0000000000000028       0x28 Startup/startup_stm32f103c6tx.o
 .debug_aranges
                0x0000000000000050       0x60 Stm32_F103C6_Drivers/GPIO/stm32f103x8_gpio_driver.o
 .debug_aranges
                0x00000000000000b0       0x80 Stm32_F103C6_Drivers/stm32f103x8_EXTI_driver.o
 .debug_aranges
                0x0000000000000130       0x38 Stm32_F103C6_Drivers/stm32f103x8_RCC_driver.o
 .debug_aranges
                0x0000000000000168       0x60 Stm32_F103C6_Drivers/stm32f103x8_USART_driver.o

.debug_ranges   0x0000000000000000      0x170
 .debug_ranges  0x0000000000000000       0x18 Src/main.o
 .debug_ranges  0x0000000000000018       0x20 Startup/startup_stm32f103c6tx.o
 .debug_ranges  0x0000000000000038       0x50 Stm32_F103C6_Drivers/GPIO/stm32f103x8_gpio_driver.o
 .debug_ranges  0x0000000000000088       0x70 Stm32_F103C6_Drivers/stm32f103x8_EXTI_driver.o
 .debug_ranges  0x00000000000000f8       0x28 Stm32_F103C6_Drivers/stm32f103x8_RCC_driver.o
 .debug_ranges  0x0000000000000120       0x50 Stm32_F103C6_Drivers/stm32f103x8_USART_driver.o

.debug_macro    0x0000000000000000     0x13b7
 .debug_macro   0x0000000000000000      0x245 Src/main.o
 .debug_macro   0x0000000000000245       0x8e Src/main.o
 .debug_macro   0x00000000000002d3       0x51 Src/main.o
 .debug_macro   0x0000000000000324       0x46 Src/main.o
 .debug_macro   0x000000000000036a       0x1c Src/main.o
 .debug_macro   0x0000000000000386       0x35 Src/main.o
 .debug_macro   0x00000000000003bb       0x10 Src/main.o
 .debug_macro   0x00000000000003cb       0x10 Src/main.o
 .debug_macro   0x00000000000003db       0x1c Src/main.o
 .debug_macro   0x00000000000003f7       0x52 Src/main.o
 .debug_macro   0x0000000000000449       0x40 Src/main.o
 .debug_macro   0x0000000000000489       0x10 Src/main.o
 .debug_macro   0x0000000000000499       0x40 Src/main.o
 .debug_macro   0x00000000000004d9       0xd7 Src/main.o
 .debug_macro   0x00000000000005b0       0x1c Src/main.o
 .debug_macro   0x00000000000005cc       0x3d Src/main.o
 .debug_macro   0x0000000000000609       0x16 Src/main.o
 .debug_macro   0x000000000000061f      0x145 Src/main.o
 .debug_macro   0x0000000000000764      0x246 Src/main.o
 .debug_macro   0x00000000000009aa       0xa0 Src/main.o
 .debug_macro   0x0000000000000a4a       0x40 Src/main.o
 .debug_macro   0x0000000000000a8a      0x228 Src/main.o
 .debug_macro   0x0000000000000cb2       0x16 Src/main.o
 .debug_macro   0x0000000000000cc8       0xe8 Src/main.o
 .debug_macro   0x0000000000000db0      0x13f Stm32_F103C6_Drivers/GPIO/stm32f103x8_gpio_driver.o
 .debug_macro   0x0000000000000eef      0x152 Stm32_F103C6_Drivers/stm32f103x8_EXTI_driver.o
 .debug_macro   0x0000000000001041       0xd6 Stm32_F103C6_Drivers/stm32f103x8_EXTI_driver.o
 .debug_macro   0x0000000000001117      0x13f Stm32_F103C6_Drivers/stm32f103x8_RCC_driver.o
 .debug_macro   0x0000000000001256       0x10 Stm32_F103C6_Drivers/stm32f103x8_RCC_driver.o
 .debug_macro   0x0000000000001266      0x151 Stm32_F103C6_Drivers/stm32f103x8_USART_driver.o

.debug_line     0x0000000000000000     0x27e4
 .debug_line    0x0000000000000000      0x80f Src/main.o
 .debug_line    0x000000000000080f       0x84 Startup/startup_stm32f103c6tx.o
 .debug_line    0x0000000000000893      0x7e3 Stm32_F103C6_Drivers/GPIO/stm32f103x8_gpio_driver.o
 .debug_line    0x0000000000001076      0x880 Stm32_F103C6_Drivers/stm32f103x8_EXTI_driver.o
 .debug_line    0x00000000000018f6      0x6ed Stm32_F103C6_Drivers/stm32f103x8_RCC_driver.o
 .debug_line    0x0000000000001fe3      0x801 Stm32_F103C6_Drivers/stm32f103x8_USART_driver.o

.debug_str      0x0000000000000000     0xb2d6
 .debug_str     0x0000000000000000     0xad38 Src/main.o
                                       0xafb4 (size before relaxing)
 .debug_str     0x000000000000ad38       0x31 Startup/startup_stm32f103c6tx.o
                                         0x66 (size before relaxing)
 .debug_str     0x000000000000ad69      0x137 Stm32_F103C6_Drivers/GPIO/stm32f103x8_gpio_driver.o
                                       0x8187 (size before relaxing)
 .debug_str     0x000000000000aea0      0x270 Stm32_F103C6_Drivers/stm32f103x8_EXTI_driver.o
                                       0x95d9 (size before relaxing)
 .debug_str     0x000000000000b110       0xa7 Stm32_F103C6_Drivers/stm32f103x8_RCC_driver.o
                                       0x7d19 (size before relaxing)
 .debug_str     0x000000000000b1b7      0x11f Stm32_F103C6_Drivers/stm32f103x8_USART_driver.o
                                       0x88a5 (size before relaxing)

.comment        0x0000000000000000       0x7b
 .comment       0x0000000000000000       0x7b Src/main.o
                                         0x7c (size before relaxing)
 .comment       0x000000000000007b       0x7c Stm32_F103C6_Drivers/GPIO/stm32f103x8_gpio_driver.o
 .comment       0x000000000000007b       0x7c Stm32_F103C6_Drivers/stm32f103x8_EXTI_driver.o
 .comment       0x000000000000007b       0x7c Stm32_F103C6_Drivers/stm32f103x8_RCC_driver.o
 .comment       0x000000000000007b       0x7c Stm32_F103C6_Drivers/stm32f103x8_USART_driver.o

.debug_frame    0x0000000000000000      0x578
 .debug_frame   0x0000000000000000       0x54 Src/main.o
 .debug_frame   0x0000000000000054      0x178 Stm32_F103C6_Drivers/GPIO/stm32f103x8_gpio_driver.o
 .debug_frame   0x00000000000001cc      0x1b0 Stm32_F103C6_Drivers/stm32f103x8_EXTI_driver.o
 .debug_frame   0x000000000000037c       0x84 Stm32_F103C6_Drivers/stm32f103x8_RCC_driver.o
 .debug_frame   0x0000000000000400      0x14c Stm32_F103C6_Drivers/stm32f103x8_USART_driver.o
 .debug_frame   0x000000000000054c       0x2c d:/learn_in_depth/work space/2_embedded_c/stm32cubeide/plugins/com.st.stm32cube.ide.mcu.externaltools.gnu-tools-for-stm32.7-2018-q2-update.win32_1.4.0.202007081208/tools/bin/../lib/gcc/arm-none-eabi/7.3.1/../../../../arm-none-eabi/lib/thumb/v7-m\libc_nano.a(lib_a-init.o)
