Archive member included to satisfy reference by file (symbol)

d:/learn_in_depth/work space/2_embedded_c/stm32cubeide/plugins/com.st.stm32cube.ide.mcu.externaltools.gnu-tools-for-stm32.7-2018-q2-update.win32_1.4.0.202007081208/tools/bin/../lib/gcc/arm-none-eabi/7.3.1/../../../../arm-none-eabi/lib/thumb/v7-m\libc_nano.a(lib_a-errno.o)
                              Src/syscalls.o (__errno)
d:/learn_in_depth/work space/2_embedded_c/stm32cubeide/plugins/com.st.stm32cube.ide.mcu.externaltools.gnu-tools-for-stm32.7-2018-q2-update.win32_1.4.0.202007081208/tools/bin/../lib/gcc/arm-none-eabi/7.3.1/../../../../arm-none-eabi/lib/thumb/v7-m\libc_nano.a(lib_a-exit.o)
                              d:/learn_in_depth/work space/2_embedded_c/stm32cubeide/plugins/com.st.stm32cube.ide.mcu.externaltools.gnu-tools-for-stm32.7-2018-q2-update.win32_1.4.0.202007081208/tools/bin/../lib/gcc/arm-none-eabi/7.3.1/../../../../arm-none-eabi/lib/thumb/v7-m/crt0.o (exit)
d:/learn_in_depth/work space/2_embedded_c/stm32cubeide/plugins/com.st.stm32cube.ide.mcu.externaltools.gnu-tools-for-stm32.7-2018-q2-update.win32_1.4.0.202007081208/tools/bin/../lib/gcc/arm-none-eabi/7.3.1/../../../../arm-none-eabi/lib/thumb/v7-m\libc_nano.a(lib_a-impure.o)
                              d:/learn_in_depth/work space/2_embedded_c/stm32cubeide/plugins/com.st.stm32cube.ide.mcu.externaltools.gnu-tools-for-stm32.7-2018-q2-update.win32_1.4.0.202007081208/tools/bin/../lib/gcc/arm-none-eabi/7.3.1/../../../../arm-none-eabi/lib/thumb/v7-m\libc_nano.a(lib_a-exit.o) (_global_impure_ptr)
d:/learn_in_depth/work space/2_embedded_c/stm32cubeide/plugins/com.st.stm32cube.ide.mcu.externaltools.gnu-tools-for-stm32.7-2018-q2-update.win32_1.4.0.202007081208/tools/bin/../lib/gcc/arm-none-eabi/7.3.1/../../../../arm-none-eabi/lib/thumb/v7-m\libc_nano.a(lib_a-init.o)
                              d:/learn_in_depth/work space/2_embedded_c/stm32cubeide/plugins/com.st.stm32cube.ide.mcu.externaltools.gnu-tools-for-stm32.7-2018-q2-update.win32_1.4.0.202007081208/tools/bin/../lib/gcc/arm-none-eabi/7.3.1/../../../../arm-none-eabi/lib/thumb/v7-m/crt0.o (__libc_init_array)
d:/learn_in_depth/work space/2_embedded_c/stm32cubeide/plugins/com.st.stm32cube.ide.mcu.externaltools.gnu-tools-for-stm32.7-2018-q2-update.win32_1.4.0.202007081208/tools/bin/../lib/gcc/arm-none-eabi/7.3.1/../../../../arm-none-eabi/lib/thumb/v7-m\libc_nano.a(lib_a-memset.o)
                              d:/learn_in_depth/work space/2_embedded_c/stm32cubeide/plugins/com.st.stm32cube.ide.mcu.externaltools.gnu-tools-for-stm32.7-2018-q2-update.win32_1.4.0.202007081208/tools/bin/../lib/gcc/arm-none-eabi/7.3.1/../../../../arm-none-eabi/lib/thumb/v7-m/crt0.o (memset)

Allocating common symbols
Common symbol       size              file

PinConfig           0x4               APP/01_GPIO_Test_1_LCD_Keypad.o
GP_IRQ_CallBack     0x3c              MCAL/stm32f103x6_EXTI_driver.o

Discarded input sections

 .text          0x0000000000000000        0x0 d:/learn_in_depth/work space/2_embedded_c/stm32cubeide/plugins/com.st.stm32cube.ide.mcu.externaltools.gnu-tools-for-stm32.7-2018-q2-update.win32_1.4.0.202007081208/tools/bin/../lib/gcc/arm-none-eabi/7.3.1/thumb/v7-m/crti.o
 .data          0x0000000000000000        0x0 d:/learn_in_depth/work space/2_embedded_c/stm32cubeide/plugins/com.st.stm32cube.ide.mcu.externaltools.gnu-tools-for-stm32.7-2018-q2-update.win32_1.4.0.202007081208/tools/bin/../lib/gcc/arm-none-eabi/7.3.1/thumb/v7-m/crti.o
 .bss           0x0000000000000000        0x0 d:/learn_in_depth/work space/2_embedded_c/stm32cubeide/plugins/com.st.stm32cube.ide.mcu.externaltools.gnu-tools-for-stm32.7-2018-q2-update.win32_1.4.0.202007081208/tools/bin/../lib/gcc/arm-none-eabi/7.3.1/thumb/v7-m/crti.o
 .data          0x0000000000000000        0x4 d:/learn_in_depth/work space/2_embedded_c/stm32cubeide/plugins/com.st.stm32cube.ide.mcu.externaltools.gnu-tools-for-stm32.7-2018-q2-update.win32_1.4.0.202007081208/tools/bin/../lib/gcc/arm-none-eabi/7.3.1/thumb/v7-m/crtbegin.o
 .text          0x0000000000000000       0x74 d:/learn_in_depth/work space/2_embedded_c/stm32cubeide/plugins/com.st.stm32cube.ide.mcu.externaltools.gnu-tools-for-stm32.7-2018-q2-update.win32_1.4.0.202007081208/tools/bin/../lib/gcc/arm-none-eabi/7.3.1/../../../../arm-none-eabi/lib/thumb/v7-m/crt0.o
 .data          0x0000000000000000        0x0 d:/learn_in_depth/work space/2_embedded_c/stm32cubeide/plugins/com.st.stm32cube.ide.mcu.externaltools.gnu-tools-for-stm32.7-2018-q2-update.win32_1.4.0.202007081208/tools/bin/../lib/gcc/arm-none-eabi/7.3.1/../../../../arm-none-eabi/lib/thumb/v7-m/crt0.o
 .bss           0x0000000000000000        0x0 d:/learn_in_depth/work space/2_embedded_c/stm32cubeide/plugins/com.st.stm32cube.ide.mcu.externaltools.gnu-tools-for-stm32.7-2018-q2-update.win32_1.4.0.202007081208/tools/bin/../lib/gcc/arm-none-eabi/7.3.1/../../../../arm-none-eabi/lib/thumb/v7-m/crt0.o
 .ARM.extab     0x0000000000000000        0x0 d:/learn_in_depth/work space/2_embedded_c/stm32cubeide/plugins/com.st.stm32cube.ide.mcu.externaltools.gnu-tools-for-stm32.7-2018-q2-update.win32_1.4.0.202007081208/tools/bin/../lib/gcc/arm-none-eabi/7.3.1/../../../../arm-none-eabi/lib/thumb/v7-m/crt0.o
 .ARM.exidx     0x0000000000000000        0x8 d:/learn_in_depth/work space/2_embedded_c/stm32cubeide/plugins/com.st.stm32cube.ide.mcu.externaltools.gnu-tools-for-stm32.7-2018-q2-update.win32_1.4.0.202007081208/tools/bin/../lib/gcc/arm-none-eabi/7.3.1/../../../../arm-none-eabi/lib/thumb/v7-m/crt0.o
 .ARM.attributes
                0x0000000000000000       0x1b d:/learn_in_depth/work space/2_embedded_c/stm32cubeide/plugins/com.st.stm32cube.ide.mcu.externaltools.gnu-tools-for-stm32.7-2018-q2-update.win32_1.4.0.202007081208/tools/bin/../lib/gcc/arm-none-eabi/7.3.1/../../../../arm-none-eabi/lib/thumb/v7-m/crt0.o
 .group         0x0000000000000000        0xc APP/01_GPIO_Test_1_LCD_Keypad.o
 .group         0x0000000000000000        0xc APP/01_GPIO_Test_1_LCD_Keypad.o
 .group         0x0000000000000000        0xc APP/01_GPIO_Test_1_LCD_Keypad.o
 .group         0x0000000000000000        0xc APP/01_GPIO_Test_1_LCD_Keypad.o
 .group         0x0000000000000000        0xc APP/01_GPIO_Test_1_LCD_Keypad.o
 .group         0x0000000000000000        0xc APP/01_GPIO_Test_1_LCD_Keypad.o
 .group         0x0000000000000000        0xc APP/01_GPIO_Test_1_LCD_Keypad.o
 .group         0x0000000000000000        0xc APP/01_GPIO_Test_1_LCD_Keypad.o
 .text          0x0000000000000000        0x0 APP/01_GPIO_Test_1_LCD_Keypad.o
 .data          0x0000000000000000        0x0 APP/01_GPIO_Test_1_LCD_Keypad.o
 .bss           0x0000000000000000        0x0 APP/01_GPIO_Test_1_LCD_Keypad.o
 .text.GPIO_Test_1_LCD_Keypad
                0x0000000000000000       0x36 APP/01_GPIO_Test_1_LCD_Keypad.o
 .group         0x0000000000000000        0xc APP/02_GPIO_Test_2_LEDs_Using_Push_Button.o
 .group         0x0000000000000000        0xc APP/02_GPIO_Test_2_LEDs_Using_Push_Button.o
 .group         0x0000000000000000        0xc APP/02_GPIO_Test_2_LEDs_Using_Push_Button.o
 .group         0x0000000000000000        0xc APP/02_GPIO_Test_2_LEDs_Using_Push_Button.o
 .group         0x0000000000000000        0xc APP/02_GPIO_Test_2_LEDs_Using_Push_Button.o
 .text          0x0000000000000000        0x0 APP/02_GPIO_Test_2_LEDs_Using_Push_Button.o
 .data          0x0000000000000000        0x0 APP/02_GPIO_Test_2_LEDs_Using_Push_Button.o
 .bss           0x0000000000000000        0x0 APP/02_GPIO_Test_2_LEDs_Using_Push_Button.o
 .text.clock_init
                0x0000000000000000       0x28 APP/02_GPIO_Test_2_LEDs_Using_Push_Button.o
 .text.GPIO_init
                0x0000000000000000       0x6c APP/02_GPIO_Test_2_LEDs_Using_Push_Button.o
 .text.delay    0x0000000000000000       0x38 APP/02_GPIO_Test_2_LEDs_Using_Push_Button.o
 .text.GPIO_Test_2_LEDs_Using_Push_Button
                0x0000000000000000       0x5c APP/02_GPIO_Test_2_LEDs_Using_Push_Button.o
 .debug_info    0x0000000000000000      0x28c APP/02_GPIO_Test_2_LEDs_Using_Push_Button.o
 .debug_abbrev  0x0000000000000000       0xfb APP/02_GPIO_Test_2_LEDs_Using_Push_Button.o
 .debug_loc     0x0000000000000000      0x11c APP/02_GPIO_Test_2_LEDs_Using_Push_Button.o
 .debug_aranges
                0x0000000000000000       0x38 APP/02_GPIO_Test_2_LEDs_Using_Push_Button.o
 .debug_ranges  0x0000000000000000       0x28 APP/02_GPIO_Test_2_LEDs_Using_Push_Button.o
 .debug_macro   0x0000000000000000       0x45 APP/02_GPIO_Test_2_LEDs_Using_Push_Button.o
 .debug_macro   0x0000000000000000      0xa60 APP/02_GPIO_Test_2_LEDs_Using_Push_Button.o
 .debug_macro   0x0000000000000000       0x10 APP/02_GPIO_Test_2_LEDs_Using_Push_Button.o
 .debug_macro   0x0000000000000000       0x7c APP/02_GPIO_Test_2_LEDs_Using_Push_Button.o
 .debug_macro   0x0000000000000000      0x1b0 APP/02_GPIO_Test_2_LEDs_Using_Push_Button.o
 .debug_macro   0x0000000000000000       0xd0 APP/02_GPIO_Test_2_LEDs_Using_Push_Button.o
 .debug_line    0x0000000000000000      0x159 APP/02_GPIO_Test_2_LEDs_Using_Push_Button.o
 .debug_str     0x0000000000000000     0x3e0f APP/02_GPIO_Test_2_LEDs_Using_Push_Button.o
 .comment       0x0000000000000000       0x7c APP/02_GPIO_Test_2_LEDs_Using_Push_Button.o
 .debug_frame   0x0000000000000000       0x98 APP/02_GPIO_Test_2_LEDs_Using_Push_Button.o
 .ARM.attributes
                0x0000000000000000       0x33 APP/02_GPIO_Test_2_LEDs_Using_Push_Button.o
 .group         0x0000000000000000        0xc APP/03_GPIO_Test_3_Keypad_LCD_7_Segment.o
 .group         0x0000000000000000        0xc APP/03_GPIO_Test_3_Keypad_LCD_7_Segment.o
 .group         0x0000000000000000        0xc APP/03_GPIO_Test_3_Keypad_LCD_7_Segment.o
 .group         0x0000000000000000        0xc APP/03_GPIO_Test_3_Keypad_LCD_7_Segment.o
 .group         0x0000000000000000        0xc APP/03_GPIO_Test_3_Keypad_LCD_7_Segment.o
 .group         0x0000000000000000        0xc APP/03_GPIO_Test_3_Keypad_LCD_7_Segment.o
 .group         0x0000000000000000        0xc APP/03_GPIO_Test_3_Keypad_LCD_7_Segment.o
 .group         0x0000000000000000        0xc APP/03_GPIO_Test_3_Keypad_LCD_7_Segment.o
 .group         0x0000000000000000        0xc APP/03_GPIO_Test_3_Keypad_LCD_7_Segment.o
 .group         0x0000000000000000        0xc APP/03_GPIO_Test_3_Keypad_LCD_7_Segment.o
 .text          0x0000000000000000        0x0 APP/03_GPIO_Test_3_Keypad_LCD_7_Segment.o
 .data          0x0000000000000000        0x0 APP/03_GPIO_Test_3_Keypad_LCD_7_Segment.o
 .bss           0x0000000000000000        0x0 APP/03_GPIO_Test_3_Keypad_LCD_7_Segment.o
 .rodata        0x0000000000000000       0x4b APP/03_GPIO_Test_3_Keypad_LCD_7_Segment.o
 .text.GPIO_Test_3_Keypad_LCD_7_Segment
                0x0000000000000000       0xdc APP/03_GPIO_Test_3_Keypad_LCD_7_Segment.o
 .text.clock_init
                0x0000000000000000       0x28 APP/03_GPIO_Test_3_Keypad_LCD_7_Segment.o
 .text.delay_ms
                0x0000000000000000       0x38 APP/03_GPIO_Test_3_Keypad_LCD_7_Segment.o
 .debug_info    0x0000000000000000      0x2c6 APP/03_GPIO_Test_3_Keypad_LCD_7_Segment.o
 .debug_abbrev  0x0000000000000000      0x10d APP/03_GPIO_Test_3_Keypad_LCD_7_Segment.o
 .debug_loc     0x0000000000000000       0xd8 APP/03_GPIO_Test_3_Keypad_LCD_7_Segment.o
 .debug_aranges
                0x0000000000000000       0x30 APP/03_GPIO_Test_3_Keypad_LCD_7_Segment.o
 .debug_ranges  0x0000000000000000       0x20 APP/03_GPIO_Test_3_Keypad_LCD_7_Segment.o
 .debug_macro   0x0000000000000000       0x82 APP/03_GPIO_Test_3_Keypad_LCD_7_Segment.o
 .debug_macro   0x0000000000000000      0xa60 APP/03_GPIO_Test_3_Keypad_LCD_7_Segment.o
 .debug_macro   0x0000000000000000       0x10 APP/03_GPIO_Test_3_Keypad_LCD_7_Segment.o
 .debug_macro   0x0000000000000000       0x10 APP/03_GPIO_Test_3_Keypad_LCD_7_Segment.o
 .debug_macro   0x0000000000000000       0x7c APP/03_GPIO_Test_3_Keypad_LCD_7_Segment.o
 .debug_macro   0x0000000000000000      0x1b0 APP/03_GPIO_Test_3_Keypad_LCD_7_Segment.o
 .debug_macro   0x0000000000000000       0xd0 APP/03_GPIO_Test_3_Keypad_LCD_7_Segment.o
 .debug_macro   0x0000000000000000       0x9a APP/03_GPIO_Test_3_Keypad_LCD_7_Segment.o
 .debug_macro   0x0000000000000000       0x40 APP/03_GPIO_Test_3_Keypad_LCD_7_Segment.o
 .debug_macro   0x0000000000000000       0x40 APP/03_GPIO_Test_3_Keypad_LCD_7_Segment.o
 .debug_macro   0x0000000000000000      0x22c APP/03_GPIO_Test_3_Keypad_LCD_7_Segment.o
 .debug_line    0x0000000000000000      0x283 APP/03_GPIO_Test_3_Keypad_LCD_7_Segment.o
 .debug_str     0x0000000000000000     0x5470 APP/03_GPIO_Test_3_Keypad_LCD_7_Segment.o
 .comment       0x0000000000000000       0x7c APP/03_GPIO_Test_3_Keypad_LCD_7_Segment.o
 .debug_frame   0x0000000000000000       0x78 APP/03_GPIO_Test_3_Keypad_LCD_7_Segment.o
 .ARM.attributes
                0x0000000000000000       0x33 APP/03_GPIO_Test_3_Keypad_LCD_7_Segment.o
 .group         0x0000000000000000        0xc APP/04_EXTI_Test_1_LCD_Push_Button.o
 .group         0x0000000000000000        0xc APP/04_EXTI_Test_1_LCD_Push_Button.o
 .group         0x0000000000000000        0xc APP/04_EXTI_Test_1_LCD_Push_Button.o
 .group         0x0000000000000000        0xc APP/04_EXTI_Test_1_LCD_Push_Button.o
 .group         0x0000000000000000        0xc APP/04_EXTI_Test_1_LCD_Push_Button.o
 .group         0x0000000000000000        0xc APP/04_EXTI_Test_1_LCD_Push_Button.o
 .group         0x0000000000000000        0xc APP/04_EXTI_Test_1_LCD_Push_Button.o
 .group         0x0000000000000000        0xc APP/04_EXTI_Test_1_LCD_Push_Button.o
 .text          0x0000000000000000        0x0 APP/04_EXTI_Test_1_LCD_Push_Button.o
 .data          0x0000000000000000        0x0 APP/04_EXTI_Test_1_LCD_Push_Button.o
 .bss           0x0000000000000000        0x0 APP/04_EXTI_Test_1_LCD_Push_Button.o
 .debug_macro   0x0000000000000000      0xa60 APP/04_EXTI_Test_1_LCD_Push_Button.o
 .debug_macro   0x0000000000000000       0x10 APP/04_EXTI_Test_1_LCD_Push_Button.o
 .debug_macro   0x0000000000000000       0x10 APP/04_EXTI_Test_1_LCD_Push_Button.o
 .debug_macro   0x0000000000000000       0x7c APP/04_EXTI_Test_1_LCD_Push_Button.o
 .debug_macro   0x0000000000000000      0x1b0 APP/04_EXTI_Test_1_LCD_Push_Button.o
 .debug_macro   0x0000000000000000       0xd0 APP/04_EXTI_Test_1_LCD_Push_Button.o
 .debug_macro   0x0000000000000000       0x9a APP/04_EXTI_Test_1_LCD_Push_Button.o
 .debug_macro   0x0000000000000000      0x22c APP/04_EXTI_Test_1_LCD_Push_Button.o
 .group         0x0000000000000000        0xc HAL/Keypad/Keypad.o
 .group         0x0000000000000000        0xc HAL/Keypad/Keypad.o
 .group         0x0000000000000000        0xc HAL/Keypad/Keypad.o
 .group         0x0000000000000000        0xc HAL/Keypad/Keypad.o
 .group         0x0000000000000000        0xc HAL/Keypad/Keypad.o
 .group         0x0000000000000000        0xc HAL/Keypad/Keypad.o
 .text          0x0000000000000000        0x0 HAL/Keypad/Keypad.o
 .data          0x0000000000000000        0x0 HAL/Keypad/Keypad.o
 .bss           0x0000000000000000        0x0 HAL/Keypad/Keypad.o
 .data.keypad_R
                0x0000000000000000       0x10 HAL/Keypad/Keypad.o
 .data.keypad_C
                0x0000000000000000       0x10 HAL/Keypad/Keypad.o
 .text.HAL_KEYPAD_INIT
                0x0000000000000000       0xcc HAL/Keypad/Keypad.o
 .text.HAL_KEYPAD_GET_KEY
                0x0000000000000000      0x194 HAL/Keypad/Keypad.o
 .debug_info    0x0000000000000000      0x1f0 HAL/Keypad/Keypad.o
 .debug_abbrev  0x0000000000000000       0xe3 HAL/Keypad/Keypad.o
 .debug_loc     0x0000000000000000       0xa0 HAL/Keypad/Keypad.o
 .debug_aranges
                0x0000000000000000       0x28 HAL/Keypad/Keypad.o
 .debug_ranges  0x0000000000000000       0x18 HAL/Keypad/Keypad.o
 .debug_macro   0x0000000000000000       0x54 HAL/Keypad/Keypad.o
 .debug_macro   0x0000000000000000      0xa60 HAL/Keypad/Keypad.o
 .debug_macro   0x0000000000000000       0x10 HAL/Keypad/Keypad.o
 .debug_macro   0x0000000000000000       0x7c HAL/Keypad/Keypad.o
 .debug_macro   0x0000000000000000      0x1b0 HAL/Keypad/Keypad.o
 .debug_macro   0x0000000000000000       0xd0 HAL/Keypad/Keypad.o
 .debug_macro   0x0000000000000000       0x3a HAL/Keypad/Keypad.o
 .debug_line    0x0000000000000000      0x1db HAL/Keypad/Keypad.o
 .debug_str     0x0000000000000000     0x3e48 HAL/Keypad/Keypad.o
 .comment       0x0000000000000000       0x7c HAL/Keypad/Keypad.o
 .debug_frame   0x0000000000000000       0x58 HAL/Keypad/Keypad.o
 .ARM.attributes
                0x0000000000000000       0x33 HAL/Keypad/Keypad.o
 .group         0x0000000000000000        0xc HAL/LCD/LCD.o
 .group         0x0000000000000000        0xc HAL/LCD/LCD.o
 .group         0x0000000000000000        0xc HAL/LCD/LCD.o
 .group         0x0000000000000000        0xc HAL/LCD/LCD.o
 .group         0x0000000000000000        0xc HAL/LCD/LCD.o
 .group         0x0000000000000000        0xc HAL/LCD/LCD.o
 .group         0x0000000000000000        0xc HAL/LCD/LCD.o
 .text          0x0000000000000000        0x0 HAL/LCD/LCD.o
 .data          0x0000000000000000        0x0 HAL/LCD/LCD.o
 .bss           0x0000000000000000        0x0 HAL/LCD/LCD.o
 .text.HAL_LCD_ISBUSY
                0x0000000000000000       0xd8 HAL/LCD/LCD.o
 .debug_macro   0x0000000000000000      0xa60 HAL/LCD/LCD.o
 .debug_macro   0x0000000000000000       0x10 HAL/LCD/LCD.o
 .debug_macro   0x0000000000000000       0x10 HAL/LCD/LCD.o
 .debug_macro   0x0000000000000000       0x7c HAL/LCD/LCD.o
 .debug_macro   0x0000000000000000      0x1b0 HAL/LCD/LCD.o
 .debug_macro   0x0000000000000000       0xd0 HAL/LCD/LCD.o
 .debug_macro   0x0000000000000000       0x9a HAL/LCD/LCD.o
 .group         0x0000000000000000        0xc HAL/S7_Segment/S7_Segment.o
 .group         0x0000000000000000        0xc HAL/S7_Segment/S7_Segment.o
 .group         0x0000000000000000        0xc HAL/S7_Segment/S7_Segment.o
 .group         0x0000000000000000        0xc HAL/S7_Segment/S7_Segment.o
 .group         0x0000000000000000        0xc HAL/S7_Segment/S7_Segment.o
 .group         0x0000000000000000        0xc HAL/S7_Segment/S7_Segment.o
 .text          0x0000000000000000        0x0 HAL/S7_Segment/S7_Segment.o
 .data          0x0000000000000000        0x0 HAL/S7_Segment/S7_Segment.o
 .bss           0x0000000000000000        0x0 HAL/S7_Segment/S7_Segment.o
 .text.HAL_7_segment_init
                0x0000000000000000       0xd4 HAL/S7_Segment/S7_Segment.o
 .debug_info    0x0000000000000000      0x176 HAL/S7_Segment/S7_Segment.o
 .debug_abbrev  0x0000000000000000       0x97 HAL/S7_Segment/S7_Segment.o
 .debug_loc     0x0000000000000000       0x2c HAL/S7_Segment/S7_Segment.o
 .debug_aranges
                0x0000000000000000       0x20 HAL/S7_Segment/S7_Segment.o
 .debug_ranges  0x0000000000000000       0x10 HAL/S7_Segment/S7_Segment.o
 .debug_macro   0x0000000000000000       0x54 HAL/S7_Segment/S7_Segment.o
 .debug_macro   0x0000000000000000      0xa60 HAL/S7_Segment/S7_Segment.o
 .debug_macro   0x0000000000000000       0x10 HAL/S7_Segment/S7_Segment.o
 .debug_macro   0x0000000000000000       0x7c HAL/S7_Segment/S7_Segment.o
 .debug_macro   0x0000000000000000      0x1b0 HAL/S7_Segment/S7_Segment.o
 .debug_macro   0x0000000000000000       0xd0 HAL/S7_Segment/S7_Segment.o
 .debug_macro   0x0000000000000000       0x40 HAL/S7_Segment/S7_Segment.o
 .debug_line    0x0000000000000000      0x10a HAL/S7_Segment/S7_Segment.o
 .debug_str     0x0000000000000000     0x3e0a HAL/S7_Segment/S7_Segment.o
 .comment       0x0000000000000000       0x7c HAL/S7_Segment/S7_Segment.o
 .debug_frame   0x0000000000000000       0x2c HAL/S7_Segment/S7_Segment.o
 .ARM.attributes
                0x0000000000000000       0x33 HAL/S7_Segment/S7_Segment.o
 .group         0x0000000000000000        0xc MCAL/stm32f103x6_EXTI_driver.o
 .group         0x0000000000000000        0xc MCAL/stm32f103x6_EXTI_driver.o
 .group         0x0000000000000000        0xc MCAL/stm32f103x6_EXTI_driver.o
 .group         0x0000000000000000        0xc MCAL/stm32f103x6_EXTI_driver.o
 .group         0x0000000000000000        0xc MCAL/stm32f103x6_EXTI_driver.o
 .group         0x0000000000000000        0xc MCAL/stm32f103x6_EXTI_driver.o
 .text          0x0000000000000000        0x0 MCAL/stm32f103x6_EXTI_driver.o
 .data          0x0000000000000000        0x0 MCAL/stm32f103x6_EXTI_driver.o
 .bss           0x0000000000000000        0x0 MCAL/stm32f103x6_EXTI_driver.o
 .text.MCAL_EXTI_GPIO_DeInit
                0x0000000000000000       0x90 MCAL/stm32f103x6_EXTI_driver.o
 .text.MCAL_EXTI_GPIO_Update
                0x0000000000000000       0x16 MCAL/stm32f103x6_EXTI_driver.o
 .debug_macro   0x0000000000000000      0xa60 MCAL/stm32f103x6_EXTI_driver.o
 .debug_macro   0x0000000000000000       0x10 MCAL/stm32f103x6_EXTI_driver.o
 .debug_macro   0x0000000000000000       0x7c MCAL/stm32f103x6_EXTI_driver.o
 .debug_macro   0x0000000000000000      0x1b0 MCAL/stm32f103x6_EXTI_driver.o
 .debug_macro   0x0000000000000000       0xd0 MCAL/stm32f103x6_EXTI_driver.o
 .debug_macro   0x0000000000000000      0x22c MCAL/stm32f103x6_EXTI_driver.o
 .group         0x0000000000000000        0xc MCAL/stm32f103x6_GPIO_driver.o
 .group         0x0000000000000000        0xc MCAL/stm32f103x6_GPIO_driver.o
 .group         0x0000000000000000        0xc MCAL/stm32f103x6_GPIO_driver.o
 .group         0x0000000000000000        0xc MCAL/stm32f103x6_GPIO_driver.o
 .group         0x0000000000000000        0xc MCAL/stm32f103x6_GPIO_driver.o
 .text          0x0000000000000000        0x0 MCAL/stm32f103x6_GPIO_driver.o
 .data          0x0000000000000000        0x0 MCAL/stm32f103x6_GPIO_driver.o
 .bss           0x0000000000000000        0x0 MCAL/stm32f103x6_GPIO_driver.o
 .text.MCAL_GPIO_DeInit
                0x0000000000000000       0xd4 MCAL/stm32f103x6_GPIO_driver.o
 .text.MCAL_GPIO_ReadPin
                0x0000000000000000       0x2e MCAL/stm32f103x6_GPIO_driver.o
 .text.MCAL_GPIO_ReadPort
                0x0000000000000000       0x18 MCAL/stm32f103x6_GPIO_driver.o
 .text.MCAL_GPIO_TogglePin
                0x0000000000000000       0x22 MCAL/stm32f103x6_GPIO_driver.o
 .text.MCAL_GPIO_LockPin
                0x0000000000000000       0x4e MCAL/stm32f103x6_GPIO_driver.o
 .debug_macro   0x0000000000000000      0xa60 MCAL/stm32f103x6_GPIO_driver.o
 .debug_macro   0x0000000000000000       0x10 MCAL/stm32f103x6_GPIO_driver.o
 .debug_macro   0x0000000000000000       0x7c MCAL/stm32f103x6_GPIO_driver.o
 .debug_macro   0x0000000000000000      0x1b0 MCAL/stm32f103x6_GPIO_driver.o
 .debug_macro   0x0000000000000000       0xd0 MCAL/stm32f103x6_GPIO_driver.o
 .group         0x0000000000000000        0xc Src/main.o
 .text          0x0000000000000000        0x0 Src/main.o
 .data          0x0000000000000000        0x0 Src/main.o
 .bss           0x0000000000000000        0x0 Src/main.o
 .debug_macro   0x0000000000000000      0xa60 Src/main.o
 .group         0x0000000000000000        0xc Src/syscalls.o
 .group         0x0000000000000000        0xc Src/syscalls.o
 .group         0x0000000000000000        0xc Src/syscalls.o
 .group         0x0000000000000000        0xc Src/syscalls.o
 .group         0x0000000000000000        0xc Src/syscalls.o
 .group         0x0000000000000000        0xc Src/syscalls.o
 .group         0x0000000000000000        0xc Src/syscalls.o
 .group         0x0000000000000000        0xc Src/syscalls.o
 .group         0x0000000000000000        0xc Src/syscalls.o
 .group         0x0000000000000000        0xc Src/syscalls.o
 .group         0x0000000000000000        0xc Src/syscalls.o
 .group         0x0000000000000000        0xc Src/syscalls.o
 .group         0x0000000000000000        0xc Src/syscalls.o
 .group         0x0000000000000000        0xc Src/syscalls.o
 .group         0x0000000000000000        0xc Src/syscalls.o
 .group         0x0000000000000000        0xc Src/syscalls.o
 .group         0x0000000000000000        0xc Src/syscalls.o
 .group         0x0000000000000000        0xc Src/syscalls.o
 .group         0x0000000000000000        0xc Src/syscalls.o
 .group         0x0000000000000000        0xc Src/syscalls.o
 .group         0x0000000000000000        0xc Src/syscalls.o
 .group         0x0000000000000000        0xc Src/syscalls.o
 .group         0x0000000000000000        0xc Src/syscalls.o
 .group         0x0000000000000000        0xc Src/syscalls.o
 .group         0x0000000000000000        0xc Src/syscalls.o
 .group         0x0000000000000000        0xc Src/syscalls.o
 .group         0x0000000000000000        0xc Src/syscalls.o
 .group         0x0000000000000000        0xc Src/syscalls.o
 .group         0x0000000000000000        0xc Src/syscalls.o
 .group         0x0000000000000000        0xc Src/syscalls.o
 .group         0x0000000000000000        0xc Src/syscalls.o
 .group         0x0000000000000000        0xc Src/syscalls.o
 .group         0x0000000000000000        0xc Src/syscalls.o
 .group         0x0000000000000000        0xc Src/syscalls.o
 .group         0x0000000000000000        0xc Src/syscalls.o
 .group         0x0000000000000000        0xc Src/syscalls.o
 .group         0x0000000000000000        0xc Src/syscalls.o
 .group         0x0000000000000000        0xc Src/syscalls.o
 .group         0x0000000000000000        0xc Src/syscalls.o
 .group         0x0000000000000000        0xc Src/syscalls.o
 .group         0x0000000000000000        0xc Src/syscalls.o
 .group         0x0000000000000000        0xc Src/syscalls.o
 .group         0x0000000000000000        0xc Src/syscalls.o
 .group         0x0000000000000000        0xc Src/syscalls.o
 .group         0x0000000000000000        0xc Src/syscalls.o
 .group         0x0000000000000000        0xc Src/syscalls.o
 .group         0x0000000000000000        0xc Src/syscalls.o
 .text          0x0000000000000000        0x0 Src/syscalls.o
 .data          0x0000000000000000        0x0 Src/syscalls.o
 .bss           0x0000000000000000        0x0 Src/syscalls.o
 .bss.__env     0x0000000000000000        0x4 Src/syscalls.o
 .data.environ  0x0000000000000000        0x4 Src/syscalls.o
 .text.initialise_monitor_handles
                0x0000000000000000        0xc Src/syscalls.o
 .text._getpid  0x0000000000000000        0xe Src/syscalls.o
 .text._kill    0x0000000000000000       0x20 Src/syscalls.o
 .text._exit    0x0000000000000000       0x14 Src/syscalls.o
 .text._read    0x0000000000000000       0x3a Src/syscalls.o
 .text._write   0x0000000000000000       0x38 Src/syscalls.o
 .text._close   0x0000000000000000       0x16 Src/syscalls.o
 .text._fstat   0x0000000000000000       0x1e Src/syscalls.o
 .text._isatty  0x0000000000000000       0x14 Src/syscalls.o
 .text._lseek   0x0000000000000000       0x18 Src/syscalls.o
 .text._open    0x0000000000000000       0x1a Src/syscalls.o
 .text._wait    0x0000000000000000       0x1e Src/syscalls.o
 .text._unlink  0x0000000000000000       0x1e Src/syscalls.o
 .text._times   0x0000000000000000       0x16 Src/syscalls.o
 .text._stat    0x0000000000000000       0x1e Src/syscalls.o
 .text._link    0x0000000000000000       0x20 Src/syscalls.o
 .text._fork    0x0000000000000000       0x16 Src/syscalls.o
 .text._execve  0x0000000000000000       0x22 Src/syscalls.o
 .debug_info    0x0000000000000000     0x1121 Src/syscalls.o
 .debug_abbrev  0x0000000000000000      0x277 Src/syscalls.o
 .debug_loc     0x0000000000000000      0x5b8 Src/syscalls.o
 .debug_aranges
                0x0000000000000000       0xa8 Src/syscalls.o
 .debug_ranges  0x0000000000000000       0x98 Src/syscalls.o
 .debug_macro   0x0000000000000000      0x24c Src/syscalls.o
 .debug_macro   0x0000000000000000      0xaa2 Src/syscalls.o
 .debug_macro   0x0000000000000000       0x22 Src/syscalls.o
 .debug_macro   0x0000000000000000       0x4c Src/syscalls.o
 .debug_macro   0x0000000000000000       0x18 Src/syscalls.o
 .debug_macro   0x0000000000000000       0x94 Src/syscalls.o
 .debug_macro   0x0000000000000000       0x3c Src/syscalls.o
 .debug_macro   0x0000000000000000       0x34 Src/syscalls.o
 .debug_macro   0x0000000000000000       0x57 Src/syscalls.o
 .debug_macro   0x0000000000000000      0x174 Src/syscalls.o
 .debug_macro   0x0000000000000000      0x339 Src/syscalls.o
 .debug_macro   0x0000000000000000       0x16 Src/syscalls.o
 .debug_macro   0x0000000000000000       0x43 Src/syscalls.o
 .debug_macro   0x0000000000000000       0x34 Src/syscalls.o
 .debug_macro   0x0000000000000000       0x10 Src/syscalls.o
 .debug_macro   0x0000000000000000       0x58 Src/syscalls.o
 .debug_macro   0x0000000000000000       0x71 Src/syscalls.o
 .debug_macro   0x0000000000000000       0x1c Src/syscalls.o
 .debug_macro   0x0000000000000000      0x12a Src/syscalls.o
 .debug_macro   0x0000000000000000       0x10 Src/syscalls.o
 .debug_macro   0x0000000000000000       0x35 Src/syscalls.o
 .debug_macro   0x0000000000000000       0x10 Src/syscalls.o
 .debug_macro   0x0000000000000000       0x10 Src/syscalls.o
 .debug_macro   0x0000000000000000       0x10 Src/syscalls.o
 .debug_macro   0x0000000000000000       0x6a Src/syscalls.o
 .debug_macro   0x0000000000000000       0x1c Src/syscalls.o
 .debug_macro   0x0000000000000000       0x52 Src/syscalls.o
 .debug_macro   0x0000000000000000       0x22 Src/syscalls.o
 .debug_macro   0x0000000000000000       0x10 Src/syscalls.o
 .debug_macro   0x0000000000000000       0x40 Src/syscalls.o
 .debug_macro   0x0000000000000000       0xd5 Src/syscalls.o
 .debug_macro   0x0000000000000000       0x1c Src/syscalls.o
 .debug_macro   0x0000000000000000       0x3d Src/syscalls.o
 .debug_macro   0x0000000000000000       0x35 Src/syscalls.o
 .debug_macro   0x0000000000000000      0x12c Src/syscalls.o
 .debug_macro   0x0000000000000000       0x16 Src/syscalls.o
 .debug_macro   0x0000000000000000       0x16 Src/syscalls.o
 .debug_macro   0x0000000000000000       0x29 Src/syscalls.o
 .debug_macro   0x0000000000000000       0x10 Src/syscalls.o
 .debug_macro   0x0000000000000000      0x241 Src/syscalls.o
 .debug_macro   0x0000000000000000       0x1c Src/syscalls.o
 .debug_macro   0x0000000000000000       0x10 Src/syscalls.o
 .debug_macro   0x0000000000000000       0x10 Src/syscalls.o
 .debug_macro   0x0000000000000000       0x16 Src/syscalls.o
 .debug_macro   0x0000000000000000      0x145 Src/syscalls.o
 .debug_macro   0x0000000000000000      0x189 Src/syscalls.o
 .debug_macro   0x0000000000000000       0x16 Src/syscalls.o
 .debug_macro   0x0000000000000000       0xce Src/syscalls.o
 .debug_line    0x0000000000000000      0x7fd Src/syscalls.o
 .debug_str     0x0000000000000000     0x8ee4 Src/syscalls.o
 .comment       0x0000000000000000       0x54 Src/syscalls.o
 .debug_frame   0x0000000000000000      0x2ac Src/syscalls.o
 .ARM.attributes
                0x0000000000000000       0x2d Src/syscalls.o
 .group         0x0000000000000000        0xc Src/sysmem.o
 .group         0x0000000000000000        0xc Src/sysmem.o
 .group         0x0000000000000000        0xc Src/sysmem.o
 .group         0x0000000000000000        0xc Src/sysmem.o
 .group         0x0000000000000000        0xc Src/sysmem.o
 .group         0x0000000000000000        0xc Src/sysmem.o
 .group         0x0000000000000000        0xc Src/sysmem.o
 .group         0x0000000000000000        0xc Src/sysmem.o
 .group         0x0000000000000000        0xc Src/sysmem.o
 .group         0x0000000000000000        0xc Src/sysmem.o
 .group         0x0000000000000000        0xc Src/sysmem.o
 .group         0x0000000000000000        0xc Src/sysmem.o
 .group         0x0000000000000000        0xc Src/sysmem.o
 .group         0x0000000000000000        0xc Src/sysmem.o
 .group         0x0000000000000000        0xc Src/sysmem.o
 .group         0x0000000000000000        0xc Src/sysmem.o
 .group         0x0000000000000000        0xc Src/sysmem.o
 .group         0x0000000000000000        0xc Src/sysmem.o
 .group         0x0000000000000000        0xc Src/sysmem.o
 .group         0x0000000000000000        0xc Src/sysmem.o
 .group         0x0000000000000000        0xc Src/sysmem.o
 .group         0x0000000000000000        0xc Src/sysmem.o
 .text          0x0000000000000000        0x0 Src/sysmem.o
 .data          0x0000000000000000        0x0 Src/sysmem.o
 .bss           0x0000000000000000        0x0 Src/sysmem.o
 .bss.__sbrk_heap_end
                0x0000000000000000        0x4 Src/sysmem.o
 .text._sbrk    0x0000000000000000       0x6c Src/sysmem.o
 .debug_info    0x0000000000000000      0xb1d Src/sysmem.o
 .debug_abbrev  0x0000000000000000      0x1b0 Src/sysmem.o
 .debug_loc     0x0000000000000000       0x50 Src/sysmem.o
 .debug_aranges
                0x0000000000000000       0x20 Src/sysmem.o
 .debug_ranges  0x0000000000000000       0x10 Src/sysmem.o
 .debug_macro   0x0000000000000000       0xff Src/sysmem.o
 .debug_macro   0x0000000000000000      0xaa2 Src/sysmem.o
 .debug_macro   0x0000000000000000       0x10 Src/sysmem.o
 .debug_macro   0x0000000000000000       0x22 Src/sysmem.o
 .debug_macro   0x0000000000000000       0x4c Src/sysmem.o
 .debug_macro   0x0000000000000000       0x18 Src/sysmem.o
 .debug_macro   0x0000000000000000       0x94 Src/sysmem.o
 .debug_macro   0x0000000000000000       0x3c Src/sysmem.o
 .debug_macro   0x0000000000000000       0x34 Src/sysmem.o
 .debug_macro   0x0000000000000000      0x174 Src/sysmem.o
 .debug_macro   0x0000000000000000       0x16 Src/sysmem.o
 .debug_macro   0x0000000000000000       0x43 Src/sysmem.o
 .debug_macro   0x0000000000000000       0x57 Src/sysmem.o
 .debug_macro   0x0000000000000000       0x34 Src/sysmem.o
 .debug_macro   0x0000000000000000       0x10 Src/sysmem.o
 .debug_macro   0x0000000000000000       0x58 Src/sysmem.o
 .debug_macro   0x0000000000000000       0x71 Src/sysmem.o
 .debug_macro   0x0000000000000000       0x1c Src/sysmem.o
 .debug_macro   0x0000000000000000      0x12a Src/sysmem.o
 .debug_macro   0x0000000000000000      0x23b Src/sysmem.o
 .debug_macro   0x0000000000000000      0x103 Src/sysmem.o
 .debug_macro   0x0000000000000000       0x6a Src/sysmem.o
 .debug_macro   0x0000000000000000      0x1df Src/sysmem.o
 .debug_line    0x0000000000000000      0x4f3 Src/sysmem.o
 .debug_str     0x0000000000000000     0x62b7 Src/sysmem.o
 .comment       0x0000000000000000       0x54 Src/sysmem.o
 .debug_frame   0x0000000000000000       0x34 Src/sysmem.o
 .ARM.attributes
                0x0000000000000000       0x2d Src/sysmem.o
 .text          0x0000000000000000       0x14 Startup/startup_stm32f103c6tx.o
 .data          0x0000000000000000        0x0 Startup/startup_stm32f103c6tx.o
 .bss           0x0000000000000000        0x0 Startup/startup_stm32f103c6tx.o
 .text          0x0000000000000000        0x0 d:/learn_in_depth/work space/2_embedded_c/stm32cubeide/plugins/com.st.stm32cube.ide.mcu.externaltools.gnu-tools-for-stm32.7-2018-q2-update.win32_1.4.0.202007081208/tools/bin/../lib/gcc/arm-none-eabi/7.3.1/../../../../arm-none-eabi/lib/thumb/v7-m\libc_nano.a(lib_a-errno.o)
 .data          0x0000000000000000        0x0 d:/learn_in_depth/work space/2_embedded_c/stm32cubeide/plugins/com.st.stm32cube.ide.mcu.externaltools.gnu-tools-for-stm32.7-2018-q2-update.win32_1.4.0.202007081208/tools/bin/../lib/gcc/arm-none-eabi/7.3.1/../../../../arm-none-eabi/lib/thumb/v7-m\libc_nano.a(lib_a-errno.o)
 .bss           0x0000000000000000        0x0 d:/learn_in_depth/work space/2_embedded_c/stm32cubeide/plugins/com.st.stm32cube.ide.mcu.externaltools.gnu-tools-for-stm32.7-2018-q2-update.win32_1.4.0.202007081208/tools/bin/../lib/gcc/arm-none-eabi/7.3.1/../../../../arm-none-eabi/lib/thumb/v7-m\libc_nano.a(lib_a-errno.o)
 .text.__errno  0x0000000000000000        0xc d:/learn_in_depth/work space/2_embedded_c/stm32cubeide/plugins/com.st.stm32cube.ide.mcu.externaltools.gnu-tools-for-stm32.7-2018-q2-update.win32_1.4.0.202007081208/tools/bin/../lib/gcc/arm-none-eabi/7.3.1/../../../../arm-none-eabi/lib/thumb/v7-m\libc_nano.a(lib_a-errno.o)
 .debug_frame   0x0000000000000000       0x20 d:/learn_in_depth/work space/2_embedded_c/stm32cubeide/plugins/com.st.stm32cube.ide.mcu.externaltools.gnu-tools-for-stm32.7-2018-q2-update.win32_1.4.0.202007081208/tools/bin/../lib/gcc/arm-none-eabi/7.3.1/../../../../arm-none-eabi/lib/thumb/v7-m\libc_nano.a(lib_a-errno.o)
 .ARM.attributes
                0x0000000000000000       0x2d d:/learn_in_depth/work space/2_embedded_c/stm32cubeide/plugins/com.st.stm32cube.ide.mcu.externaltools.gnu-tools-for-stm32.7-2018-q2-update.win32_1.4.0.202007081208/tools/bin/../lib/gcc/arm-none-eabi/7.3.1/../../../../arm-none-eabi/lib/thumb/v7-m\libc_nano.a(lib_a-errno.o)
 .text          0x0000000000000000        0x0 d:/learn_in_depth/work space/2_embedded_c/stm32cubeide/plugins/com.st.stm32cube.ide.mcu.externaltools.gnu-tools-for-stm32.7-2018-q2-update.win32_1.4.0.202007081208/tools/bin/../lib/gcc/arm-none-eabi/7.3.1/../../../../arm-none-eabi/lib/thumb/v7-m\libc_nano.a(lib_a-exit.o)
 .data          0x0000000000000000        0x0 d:/learn_in_depth/work space/2_embedded_c/stm32cubeide/plugins/com.st.stm32cube.ide.mcu.externaltools.gnu-tools-for-stm32.7-2018-q2-update.win32_1.4.0.202007081208/tools/bin/../lib/gcc/arm-none-eabi/7.3.1/../../../../arm-none-eabi/lib/thumb/v7-m\libc_nano.a(lib_a-exit.o)
 .bss           0x0000000000000000        0x0 d:/learn_in_depth/work space/2_embedded_c/stm32cubeide/plugins/com.st.stm32cube.ide.mcu.externaltools.gnu-tools-for-stm32.7-2018-q2-update.win32_1.4.0.202007081208/tools/bin/../lib/gcc/arm-none-eabi/7.3.1/../../../../arm-none-eabi/lib/thumb/v7-m\libc_nano.a(lib_a-exit.o)
 .text.exit     0x0000000000000000       0x28 d:/learn_in_depth/work space/2_embedded_c/stm32cubeide/plugins/com.st.stm32cube.ide.mcu.externaltools.gnu-tools-for-stm32.7-2018-q2-update.win32_1.4.0.202007081208/tools/bin/../lib/gcc/arm-none-eabi/7.3.1/../../../../arm-none-eabi/lib/thumb/v7-m\libc_nano.a(lib_a-exit.o)
 .debug_frame   0x0000000000000000       0x28 d:/learn_in_depth/work space/2_embedded_c/stm32cubeide/plugins/com.st.stm32cube.ide.mcu.externaltools.gnu-tools-for-stm32.7-2018-q2-update.win32_1.4.0.202007081208/tools/bin/../lib/gcc/arm-none-eabi/7.3.1/../../../../arm-none-eabi/lib/thumb/v7-m\libc_nano.a(lib_a-exit.o)
 .ARM.attributes
                0x0000000000000000       0x2d d:/learn_in_depth/work space/2_embedded_c/stm32cubeide/plugins/com.st.stm32cube.ide.mcu.externaltools.gnu-tools-for-stm32.7-2018-q2-update.win32_1.4.0.202007081208/tools/bin/../lib/gcc/arm-none-eabi/7.3.1/../../../../arm-none-eabi/lib/thumb/v7-m\libc_nano.a(lib_a-exit.o)
 .text          0x0000000000000000        0x0 d:/learn_in_depth/work space/2_embedded_c/stm32cubeide/plugins/com.st.stm32cube.ide.mcu.externaltools.gnu-tools-for-stm32.7-2018-q2-update.win32_1.4.0.202007081208/tools/bin/../lib/gcc/arm-none-eabi/7.3.1/../../../../arm-none-eabi/lib/thumb/v7-m\libc_nano.a(lib_a-impure.o)
 .data          0x0000000000000000        0x0 d:/learn_in_depth/work space/2_embedded_c/stm32cubeide/plugins/com.st.stm32cube.ide.mcu.externaltools.gnu-tools-for-stm32.7-2018-q2-update.win32_1.4.0.202007081208/tools/bin/../lib/gcc/arm-none-eabi/7.3.1/../../../../arm-none-eabi/lib/thumb/v7-m\libc_nano.a(lib_a-impure.o)
 .bss           0x0000000000000000        0x0 d:/learn_in_depth/work space/2_embedded_c/stm32cubeide/plugins/com.st.stm32cube.ide.mcu.externaltools.gnu-tools-for-stm32.7-2018-q2-update.win32_1.4.0.202007081208/tools/bin/../lib/gcc/arm-none-eabi/7.3.1/../../../../arm-none-eabi/lib/thumb/v7-m\libc_nano.a(lib_a-impure.o)
 .data._impure_ptr
                0x0000000000000000        0x4 d:/learn_in_depth/work space/2_embedded_c/stm32cubeide/plugins/com.st.stm32cube.ide.mcu.externaltools.gnu-tools-for-stm32.7-2018-q2-update.win32_1.4.0.202007081208/tools/bin/../lib/gcc/arm-none-eabi/7.3.1/../../../../arm-none-eabi/lib/thumb/v7-m\libc_nano.a(lib_a-impure.o)
 .data.impure_data
                0x0000000000000000       0x60 d:/learn_in_depth/work space/2_embedded_c/stm32cubeide/plugins/com.st.stm32cube.ide.mcu.externaltools.gnu-tools-for-stm32.7-2018-q2-update.win32_1.4.0.202007081208/tools/bin/../lib/gcc/arm-none-eabi/7.3.1/../../../../arm-none-eabi/lib/thumb/v7-m\libc_nano.a(lib_a-impure.o)
 .rodata._global_impure_ptr
                0x0000000000000000        0x4 d:/learn_in_depth/work space/2_embedded_c/stm32cubeide/plugins/com.st.stm32cube.ide.mcu.externaltools.gnu-tools-for-stm32.7-2018-q2-update.win32_1.4.0.202007081208/tools/bin/../lib/gcc/arm-none-eabi/7.3.1/../../../../arm-none-eabi/lib/thumb/v7-m\libc_nano.a(lib_a-impure.o)
 .ARM.attributes
                0x0000000000000000       0x2d d:/learn_in_depth/work space/2_embedded_c/stm32cubeide/plugins/com.st.stm32cube.ide.mcu.externaltools.gnu-tools-for-stm32.7-2018-q2-update.win32_1.4.0.202007081208/tools/bin/../lib/gcc/arm-none-eabi/7.3.1/../../../../arm-none-eabi/lib/thumb/v7-m\libc_nano.a(lib_a-impure.o)
 .text          0x0000000000000000        0x0 d:/learn_in_depth/work space/2_embedded_c/stm32cubeide/plugins/com.st.stm32cube.ide.mcu.externaltools.gnu-tools-for-stm32.7-2018-q2-update.win32_1.4.0.202007081208/tools/bin/../lib/gcc/arm-none-eabi/7.3.1/../../../../arm-none-eabi/lib/thumb/v7-m\libc_nano.a(lib_a-init.o)
 .data          0x0000000000000000        0x0 d:/learn_in_depth/work space/2_embedded_c/stm32cubeide/plugins/com.st.stm32cube.ide.mcu.externaltools.gnu-tools-for-stm32.7-2018-q2-update.win32_1.4.0.202007081208/tools/bin/../lib/gcc/arm-none-eabi/7.3.1/../../../../arm-none-eabi/lib/thumb/v7-m\libc_nano.a(lib_a-init.o)
 .bss           0x0000000000000000        0x0 d:/learn_in_depth/work space/2_embedded_c/stm32cubeide/plugins/com.st.stm32cube.ide.mcu.externaltools.gnu-tools-for-stm32.7-2018-q2-update.win32_1.4.0.202007081208/tools/bin/../lib/gcc/arm-none-eabi/7.3.1/../../../../arm-none-eabi/lib/thumb/v7-m\libc_nano.a(lib_a-init.o)
 .text          0x0000000000000000        0x0 d:/learn_in_depth/work space/2_embedded_c/stm32cubeide/plugins/com.st.stm32cube.ide.mcu.externaltools.gnu-tools-for-stm32.7-2018-q2-update.win32_1.4.0.202007081208/tools/bin/../lib/gcc/arm-none-eabi/7.3.1/../../../../arm-none-eabi/lib/thumb/v7-m\libc_nano.a(lib_a-memset.o)
 .data          0x0000000000000000        0x0 d:/learn_in_depth/work space/2_embedded_c/stm32cubeide/plugins/com.st.stm32cube.ide.mcu.externaltools.gnu-tools-for-stm32.7-2018-q2-update.win32_1.4.0.202007081208/tools/bin/../lib/gcc/arm-none-eabi/7.3.1/../../../../arm-none-eabi/lib/thumb/v7-m\libc_nano.a(lib_a-memset.o)
 .bss           0x0000000000000000        0x0 d:/learn_in_depth/work space/2_embedded_c/stm32cubeide/plugins/com.st.stm32cube.ide.mcu.externaltools.gnu-tools-for-stm32.7-2018-q2-update.win32_1.4.0.202007081208/tools/bin/../lib/gcc/arm-none-eabi/7.3.1/../../../../arm-none-eabi/lib/thumb/v7-m\libc_nano.a(lib_a-memset.o)
 .text.memset   0x0000000000000000       0x10 d:/learn_in_depth/work space/2_embedded_c/stm32cubeide/plugins/com.st.stm32cube.ide.mcu.externaltools.gnu-tools-for-stm32.7-2018-q2-update.win32_1.4.0.202007081208/tools/bin/../lib/gcc/arm-none-eabi/7.3.1/../../../../arm-none-eabi/lib/thumb/v7-m\libc_nano.a(lib_a-memset.o)
 .debug_frame   0x0000000000000000       0x20 d:/learn_in_depth/work space/2_embedded_c/stm32cubeide/plugins/com.st.stm32cube.ide.mcu.externaltools.gnu-tools-for-stm32.7-2018-q2-update.win32_1.4.0.202007081208/tools/bin/../lib/gcc/arm-none-eabi/7.3.1/../../../../arm-none-eabi/lib/thumb/v7-m\libc_nano.a(lib_a-memset.o)
 .ARM.attributes
                0x0000000000000000       0x2d d:/learn_in_depth/work space/2_embedded_c/stm32cubeide/plugins/com.st.stm32cube.ide.mcu.externaltools.gnu-tools-for-stm32.7-2018-q2-update.win32_1.4.0.202007081208/tools/bin/../lib/gcc/arm-none-eabi/7.3.1/../../../../arm-none-eabi/lib/thumb/v7-m\libc_nano.a(lib_a-memset.o)
 .text          0x0000000000000000        0x0 d:/learn_in_depth/work space/2_embedded_c/stm32cubeide/plugins/com.st.stm32cube.ide.mcu.externaltools.gnu-tools-for-stm32.7-2018-q2-update.win32_1.4.0.202007081208/tools/bin/../lib/gcc/arm-none-eabi/7.3.1/thumb/v7-m/crtend.o
 .data          0x0000000000000000        0x0 d:/learn_in_depth/work space/2_embedded_c/stm32cubeide/plugins/com.st.stm32cube.ide.mcu.externaltools.gnu-tools-for-stm32.7-2018-q2-update.win32_1.4.0.202007081208/tools/bin/../lib/gcc/arm-none-eabi/7.3.1/thumb/v7-m/crtend.o
 .bss           0x0000000000000000        0x0 d:/learn_in_depth/work space/2_embedded_c/stm32cubeide/plugins/com.st.stm32cube.ide.mcu.externaltools.gnu-tools-for-stm32.7-2018-q2-update.win32_1.4.0.202007081208/tools/bin/../lib/gcc/arm-none-eabi/7.3.1/thumb/v7-m/crtend.o
 .eh_frame      0x0000000000000000        0x4 d:/learn_in_depth/work space/2_embedded_c/stm32cubeide/plugins/com.st.stm32cube.ide.mcu.externaltools.gnu-tools-for-stm32.7-2018-q2-update.win32_1.4.0.202007081208/tools/bin/../lib/gcc/arm-none-eabi/7.3.1/thumb/v7-m/crtend.o
 .ARM.attributes
                0x0000000000000000       0x2d d:/learn_in_depth/work space/2_embedded_c/stm32cubeide/plugins/com.st.stm32cube.ide.mcu.externaltools.gnu-tools-for-stm32.7-2018-q2-update.win32_1.4.0.202007081208/tools/bin/../lib/gcc/arm-none-eabi/7.3.1/thumb/v7-m/crtend.o
 .text          0x0000000000000000        0x0 d:/learn_in_depth/work space/2_embedded_c/stm32cubeide/plugins/com.st.stm32cube.ide.mcu.externaltools.gnu-tools-for-stm32.7-2018-q2-update.win32_1.4.0.202007081208/tools/bin/../lib/gcc/arm-none-eabi/7.3.1/thumb/v7-m/crtn.o
 .data          0x0000000000000000        0x0 d:/learn_in_depth/work space/2_embedded_c/stm32cubeide/plugins/com.st.stm32cube.ide.mcu.externaltools.gnu-tools-for-stm32.7-2018-q2-update.win32_1.4.0.202007081208/tools/bin/../lib/gcc/arm-none-eabi/7.3.1/thumb/v7-m/crtn.o
 .bss           0x0000000000000000        0x0 d:/learn_in_depth/work space/2_embedded_c/stm32cubeide/plugins/com.st.stm32cube.ide.mcu.externaltools.gnu-tools-for-stm32.7-2018-q2-update.win32_1.4.0.202007081208/tools/bin/../lib/gcc/arm-none-eabi/7.3.1/thumb/v7-m/crtn.o

Memory Configuration

Name             Origin             Length             Attributes
RAM              0x0000000020000000 0x0000000000002800 xrw
FLASH            0x0000000008000000 0x0000000000008000 xr
*default*        0x0000000000000000 0xffffffffffffffff

Linker script and memory map

LOAD d:/learn_in_depth/work space/2_embedded_c/stm32cubeide/plugins/com.st.stm32cube.ide.mcu.externaltools.gnu-tools-for-stm32.7-2018-q2-update.win32_1.4.0.202007081208/tools/bin/../lib/gcc/arm-none-eabi/7.3.1/thumb/v7-m/crti.o
LOAD d:/learn_in_depth/work space/2_embedded_c/stm32cubeide/plugins/com.st.stm32cube.ide.mcu.externaltools.gnu-tools-for-stm32.7-2018-q2-update.win32_1.4.0.202007081208/tools/bin/../lib/gcc/arm-none-eabi/7.3.1/thumb/v7-m/crtbegin.o
LOAD d:/learn_in_depth/work space/2_embedded_c/stm32cubeide/plugins/com.st.stm32cube.ide.mcu.externaltools.gnu-tools-for-stm32.7-2018-q2-update.win32_1.4.0.202007081208/tools/bin/../lib/gcc/arm-none-eabi/7.3.1/../../../../arm-none-eabi/lib/thumb/v7-m/crt0.o
LOAD APP/01_GPIO_Test_1_LCD_Keypad.o
LOAD APP/02_GPIO_Test_2_LEDs_Using_Push_Button.o
LOAD APP/03_GPIO_Test_3_Keypad_LCD_7_Segment.o
LOAD APP/04_EXTI_Test_1_LCD_Push_Button.o
LOAD HAL/Keypad/Keypad.o
LOAD HAL/LCD/LCD.o
LOAD HAL/S7_Segment/S7_Segment.o
LOAD MCAL/stm32f103x6_EXTI_driver.o
LOAD MCAL/stm32f103x6_GPIO_driver.o
LOAD Src/main.o
LOAD Src/syscalls.o
LOAD Src/sysmem.o
LOAD Startup/startup_stm32f103c6tx.o
START GROUP
LOAD d:/learn_in_depth/work space/2_embedded_c/stm32cubeide/plugins/com.st.stm32cube.ide.mcu.externaltools.gnu-tools-for-stm32.7-2018-q2-update.win32_1.4.0.202007081208/tools/bin/../lib/gcc/arm-none-eabi/7.3.1/../../../../arm-none-eabi/lib/thumb/v7-m\libc_nano.a
LOAD d:/learn_in_depth/work space/2_embedded_c/stm32cubeide/plugins/com.st.stm32cube.ide.mcu.externaltools.gnu-tools-for-stm32.7-2018-q2-update.win32_1.4.0.202007081208/tools/bin/../lib/gcc/arm-none-eabi/7.3.1/../../../../arm-none-eabi/lib/thumb/v7-m\libm.a
END GROUP
START GROUP
LOAD d:/learn_in_depth/work space/2_embedded_c/stm32cubeide/plugins/com.st.stm32cube.ide.mcu.externaltools.gnu-tools-for-stm32.7-2018-q2-update.win32_1.4.0.202007081208/tools/bin/../lib/gcc/arm-none-eabi/7.3.1/thumb/v7-m\libgcc.a
LOAD d:/learn_in_depth/work space/2_embedded_c/stm32cubeide/plugins/com.st.stm32cube.ide.mcu.externaltools.gnu-tools-for-stm32.7-2018-q2-update.win32_1.4.0.202007081208/tools/bin/../lib/gcc/arm-none-eabi/7.3.1/../../../../arm-none-eabi/lib/thumb/v7-m\libg_nano.a
LOAD d:/learn_in_depth/work space/2_embedded_c/stm32cubeide/plugins/com.st.stm32cube.ide.mcu.externaltools.gnu-tools-for-stm32.7-2018-q2-update.win32_1.4.0.202007081208/tools/bin/../lib/gcc/arm-none-eabi/7.3.1/../../../../arm-none-eabi/lib/thumb/v7-m\libc_nano.a
END GROUP
START GROUP
LOAD d:/learn_in_depth/work space/2_embedded_c/stm32cubeide/plugins/com.st.stm32cube.ide.mcu.externaltools.gnu-tools-for-stm32.7-2018-q2-update.win32_1.4.0.202007081208/tools/bin/../lib/gcc/arm-none-eabi/7.3.1/thumb/v7-m\libgcc.a
LOAD d:/learn_in_depth/work space/2_embedded_c/stm32cubeide/plugins/com.st.stm32cube.ide.mcu.externaltools.gnu-tools-for-stm32.7-2018-q2-update.win32_1.4.0.202007081208/tools/bin/../lib/gcc/arm-none-eabi/7.3.1/../../../../arm-none-eabi/lib/thumb/v7-m\libc_nano.a
LOAD d:/learn_in_depth/work space/2_embedded_c/stm32cubeide/plugins/com.st.stm32cube.ide.mcu.externaltools.gnu-tools-for-stm32.7-2018-q2-update.win32_1.4.0.202007081208/tools/bin/../lib/gcc/arm-none-eabi/7.3.1/../../../../arm-none-eabi/lib/thumb/v7-m\libnosys.a
END GROUP
START GROUP
LOAD d:/learn_in_depth/work space/2_embedded_c/stm32cubeide/plugins/com.st.stm32cube.ide.mcu.externaltools.gnu-tools-for-stm32.7-2018-q2-update.win32_1.4.0.202007081208/tools/bin/../lib/gcc/arm-none-eabi/7.3.1/thumb/v7-m\libgcc.a
LOAD d:/learn_in_depth/work space/2_embedded_c/stm32cubeide/plugins/com.st.stm32cube.ide.mcu.externaltools.gnu-tools-for-stm32.7-2018-q2-update.win32_1.4.0.202007081208/tools/bin/../lib/gcc/arm-none-eabi/7.3.1/../../../../arm-none-eabi/lib/thumb/v7-m\libc_nano.a
LOAD d:/learn_in_depth/work space/2_embedded_c/stm32cubeide/plugins/com.st.stm32cube.ide.mcu.externaltools.gnu-tools-for-stm32.7-2018-q2-update.win32_1.4.0.202007081208/tools/bin/../lib/gcc/arm-none-eabi/7.3.1/../../../../arm-none-eabi/lib/thumb/v7-m\libnosys.a
END GROUP
LOAD d:/learn_in_depth/work space/2_embedded_c/stm32cubeide/plugins/com.st.stm32cube.ide.mcu.externaltools.gnu-tools-for-stm32.7-2018-q2-update.win32_1.4.0.202007081208/tools/bin/../lib/gcc/arm-none-eabi/7.3.1/thumb/v7-m/crtend.o
LOAD d:/learn_in_depth/work space/2_embedded_c/stm32cubeide/plugins/com.st.stm32cube.ide.mcu.externaltools.gnu-tools-for-stm32.7-2018-q2-update.win32_1.4.0.202007081208/tools/bin/../lib/gcc/arm-none-eabi/7.3.1/thumb/v7-m/crtn.o
                0x0000000020002800                _estack = (ORIGIN (RAM) + LENGTH (RAM))
                0x0000000000000200                _Min_Heap_Size = 0x200
                0x0000000000000400                _Min_Stack_Size = 0x400

.isr_vector     0x0000000008000000      0x130
                0x0000000008000000                . = ALIGN (0x4)
 *(.isr_vector)
 .isr_vector    0x0000000008000000      0x130 Startup/startup_stm32f103c6tx.o
                0x0000000008000000                g_pfnVectors
                0x0000000008000130                . = ALIGN (0x4)

.text           0x0000000008000130      0xce8
                0x0000000008000130                . = ALIGN (0x4)
 *(.text)
 .text          0x0000000008000130       0x40 d:/learn_in_depth/work space/2_embedded_c/stm32cubeide/plugins/com.st.stm32cube.ide.mcu.externaltools.gnu-tools-for-stm32.7-2018-q2-update.win32_1.4.0.202007081208/tools/bin/../lib/gcc/arm-none-eabi/7.3.1/thumb/v7-m/crtbegin.o
 *(.text*)
 .text.EXTI_Test_1_LCD_Push_Button
                0x0000000008000170       0x70 APP/04_EXTI_Test_1_LCD_Push_Button.o
                0x0000000008000170                EXTI_Test_1_LCD_Push_Button
 .text.clock_init
                0x00000000080001e0       0x34 APP/04_EXTI_Test_1_LCD_Push_Button.o
 .text.delay_ms
                0x0000000008000214       0x38 APP/04_EXTI_Test_1_LCD_Push_Button.o
 .text.EXTI9_CallBack
                0x000000000800024c       0x24 APP/04_EXTI_Test_1_LCD_Push_Button.o
 .text.delay_ms
                0x0000000008000270       0x38 HAL/LCD/LCD.o
 .text.LCD_GPIO_INIT
                0x00000000080002a8      0x158 HAL/LCD/LCD.o
 .text.HAL_LCD_CLEAR_SCREEN
                0x0000000008000400        0xe HAL/LCD/LCD.o
                0x0000000008000400                HAL_LCD_CLEAR_SCREEN
 *fill*         0x000000000800040e        0x2 
 .text.HAL_LCD_KICK
                0x0000000008000410       0x2c HAL/LCD/LCD.o
 .text.HAL_LCD_GOTO_XY
                0x000000000800043c       0x48 HAL/LCD/LCD.o
                0x000000000800043c                HAL_LCD_GOTO_XY
 .text.HAL_LCD_INIT
                0x0000000008000484       0x34 HAL/LCD/LCD.o
                0x0000000008000484                HAL_LCD_INIT
 .text.HAL_LCD_WRITE_COMMAND
                0x00000000080004b8       0x44 HAL/LCD/LCD.o
                0x00000000080004b8                HAL_LCD_WRITE_COMMAND
 .text.HAL_LCD_WRITE_CHAR
                0x00000000080004fc       0x44 HAL/LCD/LCD.o
                0x00000000080004fc                HAL_LCD_WRITE_CHAR
 .text.HAL_LCD_WRITE_STRING
                0x0000000008000540       0x58 HAL/LCD/LCD.o
                0x0000000008000540                HAL_LCD_WRITE_STRING
 .text.MCAL_EXTI_GPIO_Init
                0x0000000008000598       0x16 MCAL/stm32f103x6_EXTI_driver.o
                0x0000000008000598                MCAL_EXTI_GPIO_Init
 *fill*         0x00000000080005ae        0x2 
 .text.Update_EXTI
                0x00000000080005b0      0x1e0 MCAL/stm32f103x6_EXTI_driver.o
 .text.EXTI0_IRQHandler
                0x0000000008000790       0x24 MCAL/stm32f103x6_EXTI_driver.o
                0x0000000008000790                EXTI0_IRQHandler
 .text.EXTI1_IRQHandler
                0x00000000080007b4       0x24 MCAL/stm32f103x6_EXTI_driver.o
                0x00000000080007b4                EXTI1_IRQHandler
 .text.EXTI2_IRQHandler
                0x00000000080007d8       0x24 MCAL/stm32f103x6_EXTI_driver.o
                0x00000000080007d8                EXTI2_IRQHandler
 .text.EXTI3_IRQHandler
                0x00000000080007fc       0x24 MCAL/stm32f103x6_EXTI_driver.o
                0x00000000080007fc                EXTI3_IRQHandler
 .text.EXTI4_IRQHandler
                0x0000000008000820       0x24 MCAL/stm32f103x6_EXTI_driver.o
                0x0000000008000820                EXTI4_IRQHandler
 .text.EXTI9_5_IRQHandler
                0x0000000008000844       0xa8 MCAL/stm32f103x6_EXTI_driver.o
                0x0000000008000844                EXTI9_5_IRQHandler
 .text.EXTI15_10_IRQHandler
                0x00000000080008ec       0xc4 MCAL/stm32f103x6_EXTI_driver.o
                0x00000000080008ec                EXTI15_10_IRQHandler
 .text.Enable_NVIC
                0x00000000080009b0       0xcc MCAL/stm32f103x6_EXTI_driver.o
 .text.Disable_NVIC
                0x0000000008000a7c       0xcc MCAL/stm32f103x6_EXTI_driver.o
 .text.Get_CRLH_Position
                0x0000000008000b48       0xc6 MCAL/stm32f103x6_GPIO_driver.o
 .text.MCAL_GPIO_Init
                0x0000000008000c0e       0xfe MCAL/stm32f103x6_GPIO_driver.o
                0x0000000008000c0e                MCAL_GPIO_Init
 .text.MCAL_GPIO_WritePin
                0x0000000008000d0c       0x2e MCAL/stm32f103x6_GPIO_driver.o
                0x0000000008000d0c                MCAL_GPIO_WritePin
 .text.MCAL_GPIO_WritePort
                0x0000000008000d3a       0x1c MCAL/stm32f103x6_GPIO_driver.o
                0x0000000008000d3a                MCAL_GPIO_WritePort
 .text.main     0x0000000008000d56        0xe Src/main.o
                0x0000000008000d56                main
 .text.Reset_Handler
                0x0000000008000d64       0x50 Startup/startup_stm32f103c6tx.o
                0x0000000008000d64                Reset_Handler
 .text.Default_Handler
                0x0000000008000db4        0x2 Startup/startup_stm32f103c6tx.o
                0x0000000008000db4                TIM8_TRG_COM_IRQHandler
                0x0000000008000db4                TIM8_CC_IRQHandler
                0x0000000008000db4                DebugMon_Handler
                0x0000000008000db4                TIM1_CC_IRQHandler
                0x0000000008000db4                HardFault_Handler
                0x0000000008000db4                TIM6_IRQHandler
                0x0000000008000db4                SysTick_Handler
                0x0000000008000db4                PVD_IRQHandler
                0x0000000008000db4                SDIO_IRQHandler
                0x0000000008000db4                PendSV_Handler
                0x0000000008000db4                NMI_Handler
                0x0000000008000db4                USB_HP_CAN_TX_IRQHandler
                0x0000000008000db4                I2C2_EV_IRQHandler
                0x0000000008000db4                UsageFault_Handler
                0x0000000008000db4                ADC1_2_IRQHandler
                0x0000000008000db4                SPI1_IRQHandler
                0x0000000008000db4                CAN_SCE_IRQHandler
                0x0000000008000db4                TAMPER_IRQHandler
                0x0000000008000db4                TIM8_UP_IRQHandler
                0x0000000008000db4                DMA2_Channel2_IRQHandler
                0x0000000008000db4                DMA1_Channel4_IRQHandler
                0x0000000008000db4                USART3_IRQHandler
                0x0000000008000db4                RTC_IRQHandler
                0x0000000008000db4                DMA1_Channel7_IRQHandler
                0x0000000008000db4                UART5_IRQHandler
                0x0000000008000db4                ADC3_IRQHandler
                0x0000000008000db4                TIM4_IRQHandler
                0x0000000008000db4                CAN_RX1_IRQHandler
                0x0000000008000db4                DMA2_Channel1_IRQHandler
                0x0000000008000db4                I2C1_EV_IRQHandler
                0x0000000008000db4                DMA1_Channel6_IRQHandler
                0x0000000008000db4                UART4_IRQHandler
                0x0000000008000db4                TIM3_IRQHandler
                0x0000000008000db4                RCC_IRQHandler
                0x0000000008000db4                TIM1_TRG_COM_IRQHandler
                0x0000000008000db4                DMA1_Channel1_IRQHandler
                0x0000000008000db4                Default_Handler
                0x0000000008000db4                TIM7_IRQHandler
                0x0000000008000db4                TIM5_IRQHandler
                0x0000000008000db4                SPI2_IRQHandler
                0x0000000008000db4                USB_LP_CAN_RX0_IRQHandler
                0x0000000008000db4                MemManage_Handler
                0x0000000008000db4                SVC_Handler
                0x0000000008000db4                DMA1_Channel5_IRQHandler
                0x0000000008000db4                DMA1_Channel3_IRQHandler
                0x0000000008000db4                FSMC_IRQHandler
                0x0000000008000db4                TIM1_UP_IRQHandler
                0x0000000008000db4                WWDG_IRQHandler
                0x0000000008000db4                TIM2_IRQHandler
                0x0000000008000db4                TIM1_BRK_IRQHandler
                0x0000000008000db4                RTCAlarm_IRQHandler
                0x0000000008000db4                DMA2_Channel4_5_IRQHandler
                0x0000000008000db4                USART2_IRQHandler
                0x0000000008000db4                I2C2_ER_IRQHandler
                0x0000000008000db4                DMA1_Channel2_IRQHandler
                0x0000000008000db4                TIM8_BRK_IRQHandler
                0x0000000008000db4                FLASH_IRQHandler
                0x0000000008000db4                BusFault_Handler
                0x0000000008000db4                USART1_IRQHandler
                0x0000000008000db4                SPI3_IRQHandler
                0x0000000008000db4                I2C1_ER_IRQHandler
                0x0000000008000db4                DMA2_Channel3_IRQHandler
 *fill*         0x0000000008000db6        0x2 
 .text.__libc_init_array
                0x0000000008000db8       0x48 d:/learn_in_depth/work space/2_embedded_c/stm32cubeide/plugins/com.st.stm32cube.ide.mcu.externaltools.gnu-tools-for-stm32.7-2018-q2-update.win32_1.4.0.202007081208/tools/bin/../lib/gcc/arm-none-eabi/7.3.1/../../../../arm-none-eabi/lib/thumb/v7-m\libc_nano.a(lib_a-init.o)
                0x0000000008000db8                __libc_init_array
 *(.glue_7)
 .glue_7        0x0000000008000e00        0x0 linker stubs
 *(.glue_7t)
 .glue_7t       0x0000000008000e00        0x0 linker stubs
 *(.eh_frame)
 .eh_frame      0x0000000008000e00        0x0 d:/learn_in_depth/work space/2_embedded_c/stm32cubeide/plugins/com.st.stm32cube.ide.mcu.externaltools.gnu-tools-for-stm32.7-2018-q2-update.win32_1.4.0.202007081208/tools/bin/../lib/gcc/arm-none-eabi/7.3.1/thumb/v7-m/crtbegin.o
 *(.init)
 .init          0x0000000008000e00        0x4 d:/learn_in_depth/work space/2_embedded_c/stm32cubeide/plugins/com.st.stm32cube.ide.mcu.externaltools.gnu-tools-for-stm32.7-2018-q2-update.win32_1.4.0.202007081208/tools/bin/../lib/gcc/arm-none-eabi/7.3.1/thumb/v7-m/crti.o
                0x0000000008000e00                _init
 .init          0x0000000008000e04        0x8 d:/learn_in_depth/work space/2_embedded_c/stm32cubeide/plugins/com.st.stm32cube.ide.mcu.externaltools.gnu-tools-for-stm32.7-2018-q2-update.win32_1.4.0.202007081208/tools/bin/../lib/gcc/arm-none-eabi/7.3.1/thumb/v7-m/crtn.o
 *(.fini)
 .fini          0x0000000008000e0c        0x4 d:/learn_in_depth/work space/2_embedded_c/stm32cubeide/plugins/com.st.stm32cube.ide.mcu.externaltools.gnu-tools-for-stm32.7-2018-q2-update.win32_1.4.0.202007081208/tools/bin/../lib/gcc/arm-none-eabi/7.3.1/thumb/v7-m/crti.o
                0x0000000008000e0c                _fini
 .fini          0x0000000008000e10        0x8 d:/learn_in_depth/work space/2_embedded_c/stm32cubeide/plugins/com.st.stm32cube.ide.mcu.externaltools.gnu-tools-for-stm32.7-2018-q2-update.win32_1.4.0.202007081208/tools/bin/../lib/gcc/arm-none-eabi/7.3.1/thumb/v7-m/crtn.o
                0x0000000008000e18                . = ALIGN (0x4)
                0x0000000008000e18                _etext = .

.vfp11_veneer   0x0000000008000e18        0x0
 .vfp11_veneer  0x0000000008000e18        0x0 linker stubs

.v4_bx          0x0000000008000e18        0x0
 .v4_bx         0x0000000008000e18        0x0 linker stubs

.iplt           0x0000000008000e18        0x0
 .iplt          0x0000000008000e18        0x0 d:/learn_in_depth/work space/2_embedded_c/stm32cubeide/plugins/com.st.stm32cube.ide.mcu.externaltools.gnu-tools-for-stm32.7-2018-q2-update.win32_1.4.0.202007081208/tools/bin/../lib/gcc/arm-none-eabi/7.3.1/thumb/v7-m/crtbegin.o

.rodata         0x0000000008000e18       0x4c
                0x0000000008000e18                . = ALIGN (0x4)
 *(.rodata)
 .rodata        0x0000000008000e18       0x4a APP/04_EXTI_Test_1_LCD_Push_Button.o
 *(.rodata*)
                0x0000000008000e64                . = ALIGN (0x4)
 *fill*         0x0000000008000e62        0x2 

.rel.dyn        0x0000000008000e64        0x0
 .rel.iplt      0x0000000008000e64        0x0 d:/learn_in_depth/work space/2_embedded_c/stm32cubeide/plugins/com.st.stm32cube.ide.mcu.externaltools.gnu-tools-for-stm32.7-2018-q2-update.win32_1.4.0.202007081208/tools/bin/../lib/gcc/arm-none-eabi/7.3.1/thumb/v7-m/crtbegin.o

.ARM.extab      0x0000000008000e64        0x0
                0x0000000008000e64                . = ALIGN (0x4)
 *(.ARM.extab* .gnu.linkonce.armextab.*)
                0x0000000008000e64                . = ALIGN (0x4)

.ARM            0x0000000008000e64        0x0
                0x0000000008000e64                . = ALIGN (0x4)
                0x0000000008000e64                __exidx_start = .
 *(.ARM.exidx*)
                0x0000000008000e64                __exidx_end = .
                0x0000000008000e64                . = ALIGN (0x4)

.preinit_array  0x0000000008000e64        0x0
                0x0000000008000e64                . = ALIGN (0x4)
                0x0000000008000e64                PROVIDE (__preinit_array_start = .)
 *(.preinit_array*)
                0x0000000008000e64                PROVIDE (__preinit_array_end = .)
                0x0000000008000e64                . = ALIGN (0x4)

.init_array     0x0000000008000e64        0x4
                0x0000000008000e64                . = ALIGN (0x4)
                0x0000000008000e64                PROVIDE (__init_array_start = .)
 *(SORT_BY_NAME(.init_array.*))
 *(.init_array*)
 .init_array    0x0000000008000e64        0x4 d:/learn_in_depth/work space/2_embedded_c/stm32cubeide/plugins/com.st.stm32cube.ide.mcu.externaltools.gnu-tools-for-stm32.7-2018-q2-update.win32_1.4.0.202007081208/tools/bin/../lib/gcc/arm-none-eabi/7.3.1/thumb/v7-m/crtbegin.o
                0x0000000008000e68                PROVIDE (__init_array_end = .)
                0x0000000008000e68                . = ALIGN (0x4)

.fini_array     0x0000000008000e68        0x4
                0x0000000008000e68                . = ALIGN (0x4)
                [!provide]                        PROVIDE (__fini_array_start = .)
 *(SORT_BY_NAME(.fini_array.*))
 *(.fini_array*)
 .fini_array    0x0000000008000e68        0x4 d:/learn_in_depth/work space/2_embedded_c/stm32cubeide/plugins/com.st.stm32cube.ide.mcu.externaltools.gnu-tools-for-stm32.7-2018-q2-update.win32_1.4.0.202007081208/tools/bin/../lib/gcc/arm-none-eabi/7.3.1/thumb/v7-m/crtbegin.o
                [!provide]                        PROVIDE (__fini_array_end = .)
                0x0000000008000e6c                . = ALIGN (0x4)
                0x0000000008000e6c                _sidata = LOADADDR (.data)

.data           0x0000000020000000        0x0 load address 0x0000000008000e6c
                0x0000000020000000                . = ALIGN (0x4)
                0x0000000020000000                _sdata = .
 *(.data)
 *(.data*)
 *(.RamFunc)
 *(.RamFunc*)
                0x0000000020000000                . = ALIGN (0x4)
                0x0000000020000000                _edata = .

.igot.plt       0x0000000020000000        0x0 load address 0x0000000008000e6c
 .igot.plt      0x0000000020000000        0x0 d:/learn_in_depth/work space/2_embedded_c/stm32cubeide/plugins/com.st.stm32cube.ide.mcu.externaltools.gnu-tools-for-stm32.7-2018-q2-update.win32_1.4.0.202007081208/tools/bin/../lib/gcc/arm-none-eabi/7.3.1/thumb/v7-m/crtbegin.o
                0x0000000020000000                . = ALIGN (0x4)

.bss            0x0000000020000000       0x60 load address 0x0000000008000e6c
                0x0000000020000000                _sbss = .
                0x0000000020000000                __bss_start__ = _sbss
 *(.bss)
 .bss           0x0000000020000000       0x1c d:/learn_in_depth/work space/2_embedded_c/stm32cubeide/plugins/com.st.stm32cube.ide.mcu.externaltools.gnu-tools-for-stm32.7-2018-q2-update.win32_1.4.0.202007081208/tools/bin/../lib/gcc/arm-none-eabi/7.3.1/thumb/v7-m/crtbegin.o
 *(.bss*)
 .bss.IRQ_Flag  0x000000002000001c        0x1 APP/04_EXTI_Test_1_LCD_Push_Button.o
                0x000000002000001c                IRQ_Flag
 *(COMMON)
 *fill*         0x000000002000001d        0x3 
 COMMON         0x0000000020000020        0x4 APP/01_GPIO_Test_1_LCD_Keypad.o
                0x0000000020000020                PinConfig
 COMMON         0x0000000020000024       0x3c MCAL/stm32f103x6_EXTI_driver.o
                0x0000000020000024                GP_IRQ_CallBack
                0x0000000020000060                . = ALIGN (0x4)
                0x0000000020000060                _ebss = .
                0x0000000020000060                __bss_end__ = _ebss

._user_heap_stack
                0x0000000020000060      0x600 load address 0x0000000008000e6c
                0x0000000020000060                . = ALIGN (0x8)
                [!provide]                        PROVIDE (end = .)
                0x0000000020000060                PROVIDE (_end = .)
                0x0000000020000260                . = (. + _Min_Heap_Size)
 *fill*         0x0000000020000060      0x200 
                0x0000000020000660                . = (. + _Min_Stack_Size)
 *fill*         0x0000000020000260      0x400 
                0x0000000020000660                . = ALIGN (0x8)

/DISCARD/
 libc.a(*)
 libm.a(*)
 libgcc.a(*)

.ARM.attributes
                0x0000000000000000       0x29
 *(.ARM.attributes)
 .ARM.attributes
                0x0000000000000000       0x1d d:/learn_in_depth/work space/2_embedded_c/stm32cubeide/plugins/com.st.stm32cube.ide.mcu.externaltools.gnu-tools-for-stm32.7-2018-q2-update.win32_1.4.0.202007081208/tools/bin/../lib/gcc/arm-none-eabi/7.3.1/thumb/v7-m/crti.o
 .ARM.attributes
                0x000000000000001d       0x2d d:/learn_in_depth/work space/2_embedded_c/stm32cubeide/plugins/com.st.stm32cube.ide.mcu.externaltools.gnu-tools-for-stm32.7-2018-q2-update.win32_1.4.0.202007081208/tools/bin/../lib/gcc/arm-none-eabi/7.3.1/thumb/v7-m/crtbegin.o
 .ARM.attributes
                0x000000000000004a       0x33 APP/01_GPIO_Test_1_LCD_Keypad.o
 .ARM.attributes
                0x000000000000007d       0x33 APP/04_EXTI_Test_1_LCD_Push_Button.o
 .ARM.attributes
                0x00000000000000b0       0x33 HAL/LCD/LCD.o
 .ARM.attributes
                0x00000000000000e3       0x33 MCAL/stm32f103x6_EXTI_driver.o
 .ARM.attributes
                0x0000000000000116       0x33 MCAL/stm32f103x6_GPIO_driver.o
 .ARM.attributes
                0x0000000000000149       0x33 Src/main.o
 .ARM.attributes
                0x000000000000017c       0x21 Startup/startup_stm32f103c6tx.o
 .ARM.attributes
                0x000000000000019d       0x2d d:/learn_in_depth/work space/2_embedded_c/stm32cubeide/plugins/com.st.stm32cube.ide.mcu.externaltools.gnu-tools-for-stm32.7-2018-q2-update.win32_1.4.0.202007081208/tools/bin/../lib/gcc/arm-none-eabi/7.3.1/../../../../arm-none-eabi/lib/thumb/v7-m\libc_nano.a(lib_a-init.o)
 .ARM.attributes
                0x00000000000001ca       0x1d d:/learn_in_depth/work space/2_embedded_c/stm32cubeide/plugins/com.st.stm32cube.ide.mcu.externaltools.gnu-tools-for-stm32.7-2018-q2-update.win32_1.4.0.202007081208/tools/bin/../lib/gcc/arm-none-eabi/7.3.1/thumb/v7-m/crtn.o
OUTPUT(STM32F103C6_Driver.elf elf32-littlearm)

.debug_info     0x0000000000000000     0x107f
 .debug_info    0x0000000000000000      0x10a APP/01_GPIO_Test_1_LCD_Keypad.o
 .debug_info    0x000000000000010a      0x351 APP/04_EXTI_Test_1_LCD_Push_Button.o
 .debug_info    0x000000000000045b      0x2e5 HAL/LCD/LCD.o
 .debug_info    0x0000000000000740      0x49f MCAL/stm32f103x6_EXTI_driver.o
 .debug_info    0x0000000000000bdf      0x42f MCAL/stm32f103x6_GPIO_driver.o
 .debug_info    0x000000000000100e       0x4f Src/main.o
 .debug_info    0x000000000000105d       0x22 Startup/startup_stm32f103c6tx.o

.debug_abbrev   0x0000000000000000      0x60e
 .debug_abbrev  0x0000000000000000       0x92 APP/01_GPIO_Test_1_LCD_Keypad.o
 .debug_abbrev  0x0000000000000092      0x118 APP/04_EXTI_Test_1_LCD_Push_Button.o
 .debug_abbrev  0x00000000000001aa      0x13c HAL/LCD/LCD.o
 .debug_abbrev  0x00000000000002e6      0x187 MCAL/stm32f103x6_EXTI_driver.o
 .debug_abbrev  0x000000000000046d      0x151 MCAL/stm32f103x6_GPIO_driver.o
 .debug_abbrev  0x00000000000005be       0x3e Src/main.o
 .debug_abbrev  0x00000000000005fc       0x12 Startup/startup_stm32f103c6tx.o

.debug_loc      0x0000000000000000      0xa30
 .debug_loc     0x0000000000000000       0x38 APP/01_GPIO_Test_1_LCD_Keypad.o
 .debug_loc     0x0000000000000038      0x104 APP/04_EXTI_Test_1_LCD_Push_Button.o
 .debug_loc     0x000000000000013c      0x278 HAL/LCD/LCD.o
 .debug_loc     0x00000000000003b4      0x320 MCAL/stm32f103x6_EXTI_driver.o
 .debug_loc     0x00000000000006d4      0x330 MCAL/stm32f103x6_GPIO_driver.o
 .debug_loc     0x0000000000000a04       0x2c Src/main.o

.debug_aranges  0x0000000000000000      0x1e8
 .debug_aranges
                0x0000000000000000       0x20 APP/01_GPIO_Test_1_LCD_Keypad.o
 .debug_aranges
                0x0000000000000020       0x38 APP/04_EXTI_Test_1_LCD_Push_Button.o
 .debug_aranges
                0x0000000000000058       0x68 HAL/LCD/LCD.o
 .debug_aranges
                0x00000000000000c0       0x80 MCAL/stm32f103x6_EXTI_driver.o
 .debug_aranges
                0x0000000000000140       0x60 MCAL/stm32f103x6_GPIO_driver.o
 .debug_aranges
                0x00000000000001a0       0x20 Src/main.o
 .debug_aranges
                0x00000000000001c0       0x28 Startup/startup_stm32f103c6tx.o

.debug_ranges   0x0000000000000000      0x180
 .debug_ranges  0x0000000000000000       0x10 APP/01_GPIO_Test_1_LCD_Keypad.o
 .debug_ranges  0x0000000000000010       0x28 APP/04_EXTI_Test_1_LCD_Push_Button.o
 .debug_ranges  0x0000000000000038       0x58 HAL/LCD/LCD.o
 .debug_ranges  0x0000000000000090       0x70 MCAL/stm32f103x6_EXTI_driver.o
 .debug_ranges  0x0000000000000100       0x50 MCAL/stm32f103x6_GPIO_driver.o
 .debug_ranges  0x0000000000000150       0x10 Src/main.o
 .debug_ranges  0x0000000000000160       0x20 Startup/startup_stm32f103c6tx.o

.debug_macro    0x0000000000000000     0x1027
 .debug_macro   0x0000000000000000       0x62 APP/01_GPIO_Test_1_LCD_Keypad.o
 .debug_macro   0x0000000000000062      0xa60 APP/01_GPIO_Test_1_LCD_Keypad.o
 .debug_macro   0x0000000000000ac2       0x10 APP/01_GPIO_Test_1_LCD_Keypad.o
 .debug_macro   0x0000000000000ad2       0x10 APP/01_GPIO_Test_1_LCD_Keypad.o
 .debug_macro   0x0000000000000ae2       0x7c APP/01_GPIO_Test_1_LCD_Keypad.o
 .debug_macro   0x0000000000000b5e      0x1b0 APP/01_GPIO_Test_1_LCD_Keypad.o
 .debug_macro   0x0000000000000d0e       0xd0 APP/01_GPIO_Test_1_LCD_Keypad.o
 .debug_macro   0x0000000000000dde       0x9a APP/01_GPIO_Test_1_LCD_Keypad.o
 .debug_macro   0x0000000000000e78       0x40 APP/01_GPIO_Test_1_LCD_Keypad.o
 .debug_macro   0x0000000000000eb8       0x66 APP/04_EXTI_Test_1_LCD_Push_Button.o
 .debug_macro   0x0000000000000f1e       0x53 HAL/LCD/LCD.o
 .debug_macro   0x0000000000000f71       0x5a MCAL/stm32f103x6_EXTI_driver.o
 .debug_macro   0x0000000000000fcb       0x41 MCAL/stm32f103x6_GPIO_driver.o
 .debug_macro   0x000000000000100c       0x1b Src/main.o

.debug_line     0x0000000000000000      0xb5a
 .debug_line    0x0000000000000000      0x19a APP/01_GPIO_Test_1_LCD_Keypad.o
 .debug_line    0x000000000000019a      0x1c6 APP/04_EXTI_Test_1_LCD_Push_Button.o
 .debug_line    0x0000000000000360      0x216 HAL/LCD/LCD.o
 .debug_line    0x0000000000000576      0x2a4 MCAL/stm32f103x6_EXTI_driver.o
 .debug_line    0x000000000000081a      0x216 MCAL/stm32f103x6_GPIO_driver.o
 .debug_line    0x0000000000000a30       0xa6 Src/main.o
 .debug_line    0x0000000000000ad6       0x84 Startup/startup_stm32f103c6tx.o

.debug_str      0x0000000000000000     0x58d4
 .debug_str     0x0000000000000000     0x4072 APP/01_GPIO_Test_1_LCD_Keypad.o
                                       0x40e0 (size before relaxing)
 .debug_str     0x0000000000004072     0x13c3 APP/04_EXTI_Test_1_LCD_Push_Button.o
                                       0x53dc (size before relaxing)
 .debug_str     0x0000000000005435       0xcf HAL/LCD/LCD.o
                                       0x4117 (size before relaxing)
 .debug_str     0x0000000000005504      0x1e6 MCAL/stm32f103x6_EXTI_driver.o
                                       0x5245 (size before relaxing)
 .debug_str     0x00000000000056ea       0xf2 MCAL/stm32f103x6_GPIO_driver.o
                                       0x3ea4 (size before relaxing)
 .debug_str     0x00000000000057dc       0x3a Src/main.o
                                       0x2d05 (size before relaxing)
 .debug_str     0x0000000000005816       0xbe Startup/startup_stm32f103c6tx.o

.comment        0x0000000000000000       0x7b
 .comment       0x0000000000000000       0x7b APP/01_GPIO_Test_1_LCD_Keypad.o
                                         0x7c (size before relaxing)
 .comment       0x000000000000007b       0x7c APP/04_EXTI_Test_1_LCD_Push_Button.o
 .comment       0x000000000000007b       0x7c HAL/LCD/LCD.o
 .comment       0x000000000000007b       0x7c MCAL/stm32f103x6_EXTI_driver.o
 .comment       0x000000000000007b       0x7c MCAL/stm32f103x6_GPIO_driver.o
 .comment       0x000000000000007b       0x7c Src/main.o

.debug_frame    0x0000000000000000      0x598
 .debug_frame   0x0000000000000000       0x30 APP/01_GPIO_Test_1_LCD_Keypad.o
 .debug_frame   0x0000000000000030       0x94 APP/04_EXTI_Test_1_LCD_Push_Button.o
 .debug_frame   0x00000000000000c4      0x154 HAL/LCD/LCD.o
 .debug_frame   0x0000000000000218      0x1b0 MCAL/stm32f103x6_EXTI_driver.o
 .debug_frame   0x00000000000003c8      0x178 MCAL/stm32f103x6_GPIO_driver.o
 .debug_frame   0x0000000000000540       0x2c Src/main.o
 .debug_frame   0x000000000000056c       0x2c d:/learn_in_depth/work space/2_embedded_c/stm32cubeide/plugins/com.st.stm32cube.ide.mcu.externaltools.gnu-tools-for-stm32.7-2018-q2-update.win32_1.4.0.202007081208/tools/bin/../lib/gcc/arm-none-eabi/7.3.1/../../../../arm-none-eabi/lib/thumb/v7-m\libc_nano.a(lib_a-init.o)
