
Allocating common symbols
Common symbol       size              file

pMA_state           0x4               Main_ALgorithm.o
pPS_state           0x4               Pressure_Sensor.o
Alarm_Actuator_State_ID
                    0x1               Alarm_Actuator.o
MA_State_ID         0x1               Main_ALgorithm.o
pAlarm_Actuator_state
                    0x4               Alarm_Actuator.o
PS_State_ID         0x1               Pressure_Sensor.o

Memory Configuration

Name             Origin             Length             Attributes
flash            0x08000000         0x00020000         xr
sram             0x20000000         0x00005000         xrw
*default*        0x00000000         0xffffffff

Linker script and memory map


.text           0x08000000      0x35c
 *(.vectors*)
 .vectors       0x08000000       0x1c startup.o
                0x08000000                vectors
 *(.text*)
 .text          0x0800001c       0x8c Alarm_Actuator.o
                0x0800001c                ST_Alarm_Actuator_idle
                0x08000034                ST_Alarm_Actuator_busy
                0x08000058                Alarm_Actuator_Init
                0x08000064                Alarm_State_Set
 .text          0x080000a8       0xc4 GPIO.o
                0x080000a8                GPIO_Init
                0x080000f8                GPIO_delay
                0x08000118                GPIO_Get_Pressure_Val
                0x08000130                GPIO_Start_Alarm_Actuator
                0x08000150                GPIO_Stop_Alarm_Actuator
 .text          0x0800016c       0x98 Main_ALgorithm.o
                0x0800016c                ST_MA_Waiting
                0x08000194                ST_MA_Detecting
                0x080001bc                Set_Pressure_Val
 .text          0x08000204       0x48 Pressure_Sensor.o
                0x08000204                ST_PS_BUSY
                0x08000240                PS_Init
 .text          0x0800024c       0x80 main.o
                0x0800024c                setup
                0x0800028c                main
 .text          0x080002cc       0x90 startup.o
                0x080002cc                H_Fault_Handler
                0x080002cc                MM_Fault_Handler
                0x080002cc                Usage_Fault_Handler
                0x080002cc                Bus_Fault
                0x080002cc                Default_Handler
                0x080002cc                NMI_Handler
                0x080002d8                Reset_Handler
 *(.rodata*)
                0x0800035c                _E_TEXT = .

.glue_7         0x0800035c        0x0
 .glue_7        0x0800035c        0x0 linker stubs

.glue_7t        0x0800035c        0x0
 .glue_7t       0x0800035c        0x0 linker stubs

.vfp11_veneer   0x0800035c        0x0
 .vfp11_veneer  0x0800035c        0x0 linker stubs

.v4_bx          0x0800035c        0x0
 .v4_bx         0x0800035c        0x0 linker stubs

.iplt           0x0800035c        0x0
 .iplt          0x0800035c        0x0 Alarm_Actuator.o

.rel.dyn        0x0800035c        0x0
 .rel.iplt      0x0800035c        0x0 Alarm_Actuator.o

.data           0x20000000        0x4 load address 0x0800035c
                0x20000000                _S_DATA = .
 *(.data*)
 .data          0x20000000        0x0 Alarm_Actuator.o
 .data          0x20000000        0x0 GPIO.o
 .data          0x20000000        0x4 Main_ALgorithm.o
 .data          0x20000004        0x0 Pressure_Sensor.o
 .data          0x20000004        0x0 main.o
 .data          0x20000004        0x0 startup.o
                0x20000004                . = ALIGN (0x4)
                0x20000004                _E_DATA = .

.igot.plt       0x20000004        0x0 load address 0x08000360
 .igot.plt      0x20000004        0x0 Alarm_Actuator.o

.bss            0x20000004     0x1025 load address 0x08000360
                0x20000004                _S_BSS = .
 *(.bss*)
 .bss           0x20000004        0x4 Alarm_Actuator.o
 .bss           0x20000008        0x0 GPIO.o
 .bss           0x20000008        0x5 Main_ALgorithm.o
 *fill*         0x2000000d        0x3 
 .bss           0x20000010        0x4 Pressure_Sensor.o
 .bss           0x20000014        0x0 main.o
 .bss           0x20000014        0x0 startup.o
                0x20000014                . = ALIGN (0x4)
                0x20000014                _E_BSS = .
                0x20000014                . = ALIGN (0x4)
                0x20001014                . = (. + 0x1000)
 *fill*         0x20000014     0x1000 
                0x20001014                _STACK_TOP = .
 COMMON         0x20001014        0x8 Alarm_Actuator.o
                0x20001014                Alarm_Actuator_State_ID
                0x20001018                pAlarm_Actuator_state
 COMMON         0x2000101c        0x5 Main_ALgorithm.o
                0x2000101c                pMA_state
                0x20001020                MA_State_ID
 *fill*         0x20001021        0x3 
 COMMON         0x20001024        0x5 Pressure_Sensor.o
                0x20001024                pPS_state
                0x20001028                PS_State_ID
LOAD Alarm_Actuator.o
LOAD GPIO.o
LOAD Main_ALgorithm.o
LOAD Pressure_Sensor.o
LOAD main.o
LOAD startup.o
OUTPUT(Pressure_Detection_Karem.elf elf32-littlearm)

.debug_info     0x00000000     0x2cbc
 .debug_info    0x00000000      0xa61 Alarm_Actuator.o
 .debug_info    0x00000a61      0x123 GPIO.o
 .debug_info    0x00000b84      0xab2 Main_ALgorithm.o
 .debug_info    0x00001636      0xa1f Pressure_Sensor.o
 .debug_info    0x00002055      0xa8f main.o
 .debug_info    0x00002ae4      0x1d8 startup.o

.debug_abbrev   0x00000000      0x964
 .debug_abbrev  0x00000000      0x203 Alarm_Actuator.o
 .debug_abbrev  0x00000203       0xaa GPIO.o
 .debug_abbrev  0x000002ad      0x203 Main_ALgorithm.o
 .debug_abbrev  0x000004b0      0x1f0 Pressure_Sensor.o
 .debug_abbrev  0x000006a0      0x1ee main.o
 .debug_abbrev  0x0000088e       0xd6 startup.o

.debug_loc      0x00000000      0x474
 .debug_loc     0x00000000      0x11c Alarm_Actuator.o
 .debug_loc     0x0000011c      0x154 GPIO.o
 .debug_loc     0x00000270       0xb4 Main_ALgorithm.o
 .debug_loc     0x00000324       0x70 Pressure_Sensor.o
 .debug_loc     0x00000394       0x64 main.o
 .debug_loc     0x000003f8       0x7c startup.o

.debug_aranges  0x00000000       0xc0
 .debug_aranges
                0x00000000       0x20 Alarm_Actuator.o
 .debug_aranges
                0x00000020       0x20 GPIO.o
 .debug_aranges
                0x00000040       0x20 Main_ALgorithm.o
 .debug_aranges
                0x00000060       0x20 Pressure_Sensor.o
 .debug_aranges
                0x00000080       0x20 main.o
 .debug_aranges
                0x000000a0       0x20 startup.o

.debug_line     0x00000000      0x985
 .debug_line    0x00000000      0x1b0 Alarm_Actuator.o
 .debug_line    0x000001b0      0x12a GPIO.o
 .debug_line    0x000002da      0x1e1 Main_ALgorithm.o
 .debug_line    0x000004bb      0x1a4 Pressure_Sensor.o
 .debug_line    0x0000065f      0x1d4 main.o
 .debug_line    0x00000833      0x152 startup.o

.debug_str      0x00000000      0x7a5
 .debug_str     0x00000000      0x5d4 Alarm_Actuator.o
                                0x633 (size before relaxing)
 .debug_str     0x000005d4       0x77 GPIO.o
                                0x1fc (size before relaxing)
 .debug_str     0x0000064b       0x70 Main_ALgorithm.o
                                0x658 (size before relaxing)
 .debug_str     0x000006bb       0x3b Pressure_Sensor.o
                                0x5b7 (size before relaxing)
 .debug_str     0x000006f6       0x18 main.o
                                0x628 (size before relaxing)
 .debug_str     0x0000070e       0x97 startup.o
                                0x22f (size before relaxing)

.comment        0x00000000       0x7e
 .comment       0x00000000       0x7e Alarm_Actuator.o
                                 0x7f (size before relaxing)
 .comment       0x0000007e       0x7f GPIO.o
 .comment       0x0000007e       0x7f Main_ALgorithm.o
 .comment       0x0000007e       0x7f Pressure_Sensor.o
 .comment       0x0000007e       0x7f main.o
 .comment       0x0000007e       0x7f startup.o

.ARM.attributes
                0x00000000       0x33
 .ARM.attributes
                0x00000000       0x33 Alarm_Actuator.o
 .ARM.attributes
                0x00000033       0x33 GPIO.o
 .ARM.attributes
                0x00000066       0x33 Main_ALgorithm.o
 .ARM.attributes
                0x00000099       0x33 Pressure_Sensor.o
 .ARM.attributes
                0x000000cc       0x33 main.o
 .ARM.attributes
                0x000000ff       0x33 startup.o

.debug_frame    0x00000000      0x2a0
 .debug_frame   0x00000000       0x94 Alarm_Actuator.o
 .debug_frame   0x00000094       0xb4 GPIO.o
 .debug_frame   0x00000148       0x70 Main_ALgorithm.o
 .debug_frame   0x000001b8       0x4c Pressure_Sensor.o
 .debug_frame   0x00000204       0x4c main.o
 .debug_frame   0x00000250       0x50 startup.o
