Archive member included because of file (symbol)

d:/embedded tools/02-avr tools/03-imt sdk/03- imt sdk/imt_sdk_win_64/winavr/bin/../lib/gcc/avr/4.3.3/avr5\libgcc.a(_mulsi3.o)
                              ./LM35_program.o (__mulsi3)
d:/embedded tools/02-avr tools/03-imt sdk/03- imt sdk/imt_sdk_win_64/winavr/bin/../lib/gcc/avr/4.3.3/avr5\libgcc.a(_udivmodhi4.o)
                              ./LM35_program.o (__udivmodhi4)
d:/embedded tools/02-avr tools/03-imt sdk/03- imt sdk/imt_sdk_win_64/winavr/bin/../lib/gcc/avr/4.3.3/avr5\libgcc.a(_exit.o)
                              d:/embedded tools/02-avr tools/03-imt sdk/03- imt sdk/imt_sdk_win_64/winavr/bin/../lib/gcc/avr/4.3.3/../../../../avr/lib/avr5/crtm32.o (exit)
d:/embedded tools/02-avr tools/03-imt sdk/03- imt sdk/imt_sdk_win_64/winavr/bin/../lib/gcc/avr/4.3.3/avr5\libgcc.a(_copy_data.o)
                              ./CLCD_program.o (__do_copy_data)
d:/embedded tools/02-avr tools/03-imt sdk/03- imt sdk/imt_sdk_win_64/winavr/bin/../lib/gcc/avr/4.3.3/avr5\libgcc.a(_clear_bss.o)
                              ./ADC_program.o (__do_clear_bss)
d:/embedded tools/02-avr tools/03-imt sdk/03- imt sdk/imt_sdk_win_64/winavr/bin/../lib/gcc/avr/4.3.3/avr5\libgcc.a(_ashldi3.o)
                              ./CLCD_program.o (__ashldi3)
d:/embedded tools/02-avr tools/03-imt sdk/03- imt sdk/imt_sdk_win_64/winavr/bin/../lib/gcc/avr/4.3.3/avr5\libgcc.a(_fixunssfsi.o)
                              ./CLCD_program.o (__fixunssfsi)
d:/embedded tools/02-avr tools/03-imt sdk/03- imt sdk/imt_sdk_win_64/winavr/bin/../lib/gcc/avr/4.3.3/avr5\libgcc.a(_udivdi3.o)
                              ./CLCD_program.o (__udivdi3)
d:/embedded tools/02-avr tools/03-imt sdk/03- imt sdk/imt_sdk_win_64/winavr/bin/../lib/gcc/avr/4.3.3/avr5\libgcc.a(_umoddi3.o)
                              ./CLCD_program.o (__umoddi3)
d:/embedded tools/02-avr tools/03-imt sdk/03- imt sdk/imt_sdk_win_64/winavr/bin/../lib/gcc/avr/4.3.3/avr5\libgcc.a(_addsub_sf.o)
                              d:/embedded tools/02-avr tools/03-imt sdk/03- imt sdk/imt_sdk_win_64/winavr/bin/../lib/gcc/avr/4.3.3/avr5\libgcc.a(_fixunssfsi.o) (__subsf3)
d:/embedded tools/02-avr tools/03-imt sdk/03- imt sdk/imt_sdk_win_64/winavr/bin/../lib/gcc/avr/4.3.3/avr5\libgcc.a(_mul_sf.o)
                              ./CLCD_program.o (__mulsf3)
d:/embedded tools/02-avr tools/03-imt sdk/03- imt sdk/imt_sdk_win_64/winavr/bin/../lib/gcc/avr/4.3.3/avr5\libgcc.a(_gt_sf.o)
                              ./CLCD_program.o (__gtsf2)
d:/embedded tools/02-avr tools/03-imt sdk/03- imt sdk/imt_sdk_win_64/winavr/bin/../lib/gcc/avr/4.3.3/avr5\libgcc.a(_ge_sf.o)
                              d:/embedded tools/02-avr tools/03-imt sdk/03- imt sdk/imt_sdk_win_64/winavr/bin/../lib/gcc/avr/4.3.3/avr5\libgcc.a(_fixunssfsi.o) (__gesf2)
d:/embedded tools/02-avr tools/03-imt sdk/03- imt sdk/imt_sdk_win_64/winavr/bin/../lib/gcc/avr/4.3.3/avr5\libgcc.a(_lt_sf.o)
                              ./CLCD_program.o (__ltsf2)
d:/embedded tools/02-avr tools/03-imt sdk/03- imt sdk/imt_sdk_win_64/winavr/bin/../lib/gcc/avr/4.3.3/avr5\libgcc.a(_sf_to_si.o)
                              d:/embedded tools/02-avr tools/03-imt sdk/03- imt sdk/imt_sdk_win_64/winavr/bin/../lib/gcc/avr/4.3.3/avr5\libgcc.a(_fixunssfsi.o) (__fixsfsi)
d:/embedded tools/02-avr tools/03-imt sdk/03- imt sdk/imt_sdk_win_64/winavr/bin/../lib/gcc/avr/4.3.3/avr5\libgcc.a(_thenan_sf.o)
                              d:/embedded tools/02-avr tools/03-imt sdk/03- imt sdk/imt_sdk_win_64/winavr/bin/../lib/gcc/avr/4.3.3/avr5\libgcc.a(_addsub_sf.o) (__thenan_sf)
d:/embedded tools/02-avr tools/03-imt sdk/03- imt sdk/imt_sdk_win_64/winavr/bin/../lib/gcc/avr/4.3.3/avr5\libgcc.a(_udivmodsi4.o)
                              d:/embedded tools/02-avr tools/03-imt sdk/03- imt sdk/imt_sdk_win_64/winavr/bin/../lib/gcc/avr/4.3.3/avr5\libgcc.a(_udivdi3.o) (__udivmodsi4)
d:/embedded tools/02-avr tools/03-imt sdk/03- imt sdk/imt_sdk_win_64/winavr/bin/../lib/gcc/avr/4.3.3/avr5\libgcc.a(_prologue.o)
                              d:/embedded tools/02-avr tools/03-imt sdk/03- imt sdk/imt_sdk_win_64/winavr/bin/../lib/gcc/avr/4.3.3/avr5\libgcc.a(_udivdi3.o) (__prologue_saves__)
d:/embedded tools/02-avr tools/03-imt sdk/03- imt sdk/imt_sdk_win_64/winavr/bin/../lib/gcc/avr/4.3.3/avr5\libgcc.a(_epilogue.o)
                              d:/embedded tools/02-avr tools/03-imt sdk/03- imt sdk/imt_sdk_win_64/winavr/bin/../lib/gcc/avr/4.3.3/avr5\libgcc.a(_udivdi3.o) (__epilogue_restores__)
d:/embedded tools/02-avr tools/03-imt sdk/03- imt sdk/imt_sdk_win_64/winavr/bin/../lib/gcc/avr/4.3.3/avr5\libgcc.a(_clz.o)
                              d:/embedded tools/02-avr tools/03-imt sdk/03- imt sdk/imt_sdk_win_64/winavr/bin/../lib/gcc/avr/4.3.3/avr5\libgcc.a(_udivdi3.o) (__clz_tab)
d:/embedded tools/02-avr tools/03-imt sdk/03- imt sdk/imt_sdk_win_64/winavr/bin/../lib/gcc/avr/4.3.3/avr5\libgcc.a(_pack_sf.o)
                              d:/embedded tools/02-avr tools/03-imt sdk/03- imt sdk/imt_sdk_win_64/winavr/bin/../lib/gcc/avr/4.3.3/avr5\libgcc.a(_addsub_sf.o) (__pack_f)
d:/embedded tools/02-avr tools/03-imt sdk/03- imt sdk/imt_sdk_win_64/winavr/bin/../lib/gcc/avr/4.3.3/avr5\libgcc.a(_unpack_sf.o)
                              d:/embedded tools/02-avr tools/03-imt sdk/03- imt sdk/imt_sdk_win_64/winavr/bin/../lib/gcc/avr/4.3.3/avr5\libgcc.a(_addsub_sf.o) (__unpack_f)
d:/embedded tools/02-avr tools/03-imt sdk/03- imt sdk/imt_sdk_win_64/winavr/bin/../lib/gcc/avr/4.3.3/avr5\libgcc.a(_fpcmp_parts_sf.o)
                              d:/embedded tools/02-avr tools/03-imt sdk/03- imt sdk/imt_sdk_win_64/winavr/bin/../lib/gcc/avr/4.3.3/avr5\libgcc.a(_gt_sf.o) (__fpcmp_parts_f)

Memory Configuration

Name             Origin             Length             Attributes
text             0x00000000         0x00020000         xr
data             0x00800060         0x0000ffa0         rw !x
eeprom           0x00810000         0x00010000         rw !x
fuse             0x00820000         0x00000400         rw !x
lock             0x00830000         0x00000400         rw !x
signature        0x00840000         0x00000400         rw !x
*default*        0x00000000         0xffffffff

Linker script and memory map

LOAD d:/embedded tools/02-avr tools/03-imt sdk/03- imt sdk/imt_sdk_win_64/winavr/bin/../lib/gcc/avr/4.3.3/../../../../avr/lib/avr5/crtm32.o
LOAD ./ADC_program.o
LOAD ./CLCD_program.o
LOAD ./DIO_program.o
LOAD ./LM35_program.o
LOAD ./main.o
LOAD d:/embedded tools/02-avr tools/03-imt sdk/03- imt sdk/imt_sdk_win_64/winavr/bin/../lib/gcc/avr/4.3.3/avr5\libgcc.a
LOAD d:/embedded tools/02-avr tools/03-imt sdk/03- imt sdk/imt_sdk_win_64/winavr/bin/../lib/gcc/avr/4.3.3/../../../../avr/lib/avr5\libc.a
LOAD d:/embedded tools/02-avr tools/03-imt sdk/03- imt sdk/imt_sdk_win_64/winavr/bin/../lib/gcc/avr/4.3.3/avr5\libgcc.a

.hash
 *(.hash)

.dynsym
 *(.dynsym)

.dynstr
 *(.dynstr)

.gnu.version
 *(.gnu.version)

.gnu.version_d
 *(.gnu.version_d)

.gnu.version_r
 *(.gnu.version_r)

.rel.init
 *(.rel.init)

.rela.init
 *(.rela.init)

.rel.text
 *(.rel.text)
 *(.rel.text.*)
 *(.rel.gnu.linkonce.t*)

.rela.text
 *(.rela.text)
 *(.rela.text.*)
 *(.rela.gnu.linkonce.t*)

.rel.fini
 *(.rel.fini)

.rela.fini
 *(.rela.fini)

.rel.rodata
 *(.rel.rodata)
 *(.rel.rodata.*)
 *(.rel.gnu.linkonce.r*)

.rela.rodata
 *(.rela.rodata)
 *(.rela.rodata.*)
 *(.rela.gnu.linkonce.r*)

.rel.data
 *(.rel.data)
 *(.rel.data.*)
 *(.rel.gnu.linkonce.d*)

.rela.data
 *(.rela.data)
 *(.rela.data.*)
 *(.rela.gnu.linkonce.d*)

.rel.ctors
 *(.rel.ctors)

.rela.ctors
 *(.rela.ctors)

.rel.dtors
 *(.rel.dtors)

.rela.dtors
 *(.rela.dtors)

.rel.got
 *(.rel.got)

.rela.got
 *(.rela.got)

.rel.bss
 *(.rel.bss)

.rela.bss
 *(.rela.bss)

.rel.plt
 *(.rel.plt)

.rela.plt
 *(.rela.plt)

.text           0x00000000     0x511e
 *(.vectors)
 .vectors       0x00000000       0x54 d:/embedded tools/02-avr tools/03-imt sdk/03- imt sdk/imt_sdk_win_64/winavr/bin/../lib/gcc/avr/4.3.3/../../../../avr/lib/avr5/crtm32.o
                0x00000000                __vectors
                0x00000000                __vector_default
 *(.vectors)
 *(.progmem.gcc*)
 *(.progmem*)
                0x00000054                . = ALIGN (0x2)
                0x00000054                __trampolines_start = .
 *(.trampolines)
 .trampolines   0x00000054        0x0 linker stubs
 *(.trampolines*)
                0x00000054                __trampolines_end = .
 *(.jumptables)
 *(.jumptables*)
 *(.lowtext)
 *(.lowtext*)
                0x00000054                __ctors_start = .
 *(.ctors)
                0x00000054                __ctors_end = .
                0x00000054                __dtors_start = .
 *(.dtors)
                0x00000054                __dtors_end = .
 SORT(*)(.ctors)
 SORT(*)(.dtors)
 *(.init0)
 .init0         0x00000054        0x0 d:/embedded tools/02-avr tools/03-imt sdk/03- imt sdk/imt_sdk_win_64/winavr/bin/../lib/gcc/avr/4.3.3/../../../../avr/lib/avr5/crtm32.o
                0x00000054                __init
 *(.init0)
 *(.init1)
 *(.init1)
 *(.init2)
 .init2         0x00000054        0xc d:/embedded tools/02-avr tools/03-imt sdk/03- imt sdk/imt_sdk_win_64/winavr/bin/../lib/gcc/avr/4.3.3/../../../../avr/lib/avr5/crtm32.o
 *(.init2)
 *(.init3)
 *(.init3)
 *(.init4)
 .init4         0x00000060       0x16 d:/embedded tools/02-avr tools/03-imt sdk/03- imt sdk/imt_sdk_win_64/winavr/bin/../lib/gcc/avr/4.3.3/avr5\libgcc.a(_copy_data.o)
                0x00000060                __do_copy_data
 .init4         0x00000076       0x10 d:/embedded tools/02-avr tools/03-imt sdk/03- imt sdk/imt_sdk_win_64/winavr/bin/../lib/gcc/avr/4.3.3/avr5\libgcc.a(_clear_bss.o)
                0x00000076                __do_clear_bss
 *(.init4)
 *(.init5)
 *(.init5)
 *(.init6)
 *(.init6)
 *(.init7)
 *(.init7)
 *(.init8)
 *(.init8)
 *(.init9)
 .init9         0x00000086        0x8 d:/embedded tools/02-avr tools/03-imt sdk/03- imt sdk/imt_sdk_win_64/winavr/bin/../lib/gcc/avr/4.3.3/../../../../avr/lib/avr5/crtm32.o
 *(.init9)
 *(.text)
 .text          0x0000008e        0x4 d:/embedded tools/02-avr tools/03-imt sdk/03- imt sdk/imt_sdk_win_64/winavr/bin/../lib/gcc/avr/4.3.3/../../../../avr/lib/avr5/crtm32.o
                0x0000008e                __vector_1
                0x0000008e                __vector_12
                0x0000008e                __bad_interrupt
                0x0000008e                __vector_6
                0x0000008e                __vector_3
                0x0000008e                __vector_11
                0x0000008e                __vector_13
                0x0000008e                __vector_17
                0x0000008e                __vector_19
                0x0000008e                __vector_7
                0x0000008e                __vector_5
                0x0000008e                __vector_4
                0x0000008e                __vector_9
                0x0000008e                __vector_2
                0x0000008e                __vector_15
                0x0000008e                __vector_8
                0x0000008e                __vector_14
                0x0000008e                __vector_10
                0x0000008e                __vector_18
                0x0000008e                __vector_20
 .text          0x00000092        0x0 ./ADC_program.o
 .text          0x00000092        0x0 ./CLCD_program.o
 .text          0x00000092        0x0 ./DIO_program.o
 .text          0x00000092        0x0 ./LM35_program.o
 .text          0x00000092        0x0 ./main.o
 .text          0x00000092        0x0 d:/embedded tools/02-avr tools/03-imt sdk/03- imt sdk/imt_sdk_win_64/winavr/bin/../lib/gcc/avr/4.3.3/avr5\libgcc.a(_mulsi3.o)
 .text          0x00000092        0x0 d:/embedded tools/02-avr tools/03-imt sdk/03- imt sdk/imt_sdk_win_64/winavr/bin/../lib/gcc/avr/4.3.3/avr5\libgcc.a(_udivmodhi4.o)
 .text          0x00000092        0x0 d:/embedded tools/02-avr tools/03-imt sdk/03- imt sdk/imt_sdk_win_64/winavr/bin/../lib/gcc/avr/4.3.3/avr5\libgcc.a(_exit.o)
 .text          0x00000092        0x0 d:/embedded tools/02-avr tools/03-imt sdk/03- imt sdk/imt_sdk_win_64/winavr/bin/../lib/gcc/avr/4.3.3/avr5\libgcc.a(_copy_data.o)
 .text          0x00000092        0x0 d:/embedded tools/02-avr tools/03-imt sdk/03- imt sdk/imt_sdk_win_64/winavr/bin/../lib/gcc/avr/4.3.3/avr5\libgcc.a(_clear_bss.o)
 .text          0x00000092       0xfe d:/embedded tools/02-avr tools/03-imt sdk/03- imt sdk/imt_sdk_win_64/winavr/bin/../lib/gcc/avr/4.3.3/avr5\libgcc.a(_ashldi3.o)
                0x00000092                __ashldi3
 .text          0x00000190       0x58 d:/embedded tools/02-avr tools/03-imt sdk/03- imt sdk/imt_sdk_win_64/winavr/bin/../lib/gcc/avr/4.3.3/avr5\libgcc.a(_fixunssfsi.o)
                0x00000190                __fixunssfsi
 .text          0x000001e8      0xcea d:/embedded tools/02-avr tools/03-imt sdk/03- imt sdk/imt_sdk_win_64/winavr/bin/../lib/gcc/avr/4.3.3/avr5\libgcc.a(_udivdi3.o)
                0x000001e8                __udivdi3
 .text          0x00000ed2      0xce0 d:/embedded tools/02-avr tools/03-imt sdk/03- imt sdk/imt_sdk_win_64/winavr/bin/../lib/gcc/avr/4.3.3/avr5\libgcc.a(_umoddi3.o)
                0x00000ed2                __umoddi3
 .text          0x00001bb2      0x354 d:/embedded tools/02-avr tools/03-imt sdk/03- imt sdk/imt_sdk_win_64/winavr/bin/../lib/gcc/avr/4.3.3/avr5\libgcc.a(_addsub_sf.o)
                0x00001e4a                __subsf3
                0x00001eac                __addsf3
 .text          0x00001f06      0x1f4 d:/embedded tools/02-avr tools/03-imt sdk/03- imt sdk/imt_sdk_win_64/winavr/bin/../lib/gcc/avr/4.3.3/avr5\libgcc.a(_mul_sf.o)
                0x00001f06                __mulsf3
 .text          0x000020fa       0x60 d:/embedded tools/02-avr tools/03-imt sdk/03- imt sdk/imt_sdk_win_64/winavr/bin/../lib/gcc/avr/4.3.3/avr5\libgcc.a(_gt_sf.o)
                0x000020fa                __gtsf2
 .text          0x0000215a       0x60 d:/embedded tools/02-avr tools/03-imt sdk/03- imt sdk/imt_sdk_win_64/winavr/bin/../lib/gcc/avr/4.3.3/avr5\libgcc.a(_ge_sf.o)
                0x0000215a                __gesf2
 .text          0x000021ba       0x60 d:/embedded tools/02-avr tools/03-imt sdk/03- imt sdk/imt_sdk_win_64/winavr/bin/../lib/gcc/avr/4.3.3/avr5\libgcc.a(_lt_sf.o)
                0x000021ba                __ltsf2
 .text          0x0000221a       0xa8 d:/embedded tools/02-avr tools/03-imt sdk/03- imt sdk/imt_sdk_win_64/winavr/bin/../lib/gcc/avr/4.3.3/avr5\libgcc.a(_sf_to_si.o)
                0x0000221a                __fixsfsi
 .text          0x000022c2        0x0 d:/embedded tools/02-avr tools/03-imt sdk/03- imt sdk/imt_sdk_win_64/winavr/bin/../lib/gcc/avr/4.3.3/avr5\libgcc.a(_thenan_sf.o)
 .text          0x000022c2        0x0 d:/embedded tools/02-avr tools/03-imt sdk/03- imt sdk/imt_sdk_win_64/winavr/bin/../lib/gcc/avr/4.3.3/avr5\libgcc.a(_udivmodsi4.o)
 .text          0x000022c2        0x0 d:/embedded tools/02-avr tools/03-imt sdk/03- imt sdk/imt_sdk_win_64/winavr/bin/../lib/gcc/avr/4.3.3/avr5\libgcc.a(_prologue.o)
 .text          0x000022c2        0x0 d:/embedded tools/02-avr tools/03-imt sdk/03- imt sdk/imt_sdk_win_64/winavr/bin/../lib/gcc/avr/4.3.3/avr5\libgcc.a(_epilogue.o)
 .text          0x000022c2        0x0 d:/embedded tools/02-avr tools/03-imt sdk/03- imt sdk/imt_sdk_win_64/winavr/bin/../lib/gcc/avr/4.3.3/avr5\libgcc.a(_clz.o)
 .text          0x000022c2      0x1aa d:/embedded tools/02-avr tools/03-imt sdk/03- imt sdk/imt_sdk_win_64/winavr/bin/../lib/gcc/avr/4.3.3/avr5\libgcc.a(_pack_sf.o)
                0x000022c2                __pack_f
 .text          0x0000246c       0xf0 d:/embedded tools/02-avr tools/03-imt sdk/03- imt sdk/imt_sdk_win_64/winavr/bin/../lib/gcc/avr/4.3.3/avr5\libgcc.a(_unpack_sf.o)
                0x0000246c                __unpack_f
 .text          0x0000255c       0xb2 d:/embedded tools/02-avr tools/03-imt sdk/03- imt sdk/imt_sdk_win_64/winavr/bin/../lib/gcc/avr/4.3.3/avr5\libgcc.a(_fpcmp_parts_sf.o)
                0x0000255c                __fpcmp_parts_f
                0x0000260e                . = ALIGN (0x2)
 *(.text.*)
 .text.ADC_voidInit
                0x0000260e       0x70 ./ADC_program.o
                0x0000260e                ADC_voidInit
 .text.ADC_voidEnable
                0x0000267e       0x1c ./ADC_program.o
                0x0000267e                ADC_voidEnable
 .text.ADC_voidDisable
                0x0000269a       0x1c ./ADC_program.o
                0x0000269a                ADC_voidDisable
 .text.ADC_voidInterruptEnable
                0x000026b6       0x1c ./ADC_program.o
                0x000026b6                ADC_voidInterruptEnable
 .text.ADC_voidInterruptDisable
                0x000026d2       0x1c ./ADC_program.o
                0x000026d2                ADC_voidInterruptDisable
 .text.ADC_u8SetPrescaler
                0x000026ee       0x3e ./ADC_program.o
                0x000026ee                ADC_u8SetPrescaler
 .text.ADC_u8GetResultSync
                0x0000272c      0x130 ./ADC_program.o
                0x0000272c                ADC_u8GetResultSync
 .text.ADC_u8StartConversionAsynch
                0x0000285c       0xae ./ADC_program.o
                0x0000285c                ADC_u8StartConversionAsynch
 .text.ADC_u8StartChainAsynch
                0x0000290a      0x104 ./ADC_program.o
                0x0000290a                ADC_u8StartChainAsynch
 .text.__vector_16
                0x00002a0e      0x13e ./ADC_program.o
                0x00002a0e                __vector_16
 .text.CLCD_voidInit
                0x00002b4c      0x52e ./CLCD_program.o
                0x00002b4c                CLCD_voidInit
 .text.CLCD_voidSendData
                0x0000307a      0x140 ./CLCD_program.o
                0x0000307a                CLCD_voidSendData
 .text.CLCD_voidSendCommand
                0x000031ba      0x140 ./CLCD_program.o
                0x000031ba                CLCD_voidSendCommand
 .text.CLCD_voidSendString
                0x000032fa       0x52 ./CLCD_program.o
                0x000032fa                CLCD_voidSendString
 .text.CLCD_voidSendNumber
                0x0000334c      0x876 ./CLCD_program.o
                0x0000334c                CLCD_voidSendNumber
 .text.CLCD_voidSetPosition
                0x00003bc2      0x14c ./CLCD_program.o
                0x00003bc2                CLCD_voidSetPosition
 .text.CLCD_voidSendExtraChar
                0x00003d0e       0x64 ./CLCD_program.o
                0x00003d0e                CLCD_voidSendExtraChar
 .text.CLCD_voidClearScreen
                0x00003d72      0x110 ./CLCD_program.o
                0x00003d72                CLCD_voidClearScreen
 .text.CLCD_voidSendFallingEdge
                0x00003e82      0x202 ./CLCD_program.o
 .text.DIO_enumSetPinDirection
                0x00004084      0x21e ./DIO_program.o
                0x00004084                DIO_enumSetPinDirection
 .text.DIO_enumSetPinValue
                0x000042a2      0x21e ./DIO_program.o
                0x000042a2                DIO_enumSetPinValue
 .text.DIO_enumGetPinValue
                0x000044c0      0x18a ./DIO_program.o
                0x000044c0                DIO_enumGetPinValue
 .text.DIO_enumTogglePinValue
                0x0000464a      0x110 ./DIO_program.o
                0x0000464a                DIO_enumTogglePinValue
 .text.DIO_enumConnectPullup
                0x0000475a      0x2b2 ./DIO_program.o
                0x0000475a                DIO_enumConnectPullup
 .text.DIO_enumSetPortDirection
                0x00004a0c       0x9a ./DIO_program.o
                0x00004a0c                DIO_enumSetPortDirection
 .text.DIO_enumSetPortValue
                0x00004aa6       0x9a ./DIO_program.o
                0x00004aa6                DIO_enumSetPortValue
 .text.DIO_enumTogglePortValue
                0x00004b40       0xaa ./DIO_program.o
                0x00004b40                DIO_enumTogglePortValue
 .text.DIO_enumGetPortValue
                0x00004bea       0xae ./DIO_program.o
                0x00004bea                DIO_enumGetPortValue
 .text.DIO_voidWriteHighNibbles
                0x00004c98       0xf8 ./DIO_program.o
                0x00004c98                DIO_voidWriteHighNibbles
 .text.DIO_voidWriteLowNibbles
                0x00004d90       0xf6 ./DIO_program.o
                0x00004d90                DIO_voidWriteLowNibbles
 .text.LM35_u8GetTemp
                0x00004e86      0x104 ./LM35_program.o
                0x00004e86                LM35_u8GetTemp
 .text.main     0x00004f8a       0x78 ./main.o
                0x00004f8a                main
 .text.libgcc   0x00005002       0x3e d:/embedded tools/02-avr tools/03-imt sdk/03- imt sdk/imt_sdk_win_64/winavr/bin/../lib/gcc/avr/4.3.3/avr5\libgcc.a(_mulsi3.o)
                0x00005002                __mulsi3
 .text.libgcc   0x00005040       0x28 d:/embedded tools/02-avr tools/03-imt sdk/03- imt sdk/imt_sdk_win_64/winavr/bin/../lib/gcc/avr/4.3.3/avr5\libgcc.a(_udivmodhi4.o)
                0x00005040                __udivmodhi4
 .text.libgcc   0x00005068        0x0 d:/embedded tools/02-avr tools/03-imt sdk/03- imt sdk/imt_sdk_win_64/winavr/bin/../lib/gcc/avr/4.3.3/avr5\libgcc.a(_exit.o)
 .text.libgcc   0x00005068        0x0 d:/embedded tools/02-avr tools/03-imt sdk/03- imt sdk/imt_sdk_win_64/winavr/bin/../lib/gcc/avr/4.3.3/avr5\libgcc.a(_copy_data.o)
 .text.libgcc   0x00005068        0x0 d:/embedded tools/02-avr tools/03-imt sdk/03- imt sdk/imt_sdk_win_64/winavr/bin/../lib/gcc/avr/4.3.3/avr5\libgcc.a(_clear_bss.o)
 .text.libgcc   0x00005068       0x44 d:/embedded tools/02-avr tools/03-imt sdk/03- imt sdk/imt_sdk_win_64/winavr/bin/../lib/gcc/avr/4.3.3/avr5\libgcc.a(_udivmodsi4.o)
                0x00005068                __udivmodsi4
 .text.libgcc   0x000050ac       0x38 d:/embedded tools/02-avr tools/03-imt sdk/03- imt sdk/imt_sdk_win_64/winavr/bin/../lib/gcc/avr/4.3.3/avr5\libgcc.a(_prologue.o)
                0x000050ac                __prologue_saves__
 .text.libgcc   0x000050e4       0x36 d:/embedded tools/02-avr tools/03-imt sdk/03- imt sdk/imt_sdk_win_64/winavr/bin/../lib/gcc/avr/4.3.3/avr5\libgcc.a(_epilogue.o)
                0x000050e4                __epilogue_restores__
                0x0000511a                . = ALIGN (0x2)
 *(.fini9)
 .fini9         0x0000511a        0x0 d:/embedded tools/02-avr tools/03-imt sdk/03- imt sdk/imt_sdk_win_64/winavr/bin/../lib/gcc/avr/4.3.3/avr5\libgcc.a(_exit.o)
                0x0000511a                exit
                0x0000511a                _exit
 *(.fini9)
 *(.fini8)
 *(.fini8)
 *(.fini7)
 *(.fini7)
 *(.fini6)
 *(.fini6)
 *(.fini5)
 *(.fini5)
 *(.fini4)
 *(.fini4)
 *(.fini3)
 *(.fini3)
 *(.fini2)
 *(.fini2)
 *(.fini1)
 *(.fini1)
 *(.fini0)
 .fini0         0x0000511a        0x4 d:/embedded tools/02-avr tools/03-imt sdk/03- imt sdk/imt_sdk_win_64/winavr/bin/../lib/gcc/avr/4.3.3/avr5\libgcc.a(_exit.o)
 *(.fini0)
                0x0000511e                _etext = .

.data           0x00800060      0x156 load address 0x0000511e
                0x00800060                PROVIDE (__data_start, .)
 *(.data)
 .data          0x00800060        0x0 d:/embedded tools/02-avr tools/03-imt sdk/03- imt sdk/imt_sdk_win_64/winavr/bin/../lib/gcc/avr/4.3.3/../../../../avr/lib/avr5/crtm32.o
 .data          0x00800060        0x0 ./ADC_program.o
 .data          0x00800060        0x0 ./CLCD_program.o
 .data          0x00800060        0x0 ./DIO_program.o
 .data          0x00800060        0x0 ./LM35_program.o
 .data          0x00800060        0xa ./main.o
 .data          0x0080006a        0x0 d:/embedded tools/02-avr tools/03-imt sdk/03- imt sdk/imt_sdk_win_64/winavr/bin/../lib/gcc/avr/4.3.3/avr5\libgcc.a(_mulsi3.o)
 .data          0x0080006a        0x0 d:/embedded tools/02-avr tools/03-imt sdk/03- imt sdk/imt_sdk_win_64/winavr/bin/../lib/gcc/avr/4.3.3/avr5\libgcc.a(_udivmodhi4.o)
 .data          0x0080006a        0x0 d:/embedded tools/02-avr tools/03-imt sdk/03- imt sdk/imt_sdk_win_64/winavr/bin/../lib/gcc/avr/4.3.3/avr5\libgcc.a(_exit.o)
 .data          0x0080006a        0x0 d:/embedded tools/02-avr tools/03-imt sdk/03- imt sdk/imt_sdk_win_64/winavr/bin/../lib/gcc/avr/4.3.3/avr5\libgcc.a(_copy_data.o)
 .data          0x0080006a        0x0 d:/embedded tools/02-avr tools/03-imt sdk/03- imt sdk/imt_sdk_win_64/winavr/bin/../lib/gcc/avr/4.3.3/avr5\libgcc.a(_clear_bss.o)
 .data          0x0080006a        0x0 d:/embedded tools/02-avr tools/03-imt sdk/03- imt sdk/imt_sdk_win_64/winavr/bin/../lib/gcc/avr/4.3.3/avr5\libgcc.a(_ashldi3.o)
 .data          0x0080006a        0x0 d:/embedded tools/02-avr tools/03-imt sdk/03- imt sdk/imt_sdk_win_64/winavr/bin/../lib/gcc/avr/4.3.3/avr5\libgcc.a(_fixunssfsi.o)
 .data          0x0080006a        0x0 d:/embedded tools/02-avr tools/03-imt sdk/03- imt sdk/imt_sdk_win_64/winavr/bin/../lib/gcc/avr/4.3.3/avr5\libgcc.a(_udivdi3.o)
 .data          0x0080006a        0x0 d:/embedded tools/02-avr tools/03-imt sdk/03- imt sdk/imt_sdk_win_64/winavr/bin/../lib/gcc/avr/4.3.3/avr5\libgcc.a(_umoddi3.o)
 .data          0x0080006a        0x0 d:/embedded tools/02-avr tools/03-imt sdk/03- imt sdk/imt_sdk_win_64/winavr/bin/../lib/gcc/avr/4.3.3/avr5\libgcc.a(_addsub_sf.o)
 .data          0x0080006a        0x0 d:/embedded tools/02-avr tools/03-imt sdk/03- imt sdk/imt_sdk_win_64/winavr/bin/../lib/gcc/avr/4.3.3/avr5\libgcc.a(_mul_sf.o)
 .data          0x0080006a        0x0 d:/embedded tools/02-avr tools/03-imt sdk/03- imt sdk/imt_sdk_win_64/winavr/bin/../lib/gcc/avr/4.3.3/avr5\libgcc.a(_gt_sf.o)
 .data          0x0080006a        0x0 d:/embedded tools/02-avr tools/03-imt sdk/03- imt sdk/imt_sdk_win_64/winavr/bin/../lib/gcc/avr/4.3.3/avr5\libgcc.a(_ge_sf.o)
 .data          0x0080006a        0x0 d:/embedded tools/02-avr tools/03-imt sdk/03- imt sdk/imt_sdk_win_64/winavr/bin/../lib/gcc/avr/4.3.3/avr5\libgcc.a(_lt_sf.o)
 .data          0x0080006a        0x0 d:/embedded tools/02-avr tools/03-imt sdk/03- imt sdk/imt_sdk_win_64/winavr/bin/../lib/gcc/avr/4.3.3/avr5\libgcc.a(_sf_to_si.o)
 .data          0x0080006a        0x8 d:/embedded tools/02-avr tools/03-imt sdk/03- imt sdk/imt_sdk_win_64/winavr/bin/../lib/gcc/avr/4.3.3/avr5\libgcc.a(_thenan_sf.o)
                0x0080006a                __thenan_sf
 .data          0x00800072        0x0 d:/embedded tools/02-avr tools/03-imt sdk/03- imt sdk/imt_sdk_win_64/winavr/bin/../lib/gcc/avr/4.3.3/avr5\libgcc.a(_udivmodsi4.o)
 .data          0x00800072        0x0 d:/embedded tools/02-avr tools/03-imt sdk/03- imt sdk/imt_sdk_win_64/winavr/bin/../lib/gcc/avr/4.3.3/avr5\libgcc.a(_prologue.o)
 .data          0x00800072        0x0 d:/embedded tools/02-avr tools/03-imt sdk/03- imt sdk/imt_sdk_win_64/winavr/bin/../lib/gcc/avr/4.3.3/avr5\libgcc.a(_epilogue.o)
 .data          0x00800072      0x100 d:/embedded tools/02-avr tools/03-imt sdk/03- imt sdk/imt_sdk_win_64/winavr/bin/../lib/gcc/avr/4.3.3/avr5\libgcc.a(_clz.o)
                0x00800072                __clz_tab
 .data          0x00800172        0x0 d:/embedded tools/02-avr tools/03-imt sdk/03- imt sdk/imt_sdk_win_64/winavr/bin/../lib/gcc/avr/4.3.3/avr5\libgcc.a(_pack_sf.o)
 .data          0x00800172        0x0 d:/embedded tools/02-avr tools/03-imt sdk/03- imt sdk/imt_sdk_win_64/winavr/bin/../lib/gcc/avr/4.3.3/avr5\libgcc.a(_unpack_sf.o)
 .data          0x00800172        0x0 d:/embedded tools/02-avr tools/03-imt sdk/03- imt sdk/imt_sdk_win_64/winavr/bin/../lib/gcc/avr/4.3.3/avr5\libgcc.a(_fpcmp_parts_sf.o)
 *(.data*)
 .data.CLCD_u8ExtraChar
                0x00800172       0x40 ./CLCD_program.o
                0x00800172                CLCD_u8ExtraChar
 .data.LM35     0x008001b2        0x3 ./main.o
                0x008001b2                LM35
 *(.rodata)
 *(.rodata*)
 *(.gnu.linkonce.d*)
                0x008001b6                . = ALIGN (0x2)
 *fill*         0x008001b5        0x1 00
                0x008001b6                _edata = .
                0x008001b6                PROVIDE (__data_end, .)

.bss            0x008001b6        0xb
                0x008001b6                PROVIDE (__bss_start, .)
 *(.bss)
 .bss           0x008001b6        0x0 d:/embedded tools/02-avr tools/03-imt sdk/03- imt sdk/imt_sdk_win_64/winavr/bin/../lib/gcc/avr/4.3.3/../../../../avr/lib/avr5/crtm32.o
 .bss           0x008001b6        0x0 ./ADC_program.o
 .bss           0x008001b6        0x0 ./CLCD_program.o
 .bss           0x008001b6        0x0 ./DIO_program.o
 .bss           0x008001b6        0x0 ./LM35_program.o
 .bss           0x008001b6        0x0 ./main.o
 .bss           0x008001b6        0x0 d:/embedded tools/02-avr tools/03-imt sdk/03- imt sdk/imt_sdk_win_64/winavr/bin/../lib/gcc/avr/4.3.3/avr5\libgcc.a(_mulsi3.o)
 .bss           0x008001b6        0x0 d:/embedded tools/02-avr tools/03-imt sdk/03- imt sdk/imt_sdk_win_64/winavr/bin/../lib/gcc/avr/4.3.3/avr5\libgcc.a(_udivmodhi4.o)
 .bss           0x008001b6        0x0 d:/embedded tools/02-avr tools/03-imt sdk/03- imt sdk/imt_sdk_win_64/winavr/bin/../lib/gcc/avr/4.3.3/avr5\libgcc.a(_exit.o)
 .bss           0x008001b6        0x0 d:/embedded tools/02-avr tools/03-imt sdk/03- imt sdk/imt_sdk_win_64/winavr/bin/../lib/gcc/avr/4.3.3/avr5\libgcc.a(_copy_data.o)
 .bss           0x008001b6        0x0 d:/embedded tools/02-avr tools/03-imt sdk/03- imt sdk/imt_sdk_win_64/winavr/bin/../lib/gcc/avr/4.3.3/avr5\libgcc.a(_clear_bss.o)
 .bss           0x008001b6        0x0 d:/embedded tools/02-avr tools/03-imt sdk/03- imt sdk/imt_sdk_win_64/winavr/bin/../lib/gcc/avr/4.3.3/avr5\libgcc.a(_ashldi3.o)
 .bss           0x008001b6        0x0 d:/embedded tools/02-avr tools/03-imt sdk/03- imt sdk/imt_sdk_win_64/winavr/bin/../lib/gcc/avr/4.3.3/avr5\libgcc.a(_fixunssfsi.o)
 .bss           0x008001b6        0x0 d:/embedded tools/02-avr tools/03-imt sdk/03- imt sdk/imt_sdk_win_64/winavr/bin/../lib/gcc/avr/4.3.3/avr5\libgcc.a(_udivdi3.o)
 .bss           0x008001b6        0x0 d:/embedded tools/02-avr tools/03-imt sdk/03- imt sdk/imt_sdk_win_64/winavr/bin/../lib/gcc/avr/4.3.3/avr5\libgcc.a(_umoddi3.o)
 .bss           0x008001b6        0x0 d:/embedded tools/02-avr tools/03-imt sdk/03- imt sdk/imt_sdk_win_64/winavr/bin/../lib/gcc/avr/4.3.3/avr5\libgcc.a(_addsub_sf.o)
 .bss           0x008001b6        0x0 d:/embedded tools/02-avr tools/03-imt sdk/03- imt sdk/imt_sdk_win_64/winavr/bin/../lib/gcc/avr/4.3.3/avr5\libgcc.a(_mul_sf.o)
 .bss           0x008001b6        0x0 d:/embedded tools/02-avr tools/03-imt sdk/03- imt sdk/imt_sdk_win_64/winavr/bin/../lib/gcc/avr/4.3.3/avr5\libgcc.a(_gt_sf.o)
 .bss           0x008001b6        0x0 d:/embedded tools/02-avr tools/03-imt sdk/03- imt sdk/imt_sdk_win_64/winavr/bin/../lib/gcc/avr/4.3.3/avr5\libgcc.a(_ge_sf.o)
 .bss           0x008001b6        0x0 d:/embedded tools/02-avr tools/03-imt sdk/03- imt sdk/imt_sdk_win_64/winavr/bin/../lib/gcc/avr/4.3.3/avr5\libgcc.a(_lt_sf.o)
 .bss           0x008001b6        0x0 d:/embedded tools/02-avr tools/03-imt sdk/03- imt sdk/imt_sdk_win_64/winavr/bin/../lib/gcc/avr/4.3.3/avr5\libgcc.a(_sf_to_si.o)
 .bss           0x008001b6        0x0 d:/embedded tools/02-avr tools/03-imt sdk/03- imt sdk/imt_sdk_win_64/winavr/bin/../lib/gcc/avr/4.3.3/avr5\libgcc.a(_thenan_sf.o)
 .bss           0x008001b6        0x0 d:/embedded tools/02-avr tools/03-imt sdk/03- imt sdk/imt_sdk_win_64/winavr/bin/../lib/gcc/avr/4.3.3/avr5\libgcc.a(_udivmodsi4.o)
 .bss           0x008001b6        0x0 d:/embedded tools/02-avr tools/03-imt sdk/03- imt sdk/imt_sdk_win_64/winavr/bin/../lib/gcc/avr/4.3.3/avr5\libgcc.a(_prologue.o)
 .bss           0x008001b6        0x0 d:/embedded tools/02-avr tools/03-imt sdk/03- imt sdk/imt_sdk_win_64/winavr/bin/../lib/gcc/avr/4.3.3/avr5\libgcc.a(_epilogue.o)
 .bss           0x008001b6        0x0 d:/embedded tools/02-avr tools/03-imt sdk/03- imt sdk/imt_sdk_win_64/winavr/bin/../lib/gcc/avr/4.3.3/avr5\libgcc.a(_clz.o)
 .bss           0x008001b6        0x0 d:/embedded tools/02-avr tools/03-imt sdk/03- imt sdk/imt_sdk_win_64/winavr/bin/../lib/gcc/avr/4.3.3/avr5\libgcc.a(_pack_sf.o)
 .bss           0x008001b6        0x0 d:/embedded tools/02-avr tools/03-imt sdk/03- imt sdk/imt_sdk_win_64/winavr/bin/../lib/gcc/avr/4.3.3/avr5\libgcc.a(_unpack_sf.o)
 .bss           0x008001b6        0x0 d:/embedded tools/02-avr tools/03-imt sdk/03- imt sdk/imt_sdk_win_64/winavr/bin/../lib/gcc/avr/4.3.3/avr5\libgcc.a(_fpcmp_parts_sf.o)
 *(.bss*)
 .bss.ADC_pu16AsynchConversionResult
                0x008001b6        0x2 ./ADC_program.o
 .bss.ADC_pvNotificationFunc
                0x008001b8        0x2 ./ADC_program.o
 .bss.ADC_u8State
                0x008001ba        0x1 ./ADC_program.o
 .bss.ADC_u8ISRState
                0x008001bb        0x1 ./ADC_program.o
 .bss.ADC_pu8ChainChannel
                0x008001bc        0x2 ./ADC_program.o
 .bss.ADC_u8ChainSize
                0x008001be        0x1 ./ADC_program.o
 .bss.ADC_u8Index
                0x008001bf        0x1 ./ADC_program.o
 .bss.Temp_Val  0x008001c0        0x1 ./main.o
                0x008001c0                Temp_Val
 *(COMMON)
                0x008001c1                PROVIDE (__bss_end, .)
                0x0000511e                __data_load_start = LOADADDR (.data)
                0x00005274                __data_load_end = (__data_load_start + SIZEOF (.data))

.noinit         0x008001c1        0x0
                0x008001c1                PROVIDE (__noinit_start, .)
 *(.noinit*)
                0x008001c1                PROVIDE (__noinit_end, .)
                0x008001c1                _end = .
                0x008001c1                PROVIDE (__heap_start, .)

.eeprom         0x00810000        0x0
 *(.eeprom*)
                0x00810000                __eeprom_end = .

.fuse
 *(.fuse)
 *(.lfuse)
 *(.hfuse)
 *(.efuse)

.lock
 *(.lock*)

.signature
 *(.signature*)

.stab           0x00000000     0x270c
 *(.stab)
 .stab          0x00000000      0x810 ./ADC_program.o
 .stab          0x00000810      0xf60 ./CLCD_program.o
                               0x1008 (size before relaxing)
 .stab          0x00001770      0xbf4 ./DIO_program.o
                                0xcc0 (size before relaxing)
 .stab          0x00002364      0x210 ./LM35_program.o
                                0x2f4 (size before relaxing)
 .stab          0x00002574      0x198 ./main.o
                                0x294 (size before relaxing)

.stabstr        0x00000000     0x10d6
 *(.stabstr)
 .stabstr       0x00000000     0x10d6 ./ADC_program.o

.stab.excl
 *(.stab.excl)

.stab.exclstr
 *(.stab.exclstr)

.stab.index
 *(.stab.index)

.stab.indexstr
 *(.stab.indexstr)

.comment
 *(.comment)

.debug
 *(.debug)

.line
 *(.line)

.debug_srcinfo
 *(.debug_srcinfo)

.debug_sfnames
 *(.debug_sfnames)

.debug_aranges  0x00000000      0x1a0
 *(.debug_aranges)
 .debug_aranges
                0x00000000       0x20 d:/embedded tools/02-avr tools/03-imt sdk/03- imt sdk/imt_sdk_win_64/winavr/bin/../lib/gcc/avr/4.3.3/avr5\libgcc.a(_ashldi3.o)
 .debug_aranges
                0x00000020       0x20 d:/embedded tools/02-avr tools/03-imt sdk/03- imt sdk/imt_sdk_win_64/winavr/bin/../lib/gcc/avr/4.3.3/avr5\libgcc.a(_fixunssfsi.o)
 .debug_aranges
                0x00000040       0x20 d:/embedded tools/02-avr tools/03-imt sdk/03- imt sdk/imt_sdk_win_64/winavr/bin/../lib/gcc/avr/4.3.3/avr5\libgcc.a(_udivdi3.o)
 .debug_aranges
                0x00000060       0x20 d:/embedded tools/02-avr tools/03-imt sdk/03- imt sdk/imt_sdk_win_64/winavr/bin/../lib/gcc/avr/4.3.3/avr5\libgcc.a(_umoddi3.o)
 .debug_aranges
                0x00000080       0x20 d:/embedded tools/02-avr tools/03-imt sdk/03- imt sdk/imt_sdk_win_64/winavr/bin/../lib/gcc/avr/4.3.3/avr5\libgcc.a(_addsub_sf.o)
 .debug_aranges
                0x000000a0       0x20 d:/embedded tools/02-avr tools/03-imt sdk/03- imt sdk/imt_sdk_win_64/winavr/bin/../lib/gcc/avr/4.3.3/avr5\libgcc.a(_mul_sf.o)
 .debug_aranges
                0x000000c0       0x20 d:/embedded tools/02-avr tools/03-imt sdk/03- imt sdk/imt_sdk_win_64/winavr/bin/../lib/gcc/avr/4.3.3/avr5\libgcc.a(_gt_sf.o)
 .debug_aranges
                0x000000e0       0x20 d:/embedded tools/02-avr tools/03-imt sdk/03- imt sdk/imt_sdk_win_64/winavr/bin/../lib/gcc/avr/4.3.3/avr5\libgcc.a(_ge_sf.o)
 .debug_aranges
                0x00000100       0x20 d:/embedded tools/02-avr tools/03-imt sdk/03- imt sdk/imt_sdk_win_64/winavr/bin/../lib/gcc/avr/4.3.3/avr5\libgcc.a(_lt_sf.o)
 .debug_aranges
                0x00000120       0x20 d:/embedded tools/02-avr tools/03-imt sdk/03- imt sdk/imt_sdk_win_64/winavr/bin/../lib/gcc/avr/4.3.3/avr5\libgcc.a(_sf_to_si.o)
 .debug_aranges
                0x00000140       0x20 d:/embedded tools/02-avr tools/03-imt sdk/03- imt sdk/imt_sdk_win_64/winavr/bin/../lib/gcc/avr/4.3.3/avr5\libgcc.a(_pack_sf.o)
 .debug_aranges
                0x00000160       0x20 d:/embedded tools/02-avr tools/03-imt sdk/03- imt sdk/imt_sdk_win_64/winavr/bin/../lib/gcc/avr/4.3.3/avr5\libgcc.a(_unpack_sf.o)
 .debug_aranges
                0x00000180       0x20 d:/embedded tools/02-avr tools/03-imt sdk/03- imt sdk/imt_sdk_win_64/winavr/bin/../lib/gcc/avr/4.3.3/avr5\libgcc.a(_fpcmp_parts_sf.o)

.debug_pubnames
                0x00000000      0x1f0
 *(.debug_pubnames)
 .debug_pubnames
                0x00000000       0x20 d:/embedded tools/02-avr tools/03-imt sdk/03- imt sdk/imt_sdk_win_64/winavr/bin/../lib/gcc/avr/4.3.3/avr5\libgcc.a(_ashldi3.o)
 .debug_pubnames
                0x00000020       0x23 d:/embedded tools/02-avr tools/03-imt sdk/03- imt sdk/imt_sdk_win_64/winavr/bin/../lib/gcc/avr/4.3.3/avr5\libgcc.a(_fixunssfsi.o)
 .debug_pubnames
                0x00000043       0x20 d:/embedded tools/02-avr tools/03-imt sdk/03- imt sdk/imt_sdk_win_64/winavr/bin/../lib/gcc/avr/4.3.3/avr5\libgcc.a(_udivdi3.o)
 .debug_pubnames
                0x00000063       0x20 d:/embedded tools/02-avr tools/03-imt sdk/03- imt sdk/imt_sdk_win_64/winavr/bin/../lib/gcc/avr/4.3.3/avr5\libgcc.a(_umoddi3.o)
 .debug_pubnames
                0x00000083       0x2c d:/embedded tools/02-avr tools/03-imt sdk/03- imt sdk/imt_sdk_win_64/winavr/bin/../lib/gcc/avr/4.3.3/avr5\libgcc.a(_addsub_sf.o)
 .debug_pubnames
                0x000000af       0x1f d:/embedded tools/02-avr tools/03-imt sdk/03- imt sdk/imt_sdk_win_64/winavr/bin/../lib/gcc/avr/4.3.3/avr5\libgcc.a(_mul_sf.o)
 .debug_pubnames
                0x000000ce       0x1e d:/embedded tools/02-avr tools/03-imt sdk/03- imt sdk/imt_sdk_win_64/winavr/bin/../lib/gcc/avr/4.3.3/avr5\libgcc.a(_gt_sf.o)
 .debug_pubnames
                0x000000ec       0x1e d:/embedded tools/02-avr tools/03-imt sdk/03- imt sdk/imt_sdk_win_64/winavr/bin/../lib/gcc/avr/4.3.3/avr5\libgcc.a(_ge_sf.o)
 .debug_pubnames
                0x0000010a       0x1e d:/embedded tools/02-avr tools/03-imt sdk/03- imt sdk/imt_sdk_win_64/winavr/bin/../lib/gcc/avr/4.3.3/avr5\libgcc.a(_lt_sf.o)
 .debug_pubnames
                0x00000128       0x20 d:/embedded tools/02-avr tools/03-imt sdk/03- imt sdk/imt_sdk_win_64/winavr/bin/../lib/gcc/avr/4.3.3/avr5\libgcc.a(_sf_to_si.o)
 .debug_pubnames
                0x00000148       0x22 d:/embedded tools/02-avr tools/03-imt sdk/03- imt sdk/imt_sdk_win_64/winavr/bin/../lib/gcc/avr/4.3.3/avr5\libgcc.a(_thenan_sf.o)
 .debug_pubnames
                0x0000016a       0x20 d:/embedded tools/02-avr tools/03-imt sdk/03- imt sdk/imt_sdk_win_64/winavr/bin/../lib/gcc/avr/4.3.3/avr5\libgcc.a(_clz.o)
 .debug_pubnames
                0x0000018a       0x1f d:/embedded tools/02-avr tools/03-imt sdk/03- imt sdk/imt_sdk_win_64/winavr/bin/../lib/gcc/avr/4.3.3/avr5\libgcc.a(_pack_sf.o)
 .debug_pubnames
                0x000001a9       0x21 d:/embedded tools/02-avr tools/03-imt sdk/03- imt sdk/imt_sdk_win_64/winavr/bin/../lib/gcc/avr/4.3.3/avr5\libgcc.a(_unpack_sf.o)
 .debug_pubnames
                0x000001ca       0x26 d:/embedded tools/02-avr tools/03-imt sdk/03- imt sdk/imt_sdk_win_64/winavr/bin/../lib/gcc/avr/4.3.3/avr5\libgcc.a(_fpcmp_parts_sf.o)

.debug_info     0x00000000     0x2ce6
 *(.debug_info)
 .debug_info    0x00000000      0x17f d:/embedded tools/02-avr tools/03-imt sdk/03- imt sdk/imt_sdk_win_64/winavr/bin/../lib/gcc/avr/4.3.3/avr5\libgcc.a(_ashldi3.o)
 .debug_info    0x0000017f       0xb1 d:/embedded tools/02-avr tools/03-imt sdk/03- imt sdk/imt_sdk_win_64/winavr/bin/../lib/gcc/avr/4.3.3/avr5\libgcc.a(_fixunssfsi.o)
 .debug_info    0x00000230      0x71e d:/embedded tools/02-avr tools/03-imt sdk/03- imt sdk/imt_sdk_win_64/winavr/bin/../lib/gcc/avr/4.3.3/avr5\libgcc.a(_udivdi3.o)
 .debug_info    0x0000094e      0x757 d:/embedded tools/02-avr tools/03-imt sdk/03- imt sdk/imt_sdk_win_64/winavr/bin/../lib/gcc/avr/4.3.3/avr5\libgcc.a(_umoddi3.o)
 .debug_info    0x000010a5      0x47a d:/embedded tools/02-avr tools/03-imt sdk/03- imt sdk/imt_sdk_win_64/winavr/bin/../lib/gcc/avr/4.3.3/avr5\libgcc.a(_addsub_sf.o)
 .debug_info    0x0000151f      0x485 d:/embedded tools/02-avr tools/03-imt sdk/03- imt sdk/imt_sdk_win_64/winavr/bin/../lib/gcc/avr/4.3.3/avr5\libgcc.a(_mul_sf.o)
 .debug_info    0x000019a4      0x27f d:/embedded tools/02-avr tools/03-imt sdk/03- imt sdk/imt_sdk_win_64/winavr/bin/../lib/gcc/avr/4.3.3/avr5\libgcc.a(_gt_sf.o)
 .debug_info    0x00001c23      0x27f d:/embedded tools/02-avr tools/03-imt sdk/03- imt sdk/imt_sdk_win_64/winavr/bin/../lib/gcc/avr/4.3.3/avr5\libgcc.a(_ge_sf.o)
 .debug_info    0x00001ea2      0x27f d:/embedded tools/02-avr tools/03-imt sdk/03- imt sdk/imt_sdk_win_64/winavr/bin/../lib/gcc/avr/4.3.3/avr5\libgcc.a(_lt_sf.o)
 .debug_info    0x00002121      0x2b0 d:/embedded tools/02-avr tools/03-imt sdk/03- imt sdk/imt_sdk_win_64/winavr/bin/../lib/gcc/avr/4.3.3/avr5\libgcc.a(_sf_to_si.o)
 .debug_info    0x000023d1      0x12c d:/embedded tools/02-avr tools/03-imt sdk/03- imt sdk/imt_sdk_win_64/winavr/bin/../lib/gcc/avr/4.3.3/avr5\libgcc.a(_thenan_sf.o)
 .debug_info    0x000024fd       0xa9 d:/embedded tools/02-avr tools/03-imt sdk/03- imt sdk/imt_sdk_win_64/winavr/bin/../lib/gcc/avr/4.3.3/avr5\libgcc.a(_clz.o)
 .debug_info    0x000025a6      0x2df d:/embedded tools/02-avr tools/03-imt sdk/03- imt sdk/imt_sdk_win_64/winavr/bin/../lib/gcc/avr/4.3.3/avr5\libgcc.a(_pack_sf.o)
 .debug_info    0x00002885      0x251 d:/embedded tools/02-avr tools/03-imt sdk/03- imt sdk/imt_sdk_win_64/winavr/bin/../lib/gcc/avr/4.3.3/avr5\libgcc.a(_unpack_sf.o)
 .debug_info    0x00002ad6      0x210 d:/embedded tools/02-avr tools/03-imt sdk/03- imt sdk/imt_sdk_win_64/winavr/bin/../lib/gcc/avr/4.3.3/avr5\libgcc.a(_fpcmp_parts_sf.o)
 *(.gnu.linkonce.wi.*)

.debug_abbrev   0x00000000     0x1354
 *(.debug_abbrev)
 .debug_abbrev  0x00000000       0xee d:/embedded tools/02-avr tools/03-imt sdk/03- imt sdk/imt_sdk_win_64/winavr/bin/../lib/gcc/avr/4.3.3/avr5\libgcc.a(_ashldi3.o)
 .debug_abbrev  0x000000ee       0x5d d:/embedded tools/02-avr tools/03-imt sdk/03- imt sdk/imt_sdk_win_64/winavr/bin/../lib/gcc/avr/4.3.3/avr5\libgcc.a(_fixunssfsi.o)
 .debug_abbrev  0x0000014b      0x181 d:/embedded tools/02-avr tools/03-imt sdk/03- imt sdk/imt_sdk_win_64/winavr/bin/../lib/gcc/avr/4.3.3/avr5\libgcc.a(_udivdi3.o)
 .debug_abbrev  0x000002cc      0x190 d:/embedded tools/02-avr tools/03-imt sdk/03- imt sdk/imt_sdk_win_64/winavr/bin/../lib/gcc/avr/4.3.3/avr5\libgcc.a(_umoddi3.o)
 .debug_abbrev  0x0000045c      0x1ea d:/embedded tools/02-avr tools/03-imt sdk/03- imt sdk/imt_sdk_win_64/winavr/bin/../lib/gcc/avr/4.3.3/avr5\libgcc.a(_addsub_sf.o)
 .debug_abbrev  0x00000646      0x21b d:/embedded tools/02-avr tools/03-imt sdk/03- imt sdk/imt_sdk_win_64/winavr/bin/../lib/gcc/avr/4.3.3/avr5\libgcc.a(_mul_sf.o)
 .debug_abbrev  0x00000861      0x15a d:/embedded tools/02-avr tools/03-imt sdk/03- imt sdk/imt_sdk_win_64/winavr/bin/../lib/gcc/avr/4.3.3/avr5\libgcc.a(_gt_sf.o)
 .debug_abbrev  0x000009bb      0x15a d:/embedded tools/02-avr tools/03-imt sdk/03- imt sdk/imt_sdk_win_64/winavr/bin/../lib/gcc/avr/4.3.3/avr5\libgcc.a(_ge_sf.o)
 .debug_abbrev  0x00000b15      0x15a d:/embedded tools/02-avr tools/03-imt sdk/03- imt sdk/imt_sdk_win_64/winavr/bin/../lib/gcc/avr/4.3.3/avr5\libgcc.a(_lt_sf.o)
 .debug_abbrev  0x00000c6f      0x17f d:/embedded tools/02-avr tools/03-imt sdk/03- imt sdk/imt_sdk_win_64/winavr/bin/../lib/gcc/avr/4.3.3/avr5\libgcc.a(_sf_to_si.o)
 .debug_abbrev  0x00000dee       0xad d:/embedded tools/02-avr tools/03-imt sdk/03- imt sdk/imt_sdk_win_64/winavr/bin/../lib/gcc/avr/4.3.3/avr5\libgcc.a(_thenan_sf.o)
 .debug_abbrev  0x00000e9b       0x6a d:/embedded tools/02-avr tools/03-imt sdk/03- imt sdk/imt_sdk_win_64/winavr/bin/../lib/gcc/avr/4.3.3/avr5\libgcc.a(_clz.o)
 .debug_abbrev  0x00000f05      0x1c0 d:/embedded tools/02-avr tools/03-imt sdk/03- imt sdk/imt_sdk_win_64/winavr/bin/../lib/gcc/avr/4.3.3/avr5\libgcc.a(_pack_sf.o)
 .debug_abbrev  0x000010c5      0x154 d:/embedded tools/02-avr tools/03-imt sdk/03- imt sdk/imt_sdk_win_64/winavr/bin/../lib/gcc/avr/4.3.3/avr5\libgcc.a(_unpack_sf.o)
 .debug_abbrev  0x00001219      0x13b d:/embedded tools/02-avr tools/03-imt sdk/03- imt sdk/imt_sdk_win_64/winavr/bin/../lib/gcc/avr/4.3.3/avr5\libgcc.a(_fpcmp_parts_sf.o)

.debug_line     0x00000000     0x1308
 *(.debug_line)
 .debug_line    0x00000000       0xd7 d:/embedded tools/02-avr tools/03-imt sdk/03- imt sdk/imt_sdk_win_64/winavr/bin/../lib/gcc/avr/4.3.3/avr5\libgcc.a(_ashldi3.o)
 .debug_line    0x000000d7       0xa7 d:/embedded tools/02-avr tools/03-imt sdk/03- imt sdk/imt_sdk_win_64/winavr/bin/../lib/gcc/avr/4.3.3/avr5\libgcc.a(_fixunssfsi.o)
 .debug_line    0x0000017e      0x1d8 d:/embedded tools/02-avr tools/03-imt sdk/03- imt sdk/imt_sdk_win_64/winavr/bin/../lib/gcc/avr/4.3.3/avr5\libgcc.a(_udivdi3.o)
 .debug_line    0x00000356      0x230 d:/embedded tools/02-avr tools/03-imt sdk/03- imt sdk/imt_sdk_win_64/winavr/bin/../lib/gcc/avr/4.3.3/avr5\libgcc.a(_umoddi3.o)
 .debug_line    0x00000586      0x2af d:/embedded tools/02-avr tools/03-imt sdk/03- imt sdk/imt_sdk_win_64/winavr/bin/../lib/gcc/avr/4.3.3/avr5\libgcc.a(_addsub_sf.o)
 .debug_line    0x00000835      0x239 d:/embedded tools/02-avr tools/03-imt sdk/03- imt sdk/imt_sdk_win_64/winavr/bin/../lib/gcc/avr/4.3.3/avr5\libgcc.a(_mul_sf.o)
 .debug_line    0x00000a6e       0xd3 d:/embedded tools/02-avr tools/03-imt sdk/03- imt sdk/imt_sdk_win_64/winavr/bin/../lib/gcc/avr/4.3.3/avr5\libgcc.a(_gt_sf.o)
 .debug_line    0x00000b41       0xd3 d:/embedded tools/02-avr tools/03-imt sdk/03- imt sdk/imt_sdk_win_64/winavr/bin/../lib/gcc/avr/4.3.3/avr5\libgcc.a(_ge_sf.o)
 .debug_line    0x00000c14       0xd3 d:/embedded tools/02-avr tools/03-imt sdk/03- imt sdk/imt_sdk_win_64/winavr/bin/../lib/gcc/avr/4.3.3/avr5\libgcc.a(_lt_sf.o)
 .debug_line    0x00000ce7      0x109 d:/embedded tools/02-avr tools/03-imt sdk/03- imt sdk/imt_sdk_win_64/winavr/bin/../lib/gcc/avr/4.3.3/avr5\libgcc.a(_sf_to_si.o)
 .debug_line    0x00000df0       0x90 d:/embedded tools/02-avr tools/03-imt sdk/03- imt sdk/imt_sdk_win_64/winavr/bin/../lib/gcc/avr/4.3.3/avr5\libgcc.a(_thenan_sf.o)
 .debug_line    0x00000e80       0x7c d:/embedded tools/02-avr tools/03-imt sdk/03- imt sdk/imt_sdk_win_64/winavr/bin/../lib/gcc/avr/4.3.3/avr5\libgcc.a(_clz.o)
 .debug_line    0x00000efc      0x18a d:/embedded tools/02-avr tools/03-imt sdk/03- imt sdk/imt_sdk_win_64/winavr/bin/../lib/gcc/avr/4.3.3/avr5\libgcc.a(_pack_sf.o)
 .debug_line    0x00001086      0x14b d:/embedded tools/02-avr tools/03-imt sdk/03- imt sdk/imt_sdk_win_64/winavr/bin/../lib/gcc/avr/4.3.3/avr5\libgcc.a(_unpack_sf.o)
 .debug_line    0x000011d1      0x137 d:/embedded tools/02-avr tools/03-imt sdk/03- imt sdk/imt_sdk_win_64/winavr/bin/../lib/gcc/avr/4.3.3/avr5\libgcc.a(_fpcmp_parts_sf.o)

.debug_frame    0x00000000      0x1c0
 *(.debug_frame)
 .debug_frame   0x00000000       0x20 d:/embedded tools/02-avr tools/03-imt sdk/03- imt sdk/imt_sdk_win_64/winavr/bin/../lib/gcc/avr/4.3.3/avr5\libgcc.a(_ashldi3.o)
 .debug_frame   0x00000020       0x20 d:/embedded tools/02-avr tools/03-imt sdk/03- imt sdk/imt_sdk_win_64/winavr/bin/../lib/gcc/avr/4.3.3/avr5\libgcc.a(_fixunssfsi.o)
 .debug_frame   0x00000040       0x20 d:/embedded tools/02-avr tools/03-imt sdk/03- imt sdk/imt_sdk_win_64/winavr/bin/../lib/gcc/avr/4.3.3/avr5\libgcc.a(_udivdi3.o)
 .debug_frame   0x00000060       0x20 d:/embedded tools/02-avr tools/03-imt sdk/03- imt sdk/imt_sdk_win_64/winavr/bin/../lib/gcc/avr/4.3.3/avr5\libgcc.a(_umoddi3.o)
 .debug_frame   0x00000080       0x40 d:/embedded tools/02-avr tools/03-imt sdk/03- imt sdk/imt_sdk_win_64/winavr/bin/../lib/gcc/avr/4.3.3/avr5\libgcc.a(_addsub_sf.o)
 .debug_frame   0x000000c0       0x20 d:/embedded tools/02-avr tools/03-imt sdk/03- imt sdk/imt_sdk_win_64/winavr/bin/../lib/gcc/avr/4.3.3/avr5\libgcc.a(_mul_sf.o)
 .debug_frame   0x000000e0       0x20 d:/embedded tools/02-avr tools/03-imt sdk/03- imt sdk/imt_sdk_win_64/winavr/bin/../lib/gcc/avr/4.3.3/avr5\libgcc.a(_gt_sf.o)
 .debug_frame   0x00000100       0x20 d:/embedded tools/02-avr tools/03-imt sdk/03- imt sdk/imt_sdk_win_64/winavr/bin/../lib/gcc/avr/4.3.3/avr5\libgcc.a(_ge_sf.o)
 .debug_frame   0x00000120       0x20 d:/embedded tools/02-avr tools/03-imt sdk/03- imt sdk/imt_sdk_win_64/winavr/bin/../lib/gcc/avr/4.3.3/avr5\libgcc.a(_lt_sf.o)
 .debug_frame   0x00000140       0x20 d:/embedded tools/02-avr tools/03-imt sdk/03- imt sdk/imt_sdk_win_64/winavr/bin/../lib/gcc/avr/4.3.3/avr5\libgcc.a(_sf_to_si.o)
 .debug_frame   0x00000160       0x20 d:/embedded tools/02-avr tools/03-imt sdk/03- imt sdk/imt_sdk_win_64/winavr/bin/../lib/gcc/avr/4.3.3/avr5\libgcc.a(_pack_sf.o)
 .debug_frame   0x00000180       0x20 d:/embedded tools/02-avr tools/03-imt sdk/03- imt sdk/imt_sdk_win_64/winavr/bin/../lib/gcc/avr/4.3.3/avr5\libgcc.a(_unpack_sf.o)
 .debug_frame   0x000001a0       0x20 d:/embedded tools/02-avr tools/03-imt sdk/03- imt sdk/imt_sdk_win_64/winavr/bin/../lib/gcc/avr/4.3.3/avr5\libgcc.a(_fpcmp_parts_sf.o)

.debug_str      0x00000000      0x340
 *(.debug_str)
 .debug_str     0x00000000       0xdf d:/embedded tools/02-avr tools/03-imt sdk/03- imt sdk/imt_sdk_win_64/winavr/bin/../lib/gcc/avr/4.3.3/avr5\libgcc.a(_ashldi3.o)
                                0x131 (size before relaxing)
 .debug_str     0x000000df       0x14 d:/embedded tools/02-avr tools/03-imt sdk/03- imt sdk/imt_sdk_win_64/winavr/bin/../lib/gcc/avr/4.3.3/avr5\libgcc.a(_fixunssfsi.o)
                                 0xfe (size before relaxing)
 .debug_str     0x000000f3       0x7c d:/embedded tools/02-avr tools/03-imt sdk/03- imt sdk/imt_sdk_win_64/winavr/bin/../lib/gcc/avr/4.3.3/avr5\libgcc.a(_udivdi3.o)
                                0x18a (size before relaxing)
 .debug_str     0x0000016f        0xa d:/embedded tools/02-avr tools/03-imt sdk/03- imt sdk/imt_sdk_win_64/winavr/bin/../lib/gcc/avr/4.3.3/avr5\libgcc.a(_umoddi3.o)
                                0x18a (size before relaxing)
 .debug_str     0x00000179      0x14d d:/embedded tools/02-avr tools/03-imt sdk/03- imt sdk/imt_sdk_win_64/winavr/bin/../lib/gcc/avr/4.3.3/avr5\libgcc.a(_addsub_sf.o)
                                0x206 (size before relaxing)
 .debug_str     0x000002c6       0x27 d:/embedded tools/02-avr tools/03-imt sdk/03- imt sdk/imt_sdk_win_64/winavr/bin/../lib/gcc/avr/4.3.3/avr5\libgcc.a(_mul_sf.o)
                                0x1bf (size before relaxing)
 .debug_str     0x000002ed        0x8 d:/embedded tools/02-avr tools/03-imt sdk/03- imt sdk/imt_sdk_win_64/winavr/bin/../lib/gcc/avr/4.3.3/avr5\libgcc.a(_gt_sf.o)
                                0x195 (size before relaxing)
 .debug_str     0x000002f5        0x8 d:/embedded tools/02-avr tools/03-imt sdk/03- imt sdk/imt_sdk_win_64/winavr/bin/../lib/gcc/avr/4.3.3/avr5\libgcc.a(_ge_sf.o)
                                0x195 (size before relaxing)
 .debug_str     0x000002fd        0x8 d:/embedded tools/02-avr tools/03-imt sdk/03- imt sdk/imt_sdk_win_64/winavr/bin/../lib/gcc/avr/4.3.3/avr5\libgcc.a(_lt_sf.o)
                                0x195 (size before relaxing)
 .debug_str     0x00000305        0xa d:/embedded tools/02-avr tools/03-imt sdk/03- imt sdk/imt_sdk_win_64/winavr/bin/../lib/gcc/avr/4.3.3/avr5\libgcc.a(_sf_to_si.o)
                                0x19e (size before relaxing)
 .debug_str     0x00000000      0x103 d:/embedded tools/02-avr tools/03-imt sdk/03- imt sdk/imt_sdk_win_64/winavr/bin/../lib/gcc/avr/4.3.3/avr5\libgcc.a(_thenan_sf.o)
 .debug_str     0x00000000       0xf4 d:/embedded tools/02-avr tools/03-imt sdk/03- imt sdk/imt_sdk_win_64/winavr/bin/../lib/gcc/avr/4.3.3/avr5\libgcc.a(_clz.o)
 .debug_str     0x0000030f       0x16 d:/embedded tools/02-avr tools/03-imt sdk/03- imt sdk/imt_sdk_win_64/winavr/bin/../lib/gcc/avr/4.3.3/avr5\libgcc.a(_pack_sf.o)
                                0x19d (size before relaxing)
 .debug_str     0x00000325        0xb d:/embedded tools/02-avr tools/03-imt sdk/03- imt sdk/imt_sdk_win_64/winavr/bin/../lib/gcc/avr/4.3.3/avr5\libgcc.a(_unpack_sf.o)
                                0x17f (size before relaxing)
 .debug_str     0x00000330       0x10 d:/embedded tools/02-avr tools/03-imt sdk/03- imt sdk/imt_sdk_win_64/winavr/bin/../lib/gcc/avr/4.3.3/avr5\libgcc.a(_fpcmp_parts_sf.o)
                                0x163 (size before relaxing)

.debug_loc      0x00000000     0x21ec
 *(.debug_loc)
 .debug_loc     0x00000000       0xf8 d:/embedded tools/02-avr tools/03-imt sdk/03- imt sdk/imt_sdk_win_64/winavr/bin/../lib/gcc/avr/4.3.3/avr5\libgcc.a(_ashldi3.o)
 .debug_loc     0x000000f8       0x34 d:/embedded tools/02-avr tools/03-imt sdk/03- imt sdk/imt_sdk_win_64/winavr/bin/../lib/gcc/avr/4.3.3/avr5\libgcc.a(_fixunssfsi.o)
 .debug_loc     0x0000012c      0xe74 d:/embedded tools/02-avr tools/03-imt sdk/03- imt sdk/imt_sdk_win_64/winavr/bin/../lib/gcc/avr/4.3.3/avr5\libgcc.a(_udivdi3.o)
 .debug_loc     0x00000fa0      0xab2 d:/embedded tools/02-avr tools/03-imt sdk/03- imt sdk/imt_sdk_win_64/winavr/bin/../lib/gcc/avr/4.3.3/avr5\libgcc.a(_umoddi3.o)
 .debug_loc     0x00001a52      0x32a d:/embedded tools/02-avr tools/03-imt sdk/03- imt sdk/imt_sdk_win_64/winavr/bin/../lib/gcc/avr/4.3.3/avr5\libgcc.a(_addsub_sf.o)
 .debug_loc     0x00001d7c      0x104 d:/embedded tools/02-avr tools/03-imt sdk/03- imt sdk/imt_sdk_win_64/winavr/bin/../lib/gcc/avr/4.3.3/avr5\libgcc.a(_mul_sf.o)
 .debug_loc     0x00001e80       0x3c d:/embedded tools/02-avr tools/03-imt sdk/03- imt sdk/imt_sdk_win_64/winavr/bin/../lib/gcc/avr/4.3.3/avr5\libgcc.a(_gt_sf.o)
 .debug_loc     0x00001ebc       0x3c d:/embedded tools/02-avr tools/03-imt sdk/03- imt sdk/imt_sdk_win_64/winavr/bin/../lib/gcc/avr/4.3.3/avr5\libgcc.a(_ge_sf.o)
 .debug_loc     0x00001ef8       0x3c d:/embedded tools/02-avr tools/03-imt sdk/03- imt sdk/imt_sdk_win_64/winavr/bin/../lib/gcc/avr/4.3.3/avr5\libgcc.a(_lt_sf.o)
 .debug_loc     0x00001f34       0x7e d:/embedded tools/02-avr tools/03-imt sdk/03- imt sdk/imt_sdk_win_64/winavr/bin/../lib/gcc/avr/4.3.3/avr5\libgcc.a(_sf_to_si.o)
 .debug_loc     0x00001fb2      0x13e d:/embedded tools/02-avr tools/03-imt sdk/03- imt sdk/imt_sdk_win_64/winavr/bin/../lib/gcc/avr/4.3.3/avr5\libgcc.a(_pack_sf.o)
 .debug_loc     0x000020f0       0xac d:/embedded tools/02-avr tools/03-imt sdk/03- imt sdk/imt_sdk_win_64/winavr/bin/../lib/gcc/avr/4.3.3/avr5\libgcc.a(_unpack_sf.o)
 .debug_loc     0x0000219c       0x50 d:/embedded tools/02-avr tools/03-imt sdk/03- imt sdk/imt_sdk_win_64/winavr/bin/../lib/gcc/avr/4.3.3/avr5\libgcc.a(_fpcmp_parts_sf.o)

.debug_macinfo
 *(.debug_macinfo)
OUTPUT(ADC_Temperature_Sensor.elf elf32-avr)
LOAD linker stubs

.debug_ranges   0x00000000       0x80
 .debug_ranges  0x00000000       0x18 d:/embedded tools/02-avr tools/03-imt sdk/03- imt sdk/imt_sdk_win_64/winavr/bin/../lib/gcc/avr/4.3.3/avr5\libgcc.a(_udivdi3.o)
 .debug_ranges  0x00000018       0x18 d:/embedded tools/02-avr tools/03-imt sdk/03- imt sdk/imt_sdk_win_64/winavr/bin/../lib/gcc/avr/4.3.3/avr5\libgcc.a(_umoddi3.o)
 .debug_ranges  0x00000030       0x50 d:/embedded tools/02-avr tools/03-imt sdk/03- imt sdk/imt_sdk_win_64/winavr/bin/../lib/gcc/avr/4.3.3/avr5\libgcc.a(_mul_sf.o)
